/home/gsorrentino/projects/voted_hdl/voted/fpga/_x/s2mm_hw_emu/s2mm/s2mm/solution/.autopilot/db/s2mm.pp.0.cpp:1834:7: warning: Added loop label VITIS_LOOP_1213_1:   [xilinx-label-all-loops]
      for (i = 0; i < __N - 1; ++i) {
      ^~~
      VITIS_LOOP_1213_1: 
/home/gsorrentino/projects/voted_hdl/voted/fpga/_x/s2mm_hw_emu/s2mm/s2mm/solution/.autopilot/db/s2mm.pp.0.cpp:1834:7: note: FIX-IT applied suggested code changes
/home/gsorrentino/projects/voted_hdl/voted/fpga/_x/s2mm_hw_emu/s2mm/s2mm/solution/.autopilot/db/s2mm.pp.0.cpp:2808:5: warning: Added loop label VITIS_LOOP_676_1:   [xilinx-label-all-loops]
    for (unsigned i = low; i != high; ++i) {
    ^~~
    VITIS_LOOP_676_1: 
/home/gsorrentino/projects/voted_hdl/voted/fpga/_x/s2mm_hw_emu/s2mm/s2mm/solution/.autopilot/db/s2mm.pp.0.cpp:2808:5: note: FIX-IT applied suggested code changes
/home/gsorrentino/projects/voted_hdl/voted/fpga/_x/s2mm_hw_emu/s2mm/s2mm/solution/.autopilot/db/s2mm.pp.0.cpp:2822:5: warning: Added loop label VITIS_LOOP_690_1:   [xilinx-label-all-loops]
    for (unsigned i = low; i != high; ++i) {
    ^~~
    VITIS_LOOP_690_1: 
/home/gsorrentino/projects/voted_hdl/voted/fpga/_x/s2mm_hw_emu/s2mm/s2mm/solution/.autopilot/db/s2mm.pp.0.cpp:2822:5: note: FIX-IT applied suggested code changes
/home/gsorrentino/projects/voted_hdl/voted/fpga/_x/s2mm_hw_emu/s2mm/s2mm/solution/.autopilot/db/s2mm.pp.0.cpp:2836:5: warning: Added loop label VITIS_LOOP_704_1:   [xilinx-label-all-loops]
    for (unsigned i = low; i != high; ++i) {
    ^~~
    VITIS_LOOP_704_1: 
/home/gsorrentino/projects/voted_hdl/voted/fpga/_x/s2mm_hw_emu/s2mm/s2mm/solution/.autopilot/db/s2mm.pp.0.cpp:2836:5: note: FIX-IT applied suggested code changes
/home/gsorrentino/projects/voted_hdl/voted/fpga/_x/s2mm_hw_emu/s2mm/s2mm/solution/.autopilot/db/s2mm.pp.0.cpp:4447:7: warning: Added loop label VITIS_LOOP_1247_1:   [xilinx-label-all-loops]
      for (i = 0; i < __N - 1; ++i) {
      ^~~
      VITIS_LOOP_1247_1: 
/home/gsorrentino/projects/voted_hdl/voted/fpga/_x/s2mm_hw_emu/s2mm/s2mm/solution/.autopilot/db/s2mm.pp.0.cpp:4447:7: note: FIX-IT applied suggested code changes
/home/gsorrentino/projects/voted_hdl/voted/fpga/_x/s2mm_hw_emu/s2mm/s2mm/solution/.autopilot/db/s2mm.pp.0.cpp:16274:72: error: Invalid Directive: for current device, ROM_1P + LUTRAM is invalid combination for BIND_STORAGE's option 'type + impl' [clang-diagnostic-error]
#pragma HLS BIND_STORAGE variable=fourth_order_double::sin_cos_K0 type=ROM_1P impl=LUTRAM
                                                                       ^
/home/gsorrentino/projects/voted_hdl/voted/fpga/_x/s2mm_hw_emu/s2mm/s2mm/solution/.autopilot/db/s2mm.pp.0.cpp:16275:72: error: Invalid Directive: for current device, ROM_1P + LUTRAM is invalid combination for BIND_STORAGE's option 'type + impl' [clang-diagnostic-error]
#pragma HLS BIND_STORAGE variable=fourth_order_double::sin_cos_K1 type=ROM_1P impl=LUTRAM
                                                                       ^
/home/gsorrentino/projects/voted_hdl/voted/fpga/_x/s2mm_hw_emu/s2mm/s2mm/solution/.autopilot/db/s2mm.pp.0.cpp:16276:72: error: Invalid Directive: for current device, ROM_1P + LUTRAM is invalid combination for BIND_STORAGE's option 'type + impl' [clang-diagnostic-error]
#pragma HLS BIND_STORAGE variable=fourth_order_double::sin_cos_K2 type=ROM_1P impl=LUTRAM
                                                                       ^
/home/gsorrentino/projects/voted_hdl/voted/fpga/_x/s2mm_hw_emu/s2mm/s2mm/solution/.autopilot/db/s2mm.pp.0.cpp:16277:72: error: Invalid Directive: for current device, ROM_1P + LUTRAM is invalid combination for BIND_STORAGE's option 'type + impl' [clang-diagnostic-error]
#pragma HLS BIND_STORAGE variable=fourth_order_double::sin_cos_K3 type=ROM_1P impl=LUTRAM
                                                                       ^
/home/gsorrentino/projects/voted_hdl/voted/fpga/_x/s2mm_hw_emu/s2mm/s2mm/solution/.autopilot/db/s2mm.pp.0.cpp:16278:72: error: Invalid Directive: for current device, ROM_1P + LUTRAM is invalid combination for BIND_STORAGE's option 'type + impl' [clang-diagnostic-error]
#pragma HLS BIND_STORAGE variable=fourth_order_double::sin_cos_K4 type=ROM_1P impl=LUTRAM
                                                                       ^
/home/gsorrentino/projects/voted_hdl/voted/fpga/_x/s2mm_hw_emu/s2mm/s2mm/solution/.autopilot/db/s2mm.pp.0.cpp:16308:68: error: Invalid Directive: for current device, ROM_1P + LUTRAM is invalid combination for BIND_STORAGE's option 'type + impl' [clang-diagnostic-error]
#pragma HLS BIND_STORAGE variable=fourth_order_double::cos_K0 type=ROM_1P impl=LUTRAM
                                                                   ^
/home/gsorrentino/projects/voted_hdl/voted/fpga/_x/s2mm_hw_emu/s2mm/s2mm/solution/.autopilot/db/s2mm.pp.0.cpp:16309:68: error: Invalid Directive: for current device, ROM_1P + LUTRAM is invalid combination for BIND_STORAGE's option 'type + impl' [clang-diagnostic-error]
#pragma HLS BIND_STORAGE variable=fourth_order_double::cos_K1 type=ROM_1P impl=LUTRAM
                                                                   ^
/home/gsorrentino/projects/voted_hdl/voted/fpga/_x/s2mm_hw_emu/s2mm/s2mm/solution/.autopilot/db/s2mm.pp.0.cpp:16310:68: error: Invalid Directive: for current device, ROM_1P + LUTRAM is invalid combination for BIND_STORAGE's option 'type + impl' [clang-diagnostic-error]
#pragma HLS BIND_STORAGE variable=fourth_order_double::cos_K2 type=ROM_1P impl=LUTRAM
                                                                   ^
/home/gsorrentino/projects/voted_hdl/voted/fpga/_x/s2mm_hw_emu/s2mm/s2mm/solution/.autopilot/db/s2mm.pp.0.cpp:16311:68: error: Invalid Directive: for current device, ROM_1P + LUTRAM is invalid combination for BIND_STORAGE's option 'type + impl' [clang-diagnostic-error]
#pragma HLS BIND_STORAGE variable=fourth_order_double::cos_K3 type=ROM_1P impl=LUTRAM
                                                                   ^
/home/gsorrentino/projects/voted_hdl/voted/fpga/_x/s2mm_hw_emu/s2mm/s2mm/solution/.autopilot/db/s2mm.pp.0.cpp:16312:68: error: Invalid Directive: for current device, ROM_1P + LUTRAM is invalid combination for BIND_STORAGE's option 'type + impl' [clang-diagnostic-error]
#pragma HLS BIND_STORAGE variable=fourth_order_double::cos_K4 type=ROM_1P impl=LUTRAM
                                                                   ^
/home/gsorrentino/projects/voted_hdl/voted/fpga/_x/s2mm_hw_emu/s2mm/s2mm/solution/.autopilot/db/s2mm.pp.0.cpp:16313:68: error: Invalid Directive: for current device, ROM_1P + LUTRAM is invalid combination for BIND_STORAGE's option 'type + impl' [clang-diagnostic-error]
#pragma HLS BIND_STORAGE variable=fourth_order_double::sin_K0 type=ROM_1P impl=LUTRAM
                                                                   ^
/home/gsorrentino/projects/voted_hdl/voted/fpga/_x/s2mm_hw_emu/s2mm/s2mm/solution/.autopilot/db/s2mm.pp.0.cpp:16314:68: error: Invalid Directive: for current device, ROM_1P + LUTRAM is invalid combination for BIND_STORAGE's option 'type + impl' [clang-diagnostic-error]
#pragma HLS BIND_STORAGE variable=fourth_order_double::sin_K1 type=ROM_1P impl=LUTRAM
                                                                   ^
/home/gsorrentino/projects/voted_hdl/voted/fpga/_x/s2mm_hw_emu/s2mm/s2mm/solution/.autopilot/db/s2mm.pp.0.cpp:16315:68: error: Invalid Directive: for current device, ROM_1P + LUTRAM is invalid combination for BIND_STORAGE's option 'type + impl' [clang-diagnostic-error]
#pragma HLS BIND_STORAGE variable=fourth_order_double::sin_K2 type=ROM_1P impl=LUTRAM
                                                                   ^
/home/gsorrentino/projects/voted_hdl/voted/fpga/_x/s2mm_hw_emu/s2mm/s2mm/solution/.autopilot/db/s2mm.pp.0.cpp:16316:68: error: Invalid Directive: for current device, ROM_1P + LUTRAM is invalid combination for BIND_STORAGE's option 'type + impl' [clang-diagnostic-error]
#pragma HLS BIND_STORAGE variable=fourth_order_double::sin_K3 type=ROM_1P impl=LUTRAM
                                                                   ^
/home/gsorrentino/projects/voted_hdl/voted/fpga/_x/s2mm_hw_emu/s2mm/s2mm/solution/.autopilot/db/s2mm.pp.0.cpp:16317:68: error: Invalid Directive: for current device, ROM_1P + LUTRAM is invalid combination for BIND_STORAGE's option 'type + impl' [clang-diagnostic-error]
#pragma HLS BIND_STORAGE variable=fourth_order_double::sin_K4 type=ROM_1P impl=LUTRAM
                                                                   ^
/home/gsorrentino/projects/voted_hdl/voted/fpga/_x/s2mm_hw_emu/s2mm/s2mm/solution/.autopilot/db/s2mm.pp.0.cpp:16367:71: error: Invalid Directive: for current device, ROM_1P + LUTRAM is invalid combination for BIND_STORAGE's option 'type + impl' [clang-diagnostic-error]
#pragma HLS BIND_STORAGE variable=second_order_float::sin_cos_K0 type=ROM_1P impl=LUTRAM
                                                                      ^
/home/gsorrentino/projects/voted_hdl/voted/fpga/_x/s2mm_hw_emu/s2mm/s2mm/solution/.autopilot/db/s2mm.pp.0.cpp:16368:71: error: Invalid Directive: for current device, ROM_1P + LUTRAM is invalid combination for BIND_STORAGE's option 'type + impl' [clang-diagnostic-error]
#pragma HLS BIND_STORAGE variable=second_order_float::sin_cos_K1 type=ROM_1P impl=LUTRAM
                                                                      ^
/home/gsorrentino/projects/voted_hdl/voted/fpga/_x/s2mm_hw_emu/s2mm/s2mm/solution/.autopilot/db/s2mm.pp.0.cpp:16369:71: error: Invalid Directive: for current device, ROM_1P + LUTRAM is invalid combination for BIND_STORAGE's option 'type + impl' [clang-diagnostic-error]
#pragma HLS BIND_STORAGE variable=second_order_float::sin_cos_K2 type=ROM_1P impl=LUTRAM
                                                                      ^
/home/gsorrentino/projects/voted_hdl/voted/fpga/_x/s2mm_hw_emu/s2mm/s2mm/solution/.autopilot/db/s2mm.pp.0.cpp:16396:67: error: Invalid Directive: for current device, ROM_1P + LUTRAM is invalid combination for BIND_STORAGE's option 'type + impl' [clang-diagnostic-error]
#pragma HLS BIND_STORAGE variable=second_order_float::cos_K0 type=ROM_1P impl=LUTRAM
                                                                  ^
/home/gsorrentino/projects/voted_hdl/voted/fpga/_x/s2mm_hw_emu/s2mm/s2mm/solution/.autopilot/db/s2mm.pp.0.cpp:16397:67: error: Invalid Directive: for current device, ROM_1P + LUTRAM is invalid combination for BIND_STORAGE's option 'type + impl' [clang-diagnostic-error]
#pragma HLS BIND_STORAGE variable=second_order_float::cos_K1 type=ROM_1P impl=LUTRAM
                                                                  ^
/home/gsorrentino/projects/voted_hdl/voted/fpga/_x/s2mm_hw_emu/s2mm/s2mm/solution/.autopilot/db/s2mm.pp.0.cpp:16398:67: error: Invalid Directive: for current device, ROM_1P + LUTRAM is invalid combination for BIND_STORAGE's option 'type + impl' [clang-diagnostic-error]
#pragma HLS BIND_STORAGE variable=second_order_float::cos_K2 type=ROM_1P impl=LUTRAM
                                                                  ^
/home/gsorrentino/projects/voted_hdl/voted/fpga/_x/s2mm_hw_emu/s2mm/s2mm/solution/.autopilot/db/s2mm.pp.0.cpp:16399:67: error: Invalid Directive: for current device, ROM_1P + LUTRAM is invalid combination for BIND_STORAGE's option 'type + impl' [clang-diagnostic-error]
#pragma HLS BIND_STORAGE variable=second_order_float::sin_K0 type=ROM_1P impl=LUTRAM
                                                                  ^
/home/gsorrentino/projects/voted_hdl/voted/fpga/_x/s2mm_hw_emu/s2mm/s2mm/solution/.autopilot/db/s2mm.pp.0.cpp:16400:67: error: Invalid Directive: for current device, ROM_1P + LUTRAM is invalid combination for BIND_STORAGE's option 'type + impl' [clang-diagnostic-error]
#pragma HLS BIND_STORAGE variable=second_order_float::sin_K1 type=ROM_1P impl=LUTRAM
                                                                  ^
/home/gsorrentino/projects/voted_hdl/voted/fpga/_x/s2mm_hw_emu/s2mm/s2mm/solution/.autopilot/db/s2mm.pp.0.cpp:16401:67: error: Invalid Directive: for current device, ROM_1P + LUTRAM is invalid combination for BIND_STORAGE's option 'type + impl' [clang-diagnostic-error]
#pragma HLS BIND_STORAGE variable=second_order_float::sin_K2 type=ROM_1P impl=LUTRAM
                                                                  ^
/home/gsorrentino/projects/voted_hdl/voted/fpga/_x/s2mm_hw_emu/s2mm/s2mm/solution/.autopilot/db/s2mm.pp.0.cpp:16437:73: error: Invalid Directive: for current device, ROM_1P + LUTRAM is invalid combination for BIND_STORAGE's option 'type + impl' [clang-diagnostic-error]
#pragma HLS BIND_STORAGE variable=first_order_fixed_16::sin_cos_K0 type=ROM_1P impl=LUTRAM
                                                                        ^
/home/gsorrentino/projects/voted_hdl/voted/fpga/_x/s2mm_hw_emu/s2mm/s2mm/solution/.autopilot/db/s2mm.pp.0.cpp:16438:73: error: Invalid Directive: for current device, ROM_1P + LUTRAM is invalid combination for BIND_STORAGE's option 'type + impl' [clang-diagnostic-error]
#pragma HLS BIND_STORAGE variable=first_order_fixed_16::sin_cos_K1 type=ROM_1P impl=LUTRAM
                                                                        ^
/home/gsorrentino/projects/voted_hdl/voted/fpga/_x/s2mm_hw_emu/s2mm/s2mm/solution/.autopilot/db/s2mm.pp.0.cpp:16712:5: warning: Added loop label VITIS_LOOP_87_1:   [xilinx-label-all-loops]
    for (int n=0; n<Nmax; n++){
    ^~~
    VITIS_LOOP_87_1: 
/home/gsorrentino/projects/voted_hdl/voted/fpga/_x/s2mm_hw_emu/s2mm/s2mm/solution/.autopilot/db/s2mm.pp.0.cpp:16712:5: note: FIX-IT applied suggested code changes
/home/gsorrentino/projects/voted_hdl/voted/fpga/_x/s2mm_hw_emu/s2mm/s2mm/solution/.autopilot/db/s2mm.pp.0.cpp:16758:5: warning: Added loop label VITIS_LOOP_143_1:   [xilinx-label-all-loops]
    for (int n=0; n<Nmax; n++){
    ^~~
    VITIS_LOOP_143_1: 
/home/gsorrentino/projects/voted_hdl/voted/fpga/_x/s2mm_hw_emu/s2mm/s2mm/solution/.autopilot/db/s2mm.pp.0.cpp:16758:5: note: FIX-IT applied suggested code changes
/home/gsorrentino/projects/voted_hdl/voted/fpga/_x/s2mm_hw_emu/s2mm/s2mm/solution/.autopilot/db/s2mm.pp.0.cpp:16921:9: warning: Added loop label VITIS_LOOP_315_1:   [xilinx-label-all-loops]
        for(int i=0;i<W-1;i++){
        ^~~
        VITIS_LOOP_315_1: 
/home/gsorrentino/projects/voted_hdl/voted/fpga/_x/s2mm_hw_emu/s2mm/s2mm/solution/.autopilot/db/s2mm.pp.0.cpp:16921:9: note: FIX-IT applied suggested code changes
/home/gsorrentino/projects/voted_hdl/voted/fpga/_x/s2mm_hw_emu/s2mm/s2mm/solution/.autopilot/db/s2mm.pp.0.cpp:17073:9: warning: Added loop label VITIS_LOOP_475_1:   [xilinx-label-all-loops]
        for(int i=0;i<W-1;i++){
        ^~~
        VITIS_LOOP_475_1: 
/home/gsorrentino/projects/voted_hdl/voted/fpga/_x/s2mm_hw_emu/s2mm/s2mm/solution/.autopilot/db/s2mm.pp.0.cpp:17073:9: note: FIX-IT applied suggested code changes
/home/gsorrentino/projects/voted_hdl/voted/fpga/_x/s2mm_hw_emu/s2mm/s2mm/solution/.autopilot/db/s2mm.pp.0.cpp:17253:5: warning: Added loop label VITIS_LOOP_655_1:   [xilinx-label-all-loops]
    for(int i=0;i<W+1;i++){
    ^~~
    VITIS_LOOP_655_1: 
/home/gsorrentino/projects/voted_hdl/voted/fpga/_x/s2mm_hw_emu/s2mm/s2mm/solution/.autopilot/db/s2mm.pp.0.cpp:17253:5: note: FIX-IT applied suggested code changes
/home/gsorrentino/projects/voted_hdl/voted/fpga/_x/s2mm_hw_emu/s2mm/s2mm/solution/.autopilot/db/s2mm.pp.0.cpp:17257:5: warning: Added loop label VITIS_LOOP_659_2:   [xilinx-label-all-loops]
    for(int i=0;i<W+1;i++){
    ^~~
    VITIS_LOOP_659_2: 
/home/gsorrentino/projects/voted_hdl/voted/fpga/_x/s2mm_hw_emu/s2mm/s2mm/solution/.autopilot/db/s2mm.pp.0.cpp:17257:5: note: FIX-IT applied suggested code changes
/home/gsorrentino/projects/voted_hdl/voted/fpga/_x/s2mm_hw_emu/s2mm/s2mm/solution/.autopilot/db/s2mm.pp.0.cpp:17367:5: warning: Added loop label VITIS_LOOP_769_1:   [xilinx-label-all-loops]
    for (int n=0; n<Nmax; n++){
    ^~~
    VITIS_LOOP_769_1: 
/home/gsorrentino/projects/voted_hdl/voted/fpga/_x/s2mm_hw_emu/s2mm/s2mm/solution/.autopilot/db/s2mm.pp.0.cpp:17367:5: note: FIX-IT applied suggested code changes
/home/gsorrentino/projects/voted_hdl/voted/fpga/_x/s2mm_hw_emu/s2mm/s2mm/solution/.autopilot/db/s2mm.pp.0.cpp:17457:7: warning: Added loop label VITIS_LOOP_866_1:   [xilinx-label-all-loops]
      for(int i=0;i<W-1;i++){
      ^~~
      VITIS_LOOP_866_1: 
/home/gsorrentino/projects/voted_hdl/voted/fpga/_x/s2mm_hw_emu/s2mm/s2mm/solution/.autopilot/db/s2mm.pp.0.cpp:17457:7: note: FIX-IT applied suggested code changes
/home/gsorrentino/projects/voted_hdl/voted/fpga/_x/s2mm_hw_emu/s2mm/s2mm/solution/.autopilot/db/s2mm.pp.0.cpp:17476:7: warning: Added loop label VITIS_LOOP_885_2:   [xilinx-label-all-loops]
      for(int i=0;i<W-1;i++){
      ^~~
      VITIS_LOOP_885_2: 
/home/gsorrentino/projects/voted_hdl/voted/fpga/_x/s2mm_hw_emu/s2mm/s2mm/solution/.autopilot/db/s2mm.pp.0.cpp:17476:7: note: FIX-IT applied suggested code changes
/home/gsorrentino/projects/voted_hdl/voted/fpga/_x/s2mm_hw_emu/s2mm/s2mm/solution/.autopilot/db/s2mm.pp.0.cpp:17766:5: warning: Added loop label VITIS_LOOP_1199_1:   [xilinx-label-all-loops]
    for(int i=0; i<Nmax; i++) {
    ^~~
    VITIS_LOOP_1199_1: 
/home/gsorrentino/projects/voted_hdl/voted/fpga/_x/s2mm_hw_emu/s2mm/s2mm/solution/.autopilot/db/s2mm.pp.0.cpp:17766:5: note: FIX-IT applied suggested code changes
/home/gsorrentino/projects/voted_hdl/voted/fpga/_x/s2mm_hw_emu/s2mm/s2mm/solution/.autopilot/db/s2mm.pp.0.cpp:17849:5: warning: Added loop label VITIS_LOOP_1282_1:   [xilinx-label-all-loops]
    for(int i=0; i<Nmax; i++) {
    ^~~
    VITIS_LOOP_1282_1: 
/home/gsorrentino/projects/voted_hdl/voted/fpga/_x/s2mm_hw_emu/s2mm/s2mm/solution/.autopilot/db/s2mm.pp.0.cpp:17849:5: note: FIX-IT applied suggested code changes
/home/gsorrentino/projects/voted_hdl/voted/fpga/_x/s2mm_hw_emu/s2mm/s2mm/solution/.autopilot/db/s2mm.pp.0.cpp:18255:13: warning: Added loop label VITIS_LOOP_94_1:   [xilinx-label-all-loops]
            for (int j = 3; j >= I_+1; j--) {
            ^~~
            VITIS_LOOP_94_1: 
/home/gsorrentino/projects/voted_hdl/voted/fpga/_x/s2mm_hw_emu/s2mm/s2mm/solution/.autopilot/db/s2mm.pp.0.cpp:18255:13: note: FIX-IT applied suggested code changes
/home/gsorrentino/projects/voted_hdl/voted/fpga/_x/s2mm_hw_emu/s2mm/s2mm/solution/.autopilot/db/s2mm.pp.0.cpp:18261:17: warning: Added loop label VITIS_LOOP_100_2:   [xilinx-label-all-loops]
                for (int j = 3; j >= I_+1; j--){
                ^~~
                VITIS_LOOP_100_2: 
/home/gsorrentino/projects/voted_hdl/voted/fpga/_x/s2mm_hw_emu/s2mm/s2mm/solution/.autopilot/db/s2mm.pp.0.cpp:18261:17: note: FIX-IT applied suggested code changes
/home/gsorrentino/projects/voted_hdl/voted/fpga/_x/s2mm_hw_emu/s2mm/s2mm/solution/.autopilot/db/s2mm.pp.0.cpp:18265:17: warning: Added loop label VITIS_LOOP_104_3:   [xilinx-label-all-loops]
                for (int j = I_; j >= 0; j--){
                ^~~
                VITIS_LOOP_104_3: 
/home/gsorrentino/projects/voted_hdl/voted/fpga/_x/s2mm_hw_emu/s2mm/s2mm/solution/.autopilot/db/s2mm.pp.0.cpp:18265:17: note: FIX-IT applied suggested code changes
/home/gsorrentino/projects/voted_hdl/voted/fpga/_x/s2mm_hw_emu/s2mm/s2mm/solution/.autopilot/db/s2mm.pp.0.cpp:18313:13: warning: Added loop label VITIS_LOOP_171_4:   [xilinx-label-all-loops]
            for (int j = 9; j >= I_+4; j--) {
            ^~~
            VITIS_LOOP_171_4: 
/home/gsorrentino/projects/voted_hdl/voted/fpga/_x/s2mm_hw_emu/s2mm/s2mm/solution/.autopilot/db/s2mm.pp.0.cpp:18313:13: note: FIX-IT applied suggested code changes
/home/gsorrentino/projects/voted_hdl/voted/fpga/_x/s2mm_hw_emu/s2mm/s2mm/solution/.autopilot/db/s2mm.pp.0.cpp:18319:17: warning: Added loop label VITIS_LOOP_177_5:   [xilinx-label-all-loops]
                for (int j = 9; j >= I_+4; j--){
                ^~~
                VITIS_LOOP_177_5: 
/home/gsorrentino/projects/voted_hdl/voted/fpga/_x/s2mm_hw_emu/s2mm/s2mm/solution/.autopilot/db/s2mm.pp.0.cpp:18319:17: note: FIX-IT applied suggested code changes
/home/gsorrentino/projects/voted_hdl/voted/fpga/_x/s2mm_hw_emu/s2mm/s2mm/solution/.autopilot/db/s2mm.pp.0.cpp:18323:17: warning: Added loop label VITIS_LOOP_181_6:   [xilinx-label-all-loops]
                for (int j = I_+3; j >= 0; j--){
                ^~~
                VITIS_LOOP_181_6: 
/home/gsorrentino/projects/voted_hdl/voted/fpga/_x/s2mm_hw_emu/s2mm/s2mm/solution/.autopilot/db/s2mm.pp.0.cpp:18323:17: note: FIX-IT applied suggested code changes
/home/gsorrentino/projects/voted_hdl/voted/fpga/_x/s2mm_hw_emu/s2mm/s2mm/solution/.autopilot/db/s2mm.pp.0.cpp:18338:9: warning: Added loop label VITIS_LOOP_196_7:   [xilinx-label-all-loops]
        for (int j = 14; j < 22; j++){
        ^~~
        VITIS_LOOP_196_7: 
/home/gsorrentino/projects/voted_hdl/voted/fpga/_x/s2mm_hw_emu/s2mm/s2mm/solution/.autopilot/db/s2mm.pp.0.cpp:18338:9: note: FIX-IT applied suggested code changes
/home/gsorrentino/projects/voted_hdl/voted/fpga/_x/s2mm_hw_emu/s2mm/s2mm/solution/.autopilot/db/s2mm.pp.0.cpp:18346:17: warning: Added loop label VITIS_LOOP_204_8:   [xilinx-label-all-loops]
                for (int j = 0; j < 22; j++){
                ^~~
                VITIS_LOOP_204_8: 
/home/gsorrentino/projects/voted_hdl/voted/fpga/_x/s2mm_hw_emu/s2mm/s2mm/solution/.autopilot/db/s2mm.pp.0.cpp:18346:17: note: FIX-IT applied suggested code changes
/home/gsorrentino/projects/voted_hdl/voted/fpga/_x/s2mm_hw_emu/s2mm/s2mm/solution/.autopilot/db/s2mm.pp.0.cpp:18411:13: warning: Added loop label VITIS_LOOP_269_9:   [xilinx-label-all-loops]
            for (int j = 21; j >= I_+10; j--) {
            ^~~
            VITIS_LOOP_269_9: 
/home/gsorrentino/projects/voted_hdl/voted/fpga/_x/s2mm_hw_emu/s2mm/s2mm/solution/.autopilot/db/s2mm.pp.0.cpp:18411:13: note: FIX-IT applied suggested code changes
/home/gsorrentino/projects/voted_hdl/voted/fpga/_x/s2mm_hw_emu/s2mm/s2mm/solution/.autopilot/db/s2mm.pp.0.cpp:18417:17: warning: Added loop label VITIS_LOOP_275_10:   [xilinx-label-all-loops]
                for (int j = 21; j >= I_+10; j--) {
                ^~~
                VITIS_LOOP_275_10: 
/home/gsorrentino/projects/voted_hdl/voted/fpga/_x/s2mm_hw_emu/s2mm/s2mm/solution/.autopilot/db/s2mm.pp.0.cpp:18417:17: note: FIX-IT applied suggested code changes
/home/gsorrentino/projects/voted_hdl/voted/fpga/_x/s2mm_hw_emu/s2mm/s2mm/solution/.autopilot/db/s2mm.pp.0.cpp:18421:17: warning: Added loop label VITIS_LOOP_279_11:   [xilinx-label-all-loops]
                for (int j = I_+9; j >= 0; j--) {
                ^~~
                VITIS_LOOP_279_11: 
/home/gsorrentino/projects/voted_hdl/voted/fpga/_x/s2mm_hw_emu/s2mm/s2mm/solution/.autopilot/db/s2mm.pp.0.cpp:18421:17: note: FIX-IT applied suggested code changes
/home/gsorrentino/projects/voted_hdl/voted/fpga/_x/s2mm_hw_emu/s2mm/s2mm/solution/.autopilot/db/s2mm.pp.0.cpp:18436:9: warning: Added loop label VITIS_LOOP_294_12:   [xilinx-label-all-loops]
        for (int j = 27; j < 46; j++){
        ^~~
        VITIS_LOOP_294_12: 
/home/gsorrentino/projects/voted_hdl/voted/fpga/_x/s2mm_hw_emu/s2mm/s2mm/solution/.autopilot/db/s2mm.pp.0.cpp:18436:9: note: FIX-IT applied suggested code changes
/home/gsorrentino/projects/voted_hdl/voted/fpga/_x/s2mm_hw_emu/s2mm/s2mm/solution/.autopilot/db/s2mm.pp.0.cpp:18444:17: warning: Added loop label VITIS_LOOP_302_13:   [xilinx-label-all-loops]
                for (int j = 0; j < 46; j++) {
                ^~~
                VITIS_LOOP_302_13: 
/home/gsorrentino/projects/voted_hdl/voted/fpga/_x/s2mm_hw_emu/s2mm/s2mm/solution/.autopilot/db/s2mm.pp.0.cpp:18444:17: note: FIX-IT applied suggested code changes
/home/gsorrentino/projects/voted_hdl/voted/fpga/_x/s2mm_hw_emu/s2mm/s2mm/solution/.autopilot/db/s2mm.pp.0.cpp:18673:13: warning: Added loop label VITIS_LOOP_531_14:   [xilinx-label-all-loops]
            for (int j = 45; j >= I_+22; j--) {
            ^~~
            VITIS_LOOP_531_14: 
/home/gsorrentino/projects/voted_hdl/voted/fpga/_x/s2mm_hw_emu/s2mm/s2mm/solution/.autopilot/db/s2mm.pp.0.cpp:18673:13: note: FIX-IT applied suggested code changes
/home/gsorrentino/projects/voted_hdl/voted/fpga/_x/s2mm_hw_emu/s2mm/s2mm/solution/.autopilot/db/s2mm.pp.0.cpp:18679:17: warning: Added loop label VITIS_LOOP_537_15:   [xilinx-label-all-loops]
                for (int j = 45; j >= I_+22; j--){
                ^~~
                VITIS_LOOP_537_15: 
/home/gsorrentino/projects/voted_hdl/voted/fpga/_x/s2mm_hw_emu/s2mm/s2mm/solution/.autopilot/db/s2mm.pp.0.cpp:18679:17: note: FIX-IT applied suggested code changes
/home/gsorrentino/projects/voted_hdl/voted/fpga/_x/s2mm_hw_emu/s2mm/s2mm/solution/.autopilot/db/s2mm.pp.0.cpp:18683:17: warning: Added loop label VITIS_LOOP_541_16:   [xilinx-label-all-loops]
                for (int j = I_+21; j >= 0; j--) {
                ^~~
                VITIS_LOOP_541_16: 
/home/gsorrentino/projects/voted_hdl/voted/fpga/_x/s2mm_hw_emu/s2mm/s2mm/solution/.autopilot/db/s2mm.pp.0.cpp:18683:17: note: FIX-IT applied suggested code changes
/home/gsorrentino/projects/voted_hdl/voted/fpga/_x/s2mm_hw_emu/s2mm/s2mm/solution/.autopilot/db/s2mm.pp.0.cpp:18693:9: warning: Added loop label VITIS_LOOP_551_17:   [xilinx-label-all-loops]
        for (int j = 32-F_; j < 32+I_; j++){
        ^~~
        VITIS_LOOP_551_17: 
/home/gsorrentino/projects/voted_hdl/voted/fpga/_x/s2mm_hw_emu/s2mm/s2mm/solution/.autopilot/db/s2mm.pp.0.cpp:18693:9: note: FIX-IT applied suggested code changes
/home/gsorrentino/projects/voted_hdl/voted/fpga/_x/s2mm_hw_emu/s2mm/s2mm/solution/.autopilot/db/s2mm.pp.0.cpp:18697:9: warning: Added loop label VITIS_LOOP_555_18:   [xilinx-label-all-loops]
        for (int j = 32+I_; j <= 64; j++){
        ^~~
        VITIS_LOOP_555_18: 
/home/gsorrentino/projects/voted_hdl/voted/fpga/_x/s2mm_hw_emu/s2mm/s2mm/solution/.autopilot/db/s2mm.pp.0.cpp:18697:9: note: FIX-IT applied suggested code changes
/home/gsorrentino/projects/voted_hdl/voted/fpga/_x/s2mm_hw_emu/s2mm/s2mm/solution/.autopilot/db/s2mm.pp.0.cpp:18707:9: warning: Added loop label VITIS_LOOP_565_19:   [xilinx-label-all-loops]
        for (int j = 37; j < 64; j++) {
        ^~~
        VITIS_LOOP_565_19: 
/home/gsorrentino/projects/voted_hdl/voted/fpga/_x/s2mm_hw_emu/s2mm/s2mm/solution/.autopilot/db/s2mm.pp.0.cpp:18707:9: note: FIX-IT applied suggested code changes
/home/gsorrentino/projects/voted_hdl/voted/fpga/_x/s2mm_hw_emu/s2mm/s2mm/solution/.autopilot/db/s2mm.pp.0.cpp:18715:17: warning: Added loop label VITIS_LOOP_573_20:   [xilinx-label-all-loops]
                for (int j = 0; j < 64; j++){
                ^~~
                VITIS_LOOP_573_20: 
/home/gsorrentino/projects/voted_hdl/voted/fpga/_x/s2mm_hw_emu/s2mm/s2mm/solution/.autopilot/db/s2mm.pp.0.cpp:18715:17: note: FIX-IT applied suggested code changes
/home/gsorrentino/projects/voted_hdl/voted/fpga/_x/s2mm_hw_emu/s2mm/s2mm/solution/.autopilot/db/s2mm.pp.0.cpp:19076:13: warning: Added loop label VITIS_LOOP_934_21:   [xilinx-label-all-loops]
            for (int j = 63; j >= I_+31; j--) {
            ^~~
            VITIS_LOOP_934_21: 
/home/gsorrentino/projects/voted_hdl/voted/fpga/_x/s2mm_hw_emu/s2mm/s2mm/solution/.autopilot/db/s2mm.pp.0.cpp:19076:13: note: FIX-IT applied suggested code changes
/home/gsorrentino/projects/voted_hdl/voted/fpga/_x/s2mm_hw_emu/s2mm/s2mm/solution/.autopilot/db/s2mm.pp.0.cpp:19082:17: warning: Added loop label VITIS_LOOP_940_22:   [xilinx-label-all-loops]
                for (int j = 63; j >= I_+31; j--) {
                ^~~
                VITIS_LOOP_940_22: 
/home/gsorrentino/projects/voted_hdl/voted/fpga/_x/s2mm_hw_emu/s2mm/s2mm/solution/.autopilot/db/s2mm.pp.0.cpp:19082:17: note: FIX-IT applied suggested code changes
/home/gsorrentino/projects/voted_hdl/voted/fpga/_x/s2mm_hw_emu/s2mm/s2mm/solution/.autopilot/db/s2mm.pp.0.cpp:19086:17: warning: Added loop label VITIS_LOOP_944_23:   [xilinx-label-all-loops]
                for (int j = I_+30; j >= 0; j--) {
                ^~~
                VITIS_LOOP_944_23: 
/home/gsorrentino/projects/voted_hdl/voted/fpga/_x/s2mm_hw_emu/s2mm/s2mm/solution/.autopilot/db/s2mm.pp.0.cpp:19086:17: note: FIX-IT applied suggested code changes
/home/gsorrentino/projects/voted_hdl/voted/fpga/_x/s2mm_hw_emu/s2mm/s2mm/solution/.autopilot/db/s2mm.pp.0.cpp:19202:13: warning: Added loop label VITIS_LOOP_1060_1:   [xilinx-label-all-loops]
            for (int j = 4; j >= I_+1; j--) {
            ^~~
            VITIS_LOOP_1060_1: 
/home/gsorrentino/projects/voted_hdl/voted/fpga/_x/s2mm_hw_emu/s2mm/s2mm/solution/.autopilot/db/s2mm.pp.0.cpp:19202:13: note: FIX-IT applied suggested code changes
/home/gsorrentino/projects/voted_hdl/voted/fpga/_x/s2mm_hw_emu/s2mm/s2mm/solution/.autopilot/db/s2mm.pp.0.cpp:19208:17: warning: Added loop label VITIS_LOOP_1066_2:   [xilinx-label-all-loops]
                for (int j = 4; j >= I_+1; j--) {
                ^~~
                VITIS_LOOP_1066_2: 
/home/gsorrentino/projects/voted_hdl/voted/fpga/_x/s2mm_hw_emu/s2mm/s2mm/solution/.autopilot/db/s2mm.pp.0.cpp:19208:17: note: FIX-IT applied suggested code changes
/home/gsorrentino/projects/voted_hdl/voted/fpga/_x/s2mm_hw_emu/s2mm/s2mm/solution/.autopilot/db/s2mm.pp.0.cpp:19212:17: warning: Added loop label VITIS_LOOP_1070_3:   [xilinx-label-all-loops]
                for (int j = I_; j >= 0; j--) {
                ^~~
                VITIS_LOOP_1070_3: 
/home/gsorrentino/projects/voted_hdl/voted/fpga/_x/s2mm_hw_emu/s2mm/s2mm/solution/.autopilot/db/s2mm.pp.0.cpp:19212:17: note: FIX-IT applied suggested code changes
/home/gsorrentino/projects/voted_hdl/voted/fpga/_x/s2mm_hw_emu/s2mm/s2mm/solution/.autopilot/db/s2mm.pp.0.cpp:19299:13: warning: Added loop label VITIS_LOOP_1157_4:   [xilinx-label-all-loops]
            for (int j = 10; j >= I_+4; j--) {
            ^~~
            VITIS_LOOP_1157_4: 
/home/gsorrentino/projects/voted_hdl/voted/fpga/_x/s2mm_hw_emu/s2mm/s2mm/solution/.autopilot/db/s2mm.pp.0.cpp:19299:13: note: FIX-IT applied suggested code changes
/home/gsorrentino/projects/voted_hdl/voted/fpga/_x/s2mm_hw_emu/s2mm/s2mm/solution/.autopilot/db/s2mm.pp.0.cpp:19305:17: warning: Added loop label VITIS_LOOP_1163_5:   [xilinx-label-all-loops]
                for (int j = 10; j >= I_+4; j--) {
                ^~~
                VITIS_LOOP_1163_5: 
/home/gsorrentino/projects/voted_hdl/voted/fpga/_x/s2mm_hw_emu/s2mm/s2mm/solution/.autopilot/db/s2mm.pp.0.cpp:19305:17: note: FIX-IT applied suggested code changes
/home/gsorrentino/projects/voted_hdl/voted/fpga/_x/s2mm_hw_emu/s2mm/s2mm/solution/.autopilot/db/s2mm.pp.0.cpp:19309:17: warning: Added loop label VITIS_LOOP_1167_6:   [xilinx-label-all-loops]
                for (int j = I_+3; j >= 0; j--) {
                ^~~
                VITIS_LOOP_1167_6: 
/home/gsorrentino/projects/voted_hdl/voted/fpga/_x/s2mm_hw_emu/s2mm/s2mm/solution/.autopilot/db/s2mm.pp.0.cpp:19309:17: note: FIX-IT applied suggested code changes
/home/gsorrentino/projects/voted_hdl/voted/fpga/_x/s2mm_hw_emu/s2mm/s2mm/solution/.autopilot/db/s2mm.pp.0.cpp:19328:9: warning: Added loop label VITIS_LOOP_1186_7:   [xilinx-label-all-loops]
        for (int j = wf+3; j < w-1; j++) {
        ^~~
        VITIS_LOOP_1186_7: 
/home/gsorrentino/projects/voted_hdl/voted/fpga/_x/s2mm_hw_emu/s2mm/s2mm/solution/.autopilot/db/s2mm.pp.0.cpp:19328:9: note: FIX-IT applied suggested code changes
/home/gsorrentino/projects/voted_hdl/voted/fpga/_x/s2mm_hw_emu/s2mm/s2mm/solution/.autopilot/db/s2mm.pp.0.cpp:19335:17: warning: Added loop label VITIS_LOOP_1193_8:   [xilinx-label-all-loops]
                for (int j = 0; j < 22; j++) {
                ^~~
                VITIS_LOOP_1193_8: 
/home/gsorrentino/projects/voted_hdl/voted/fpga/_x/s2mm_hw_emu/s2mm/s2mm/solution/.autopilot/db/s2mm.pp.0.cpp:19335:17: note: FIX-IT applied suggested code changes
/home/gsorrentino/projects/voted_hdl/voted/fpga/_x/s2mm_hw_emu/s2mm/s2mm/solution/.autopilot/db/s2mm.pp.0.cpp:19451:13: warning: Added loop label VITIS_LOOP_1309_9:   [xilinx-label-all-loops]
            for (int j = 22; j >= I_+10; j--) {
            ^~~
            VITIS_LOOP_1309_9: 
/home/gsorrentino/projects/voted_hdl/voted/fpga/_x/s2mm_hw_emu/s2mm/s2mm/solution/.autopilot/db/s2mm.pp.0.cpp:19451:13: note: FIX-IT applied suggested code changes
/home/gsorrentino/projects/voted_hdl/voted/fpga/_x/s2mm_hw_emu/s2mm/s2mm/solution/.autopilot/db/s2mm.pp.0.cpp:19457:17: warning: Added loop label VITIS_LOOP_1315_10:   [xilinx-label-all-loops]
                for (int j = 22; j >= I_+10; j--){
                ^~~
                VITIS_LOOP_1315_10: 
/home/gsorrentino/projects/voted_hdl/voted/fpga/_x/s2mm_hw_emu/s2mm/s2mm/solution/.autopilot/db/s2mm.pp.0.cpp:19457:17: note: FIX-IT applied suggested code changes
/home/gsorrentino/projects/voted_hdl/voted/fpga/_x/s2mm_hw_emu/s2mm/s2mm/solution/.autopilot/db/s2mm.pp.0.cpp:19461:17: warning: Added loop label VITIS_LOOP_1319_11:   [xilinx-label-all-loops]
                for (int j = I_+9; j >= 0; j--) {
                ^~~
                VITIS_LOOP_1319_11: 
/home/gsorrentino/projects/voted_hdl/voted/fpga/_x/s2mm_hw_emu/s2mm/s2mm/solution/.autopilot/db/s2mm.pp.0.cpp:19461:17: note: FIX-IT applied suggested code changes
/home/gsorrentino/projects/voted_hdl/voted/fpga/_x/s2mm_hw_emu/s2mm/s2mm/solution/.autopilot/db/s2mm.pp.0.cpp:19481:9: warning: Added loop label VITIS_LOOP_1339_12:   [xilinx-label-all-loops]
        for (int j = wf+4; j < w-1; j++){
        ^~~
        VITIS_LOOP_1339_12: 
/home/gsorrentino/projects/voted_hdl/voted/fpga/_x/s2mm_hw_emu/s2mm/s2mm/solution/.autopilot/db/s2mm.pp.0.cpp:19481:9: note: FIX-IT applied suggested code changes
/home/gsorrentino/projects/voted_hdl/voted/fpga/_x/s2mm_hw_emu/s2mm/s2mm/solution/.autopilot/db/s2mm.pp.0.cpp:19488:17: warning: Added loop label VITIS_LOOP_1346_13:   [xilinx-label-all-loops]
                for (int j = 0; j < 46; j++) {
                ^~~
                VITIS_LOOP_1346_13: 
/home/gsorrentino/projects/voted_hdl/voted/fpga/_x/s2mm_hw_emu/s2mm/s2mm/solution/.autopilot/db/s2mm.pp.0.cpp:19488:17: note: FIX-IT applied suggested code changes
/home/gsorrentino/projects/voted_hdl/voted/fpga/_x/s2mm_hw_emu/s2mm/s2mm/solution/.autopilot/db/s2mm.pp.0.cpp:19750:13: warning: Added loop label VITIS_LOOP_1608_14:   [xilinx-label-all-loops]
            for (int j = 46; j >= I_+22; j--) {
            ^~~
            VITIS_LOOP_1608_14: 
/home/gsorrentino/projects/voted_hdl/voted/fpga/_x/s2mm_hw_emu/s2mm/s2mm/solution/.autopilot/db/s2mm.pp.0.cpp:19750:13: note: FIX-IT applied suggested code changes
/home/gsorrentino/projects/voted_hdl/voted/fpga/_x/s2mm_hw_emu/s2mm/s2mm/solution/.autopilot/db/s2mm.pp.0.cpp:19756:17: warning: Added loop label VITIS_LOOP_1614_15:   [xilinx-label-all-loops]
                for (int j = 46; j >= I_+22; j--) {
                ^~~
                VITIS_LOOP_1614_15: 
/home/gsorrentino/projects/voted_hdl/voted/fpga/_x/s2mm_hw_emu/s2mm/s2mm/solution/.autopilot/db/s2mm.pp.0.cpp:19756:17: note: FIX-IT applied suggested code changes
/home/gsorrentino/projects/voted_hdl/voted/fpga/_x/s2mm_hw_emu/s2mm/s2mm/solution/.autopilot/db/s2mm.pp.0.cpp:19760:17: warning: Added loop label VITIS_LOOP_1618_16:   [xilinx-label-all-loops]
                for (int j = I_+21; j >= 0; j--) {
                ^~~
                VITIS_LOOP_1618_16: 
/home/gsorrentino/projects/voted_hdl/voted/fpga/_x/s2mm_hw_emu/s2mm/s2mm/solution/.autopilot/db/s2mm.pp.0.cpp:19760:17: note: FIX-IT applied suggested code changes
/home/gsorrentino/projects/voted_hdl/voted/fpga/_x/s2mm_hw_emu/s2mm/s2mm/solution/.autopilot/db/s2mm.pp.0.cpp:19784:9: warning: Added loop label VITIS_LOOP_1642_17:   [xilinx-label-all-loops]
        for (int j = wf+5; j < w-1; j++){
        ^~~
        VITIS_LOOP_1642_17: 
/home/gsorrentino/projects/voted_hdl/voted/fpga/_x/s2mm_hw_emu/s2mm/s2mm/solution/.autopilot/db/s2mm.pp.0.cpp:19784:9: note: FIX-IT applied suggested code changes
/home/gsorrentino/projects/voted_hdl/voted/fpga/_x/s2mm_hw_emu/s2mm/s2mm/solution/.autopilot/db/s2mm.pp.0.cpp:19791:17: warning: Added loop label VITIS_LOOP_1649_18:   [xilinx-label-all-loops]
                for (int j = 0; j < 64; j++) {
                ^~~
                VITIS_LOOP_1649_18: 
/home/gsorrentino/projects/voted_hdl/voted/fpga/_x/s2mm_hw_emu/s2mm/s2mm/solution/.autopilot/db/s2mm.pp.0.cpp:19791:17: note: FIX-IT applied suggested code changes
/home/gsorrentino/projects/voted_hdl/voted/fpga/_x/s2mm_hw_emu/s2mm/s2mm/solution/.autopilot/db/s2mm.pp.0.cpp:20221:13: warning: Added loop label VITIS_LOOP_2079_19:   [xilinx-label-all-loops]
            for (int j = 64; j >= I_+31; j--) {
            ^~~
            VITIS_LOOP_2079_19: 
/home/gsorrentino/projects/voted_hdl/voted/fpga/_x/s2mm_hw_emu/s2mm/s2mm/solution/.autopilot/db/s2mm.pp.0.cpp:20221:13: note: FIX-IT applied suggested code changes
/home/gsorrentino/projects/voted_hdl/voted/fpga/_x/s2mm_hw_emu/s2mm/s2mm/solution/.autopilot/db/s2mm.pp.0.cpp:20227:17: warning: Added loop label VITIS_LOOP_2085_20:   [xilinx-label-all-loops]
                for (int j = 64; j >= I_+31; j--) {
                ^~~
                VITIS_LOOP_2085_20: 
/home/gsorrentino/projects/voted_hdl/voted/fpga/_x/s2mm_hw_emu/s2mm/s2mm/solution/.autopilot/db/s2mm.pp.0.cpp:20227:17: note: FIX-IT applied suggested code changes
/home/gsorrentino/projects/voted_hdl/voted/fpga/_x/s2mm_hw_emu/s2mm/s2mm/solution/.autopilot/db/s2mm.pp.0.cpp:20231:17: warning: Added loop label VITIS_LOOP_2089_21:   [xilinx-label-all-loops]
                for (int j = I_+30; j >= 0; j--) {
                ^~~
                VITIS_LOOP_2089_21: 
/home/gsorrentino/projects/voted_hdl/voted/fpga/_x/s2mm_hw_emu/s2mm/s2mm/solution/.autopilot/db/s2mm.pp.0.cpp:20231:17: note: FIX-IT applied suggested code changes
/home/gsorrentino/projects/voted_hdl/voted/fpga/_x/s2mm_hw_emu/s2mm/s2mm/solution/.autopilot/db/s2mm.pp.0.cpp:20361:13: warning: Added loop label VITIS_LOOP_2219_1:   [xilinx-label-all-loops]
            for(int j=3; j>=I+1; j--) {
            ^~~
            VITIS_LOOP_2219_1: 
/home/gsorrentino/projects/voted_hdl/voted/fpga/_x/s2mm_hw_emu/s2mm/s2mm/solution/.autopilot/db/s2mm.pp.0.cpp:20361:13: note: FIX-IT applied suggested code changes
/home/gsorrentino/projects/voted_hdl/voted/fpga/_x/s2mm_hw_emu/s2mm/s2mm/solution/.autopilot/db/s2mm.pp.0.cpp:20368:17: warning: Added loop label VITIS_LOOP_2226_2:   [xilinx-label-all-loops]
                for(int j=3; j>=I+1; j--) {
                ^~~
                VITIS_LOOP_2226_2: 
/home/gsorrentino/projects/voted_hdl/voted/fpga/_x/s2mm_hw_emu/s2mm/s2mm/solution/.autopilot/db/s2mm.pp.0.cpp:20368:17: note: FIX-IT applied suggested code changes
/home/gsorrentino/projects/voted_hdl/voted/fpga/_x/s2mm_hw_emu/s2mm/s2mm/solution/.autopilot/db/s2mm.pp.0.cpp:20372:17: warning: Added loop label VITIS_LOOP_2230_3:   [xilinx-label-all-loops]
                for(int j=I; j>=0; j--) {
                ^~~
                VITIS_LOOP_2230_3: 
/home/gsorrentino/projects/voted_hdl/voted/fpga/_x/s2mm_hw_emu/s2mm/s2mm/solution/.autopilot/db/s2mm.pp.0.cpp:20372:17: note: FIX-IT applied suggested code changes
/home/gsorrentino/projects/voted_hdl/voted/fpga/_x/s2mm_hw_emu/s2mm/s2mm/solution/.autopilot/db/s2mm.pp.0.cpp:20419:13: warning: Added loop label VITIS_LOOP_2277_4:   [xilinx-label-all-loops]
            for(int j=7; j>=3+I; j--) {
            ^~~
            VITIS_LOOP_2277_4: 
/home/gsorrentino/projects/voted_hdl/voted/fpga/_x/s2mm_hw_emu/s2mm/s2mm/solution/.autopilot/db/s2mm.pp.0.cpp:20419:13: note: FIX-IT applied suggested code changes
/home/gsorrentino/projects/voted_hdl/voted/fpga/_x/s2mm_hw_emu/s2mm/s2mm/solution/.autopilot/db/s2mm.pp.0.cpp:20426:17: warning: Added loop label VITIS_LOOP_2284_5:   [xilinx-label-all-loops]
                for(int j=7; j>=3+I; j--) {
                ^~~
                VITIS_LOOP_2284_5: 
/home/gsorrentino/projects/voted_hdl/voted/fpga/_x/s2mm_hw_emu/s2mm/s2mm/solution/.autopilot/db/s2mm.pp.0.cpp:20426:17: note: FIX-IT applied suggested code changes
/home/gsorrentino/projects/voted_hdl/voted/fpga/_x/s2mm_hw_emu/s2mm/s2mm/solution/.autopilot/db/s2mm.pp.0.cpp:20430:17: warning: Added loop label VITIS_LOOP_2288_6:   [xilinx-label-all-loops]
                for(int j=I+2; j>=0; j--) {
                ^~~
                VITIS_LOOP_2288_6: 
/home/gsorrentino/projects/voted_hdl/voted/fpga/_x/s2mm_hw_emu/s2mm/s2mm/solution/.autopilot/db/s2mm.pp.0.cpp:20430:17: note: FIX-IT applied suggested code changes
/home/gsorrentino/projects/voted_hdl/voted/fpga/_x/s2mm_hw_emu/s2mm/s2mm/solution/.autopilot/db/s2mm.pp.0.cpp:20448:9: warning: Added loop label VITIS_LOOP_2306_7:   [xilinx-label-all-loops]
        for(int j=11; j<16; j++) {
        ^~~
        VITIS_LOOP_2306_7: 
/home/gsorrentino/projects/voted_hdl/voted/fpga/_x/s2mm_hw_emu/s2mm/s2mm/solution/.autopilot/db/s2mm.pp.0.cpp:20448:9: note: FIX-IT applied suggested code changes
/home/gsorrentino/projects/voted_hdl/voted/fpga/_x/s2mm_hw_emu/s2mm/s2mm/solution/.autopilot/db/s2mm.pp.0.cpp:20503:13: warning: Added loop label VITIS_LOOP_2361_8:   [xilinx-label-all-loops]
            for(int j=15; j>=7+I; j--) {
            ^~~
            VITIS_LOOP_2361_8: 
/home/gsorrentino/projects/voted_hdl/voted/fpga/_x/s2mm_hw_emu/s2mm/s2mm/solution/.autopilot/db/s2mm.pp.0.cpp:20503:13: note: FIX-IT applied suggested code changes
/home/gsorrentino/projects/voted_hdl/voted/fpga/_x/s2mm_hw_emu/s2mm/s2mm/solution/.autopilot/db/s2mm.pp.0.cpp:20510:17: warning: Added loop label VITIS_LOOP_2368_9:   [xilinx-label-all-loops]
                for(int j=15; j>=7+I; j--) {
                ^~~
                VITIS_LOOP_2368_9: 
/home/gsorrentino/projects/voted_hdl/voted/fpga/_x/s2mm_hw_emu/s2mm/s2mm/solution/.autopilot/db/s2mm.pp.0.cpp:20510:17: note: FIX-IT applied suggested code changes
/home/gsorrentino/projects/voted_hdl/voted/fpga/_x/s2mm_hw_emu/s2mm/s2mm/solution/.autopilot/db/s2mm.pp.0.cpp:20514:17: warning: Added loop label VITIS_LOOP_2372_10:   [xilinx-label-all-loops]
                for(int j=6+I; j>=0; j--) {
                ^~~
                VITIS_LOOP_2372_10: 
/home/gsorrentino/projects/voted_hdl/voted/fpga/_x/s2mm_hw_emu/s2mm/s2mm/solution/.autopilot/db/s2mm.pp.0.cpp:20514:17: note: FIX-IT applied suggested code changes
/home/gsorrentino/projects/voted_hdl/voted/fpga/_x/s2mm_hw_emu/s2mm/s2mm/solution/.autopilot/db/s2mm.pp.0.cpp:20532:9: warning: Added loop label VITIS_LOOP_2390_11:   [xilinx-label-all-loops]
        for(int j=20; j<32; j++) {
        ^~~
        VITIS_LOOP_2390_11: 
/home/gsorrentino/projects/voted_hdl/voted/fpga/_x/s2mm_hw_emu/s2mm/s2mm/solution/.autopilot/db/s2mm.pp.0.cpp:20532:9: note: FIX-IT applied suggested code changes
/home/gsorrentino/projects/voted_hdl/voted/fpga/_x/s2mm_hw_emu/s2mm/s2mm/solution/.autopilot/db/s2mm.pp.0.cpp:20621:13: warning: Added loop label VITIS_LOOP_2479_12:   [xilinx-label-all-loops]
            for(int j=31; j>=I+15; j--) {
            ^~~
            VITIS_LOOP_2479_12: 
/home/gsorrentino/projects/voted_hdl/voted/fpga/_x/s2mm_hw_emu/s2mm/s2mm/solution/.autopilot/db/s2mm.pp.0.cpp:20621:13: note: FIX-IT applied suggested code changes
/home/gsorrentino/projects/voted_hdl/voted/fpga/_x/s2mm_hw_emu/s2mm/s2mm/solution/.autopilot/db/s2mm.pp.0.cpp:20628:17: warning: Added loop label VITIS_LOOP_2486_13:   [xilinx-label-all-loops]
                for(int j=31; j>=I+15; j--) {
                ^~~
                VITIS_LOOP_2486_13: 
/home/gsorrentino/projects/voted_hdl/voted/fpga/_x/s2mm_hw_emu/s2mm/s2mm/solution/.autopilot/db/s2mm.pp.0.cpp:20628:17: note: FIX-IT applied suggested code changes
/home/gsorrentino/projects/voted_hdl/voted/fpga/_x/s2mm_hw_emu/s2mm/s2mm/solution/.autopilot/db/s2mm.pp.0.cpp:20632:17: warning: Added loop label VITIS_LOOP_2490_14:   [xilinx-label-all-loops]
                for(int j=I+14; j>=0; j--) {
                ^~~
                VITIS_LOOP_2490_14: 
/home/gsorrentino/projects/voted_hdl/voted/fpga/_x/s2mm_hw_emu/s2mm/s2mm/solution/.autopilot/db/s2mm.pp.0.cpp:20632:17: note: FIX-IT applied suggested code changes
/home/gsorrentino/projects/voted_hdl/voted/fpga/_x/s2mm_hw_emu/s2mm/s2mm/solution/.autopilot/db/s2mm.pp.0.cpp:20642:9: warning: Added loop label VITIS_LOOP_2500_15:   [xilinx-label-all-loops]
        for(int j=32-F; j<32+I; j++) {
        ^~~
        VITIS_LOOP_2500_15: 
/home/gsorrentino/projects/voted_hdl/voted/fpga/_x/s2mm_hw_emu/s2mm/s2mm/solution/.autopilot/db/s2mm.pp.0.cpp:20642:9: note: FIX-IT applied suggested code changes
/home/gsorrentino/projects/voted_hdl/voted/fpga/_x/s2mm_hw_emu/s2mm/s2mm/solution/.autopilot/db/s2mm.pp.0.cpp:20646:9: warning: Added loop label VITIS_LOOP_2504_16:   [xilinx-label-all-loops]
        for(int j=32+I; j<=64; j++) {
        ^~~
        VITIS_LOOP_2504_16: 
/home/gsorrentino/projects/voted_hdl/voted/fpga/_x/s2mm_hw_emu/s2mm/s2mm/solution/.autopilot/db/s2mm.pp.0.cpp:20646:9: note: FIX-IT applied suggested code changes
/home/gsorrentino/projects/voted_hdl/voted/fpga/_x/s2mm_hw_emu/s2mm/s2mm/solution/.autopilot/db/s2mm.pp.0.cpp:20657:9: warning: Added loop label VITIS_LOOP_2515_17:   [xilinx-label-all-loops]
        for(int j=37; j<64; j++) {
        ^~~
        VITIS_LOOP_2515_17: 
/home/gsorrentino/projects/voted_hdl/voted/fpga/_x/s2mm_hw_emu/s2mm/s2mm/solution/.autopilot/db/s2mm.pp.0.cpp:20657:9: note: FIX-IT applied suggested code changes
/home/gsorrentino/projects/voted_hdl/voted/fpga/_x/s2mm_hw_emu/s2mm/s2mm/solution/.autopilot/db/s2mm.pp.0.cpp:20665:17: warning: Added loop label VITIS_LOOP_2523_18:   [xilinx-label-all-loops]
                for(int j=0; j<64; j++) {
                ^~~
                VITIS_LOOP_2523_18: 
/home/gsorrentino/projects/voted_hdl/voted/fpga/_x/s2mm_hw_emu/s2mm/s2mm/solution/.autopilot/db/s2mm.pp.0.cpp:20665:17: note: FIX-IT applied suggested code changes
/home/gsorrentino/projects/voted_hdl/voted/fpga/_x/s2mm_hw_emu/s2mm/s2mm/solution/.autopilot/db/s2mm.pp.0.cpp:20990:13: warning: Added loop label VITIS_LOOP_2848_19:   [xilinx-label-all-loops]
            for(int j=63; j>=I+31; j--) {
            ^~~
            VITIS_LOOP_2848_19: 
/home/gsorrentino/projects/voted_hdl/voted/fpga/_x/s2mm_hw_emu/s2mm/s2mm/solution/.autopilot/db/s2mm.pp.0.cpp:20990:13: note: FIX-IT applied suggested code changes
/home/gsorrentino/projects/voted_hdl/voted/fpga/_x/s2mm_hw_emu/s2mm/s2mm/solution/.autopilot/db/s2mm.pp.0.cpp:20997:17: warning: Added loop label VITIS_LOOP_2855_20:   [xilinx-label-all-loops]
                for(int j=63; j>=I+31; j--) {
                ^~~
                VITIS_LOOP_2855_20: 
/home/gsorrentino/projects/voted_hdl/voted/fpga/_x/s2mm_hw_emu/s2mm/s2mm/solution/.autopilot/db/s2mm.pp.0.cpp:20997:17: note: FIX-IT applied suggested code changes
/home/gsorrentino/projects/voted_hdl/voted/fpga/_x/s2mm_hw_emu/s2mm/s2mm/solution/.autopilot/db/s2mm.pp.0.cpp:21001:17: warning: Added loop label VITIS_LOOP_2859_21:   [xilinx-label-all-loops]
                for(int j=I+30; j>=0; j--) {
                ^~~
                VITIS_LOOP_2859_21: 
/home/gsorrentino/projects/voted_hdl/voted/fpga/_x/s2mm_hw_emu/s2mm/s2mm/solution/.autopilot/db/s2mm.pp.0.cpp:21001:17: note: FIX-IT applied suggested code changes
/home/gsorrentino/projects/voted_hdl/voted/fpga/_x/s2mm_hw_emu/s2mm/s2mm/solution/.autopilot/db/s2mm.pp.0.cpp:21089:4: warning: Added loop label VITIS_LOOP_2947_1:   [xilinx-label-all-loops]
   for(int j = 5; j>=I_+2; j--) {
   ^~~
   VITIS_LOOP_2947_1: 
/home/gsorrentino/projects/voted_hdl/voted/fpga/_x/s2mm_hw_emu/s2mm/s2mm/solution/.autopilot/db/s2mm.pp.0.cpp:21089:4: note: FIX-IT applied suggested code changes
/home/gsorrentino/projects/voted_hdl/voted/fpga/_x/s2mm_hw_emu/s2mm/s2mm/solution/.autopilot/db/s2mm.pp.0.cpp:21096:5: warning: Added loop label VITIS_LOOP_2954_2:   [xilinx-label-all-loops]
    for(int j = 5; j>=I_+2; j--) {
    ^~~
    VITIS_LOOP_2954_2: 
/home/gsorrentino/projects/voted_hdl/voted/fpga/_x/s2mm_hw_emu/s2mm/s2mm/solution/.autopilot/db/s2mm.pp.0.cpp:21096:5: note: FIX-IT applied suggested code changes
/home/gsorrentino/projects/voted_hdl/voted/fpga/_x/s2mm_hw_emu/s2mm/s2mm/solution/.autopilot/db/s2mm.pp.0.cpp:21100:5: warning: Added loop label VITIS_LOOP_2958_3:   [xilinx-label-all-loops]
    for(int j = I_+1; j>=0; j--) {
    ^~~
    VITIS_LOOP_2958_3: 
/home/gsorrentino/projects/voted_hdl/voted/fpga/_x/s2mm_hw_emu/s2mm/s2mm/solution/.autopilot/db/s2mm.pp.0.cpp:21100:5: note: FIX-IT applied suggested code changes
/home/gsorrentino/projects/voted_hdl/voted/fpga/_x/s2mm_hw_emu/s2mm/s2mm/solution/.autopilot/db/s2mm.pp.0.cpp:21115:3: warning: Added loop label VITIS_LOOP_2973_4:   [xilinx-label-all-loops]
  for(int j = 11; j >=7; j--) {
  ^~~
  VITIS_LOOP_2973_4: 
/home/gsorrentino/projects/voted_hdl/voted/fpga/_x/s2mm_hw_emu/s2mm/s2mm/solution/.autopilot/db/s2mm.pp.0.cpp:21115:3: note: FIX-IT applied suggested code changes
/home/gsorrentino/projects/voted_hdl/voted/fpga/_x/s2mm_hw_emu/s2mm/s2mm/solution/.autopilot/db/s2mm.pp.0.cpp:21147:4: warning: Added loop label VITIS_LOOP_3005_5:   [xilinx-label-all-loops]
   for(int j = 11; j >= I_+5; j--) {
   ^~~
   VITIS_LOOP_3005_5: 
/home/gsorrentino/projects/voted_hdl/voted/fpga/_x/s2mm_hw_emu/s2mm/s2mm/solution/.autopilot/db/s2mm.pp.0.cpp:21147:4: note: FIX-IT applied suggested code changes
/home/gsorrentino/projects/voted_hdl/voted/fpga/_x/s2mm_hw_emu/s2mm/s2mm/solution/.autopilot/db/s2mm.pp.0.cpp:21154:5: warning: Added loop label VITIS_LOOP_3012_6:   [xilinx-label-all-loops]
    for(int j = 11; j>= I_+5; j--) {
    ^~~
    VITIS_LOOP_3012_6: 
/home/gsorrentino/projects/voted_hdl/voted/fpga/_x/s2mm_hw_emu/s2mm/s2mm/solution/.autopilot/db/s2mm.pp.0.cpp:21154:5: note: FIX-IT applied suggested code changes
/home/gsorrentino/projects/voted_hdl/voted/fpga/_x/s2mm_hw_emu/s2mm/s2mm/solution/.autopilot/db/s2mm.pp.0.cpp:21158:5: warning: Added loop label VITIS_LOOP_3016_7:   [xilinx-label-all-loops]
    for(int j = I_+4; j>=0; j--) {
    ^~~
    VITIS_LOOP_3016_7: 
/home/gsorrentino/projects/voted_hdl/voted/fpga/_x/s2mm_hw_emu/s2mm/s2mm/solution/.autopilot/db/s2mm.pp.0.cpp:21158:5: note: FIX-IT applied suggested code changes
/home/gsorrentino/projects/voted_hdl/voted/fpga/_x/s2mm_hw_emu/s2mm/s2mm/solution/.autopilot/db/s2mm.pp.0.cpp:21173:3: warning: Added loop label VITIS_LOOP_3031_8:   [xilinx-label-all-loops]
  for(int j = 25; j>=15; j--) {
  ^~~
  VITIS_LOOP_3031_8: 
/home/gsorrentino/projects/voted_hdl/voted/fpga/_x/s2mm_hw_emu/s2mm/s2mm/solution/.autopilot/db/s2mm.pp.0.cpp:21173:3: note: FIX-IT applied suggested code changes
/home/gsorrentino/projects/voted_hdl/voted/fpga/_x/s2mm_hw_emu/s2mm/s2mm/solution/.autopilot/db/s2mm.pp.0.cpp:21223:4: warning: Added loop label VITIS_LOOP_3081_9:   [xilinx-label-all-loops]
   for(int j = 25; j>= I_+12; j--) {
   ^~~
   VITIS_LOOP_3081_9: 
/home/gsorrentino/projects/voted_hdl/voted/fpga/_x/s2mm_hw_emu/s2mm/s2mm/solution/.autopilot/db/s2mm.pp.0.cpp:21223:4: note: FIX-IT applied suggested code changes
/home/gsorrentino/projects/voted_hdl/voted/fpga/_x/s2mm_hw_emu/s2mm/s2mm/solution/.autopilot/db/s2mm.pp.0.cpp:21230:5: warning: Added loop label VITIS_LOOP_3088_10:   [xilinx-label-all-loops]
    for(int j = 25; j>=I_+12; j--) {
    ^~~
    VITIS_LOOP_3088_10: 
/home/gsorrentino/projects/voted_hdl/voted/fpga/_x/s2mm_hw_emu/s2mm/s2mm/solution/.autopilot/db/s2mm.pp.0.cpp:21230:5: note: FIX-IT applied suggested code changes
/home/gsorrentino/projects/voted_hdl/voted/fpga/_x/s2mm_hw_emu/s2mm/s2mm/solution/.autopilot/db/s2mm.pp.0.cpp:21234:5: warning: Added loop label VITIS_LOOP_3092_11:   [xilinx-label-all-loops]
    for(int j = I_+11; j>=0; j--) {
    ^~~
    VITIS_LOOP_3092_11: 
/home/gsorrentino/projects/voted_hdl/voted/fpga/_x/s2mm_hw_emu/s2mm/s2mm/solution/.autopilot/db/s2mm.pp.0.cpp:21234:5: note: FIX-IT applied suggested code changes
/home/gsorrentino/projects/voted_hdl/voted/fpga/_x/s2mm_hw_emu/s2mm/s2mm/solution/.autopilot/db/s2mm.pp.0.cpp:21249:3: warning: Added loop label VITIS_LOOP_3107_12:   [xilinx-label-all-loops]
  for(int j = 51; j >= 29; j--) {
  ^~~
  VITIS_LOOP_3107_12: 
/home/gsorrentino/projects/voted_hdl/voted/fpga/_x/s2mm_hw_emu/s2mm/s2mm/solution/.autopilot/db/s2mm.pp.0.cpp:21249:3: note: FIX-IT applied suggested code changes
/home/gsorrentino/projects/voted_hdl/voted/fpga/_x/s2mm_hw_emu/s2mm/s2mm/solution/.autopilot/db/s2mm.pp.0.cpp:21386:4: warning: Added loop label VITIS_LOOP_3244_13:   [xilinx-label-all-loops]
   for(int j = 51; j >= 25 + I_; j--) {
   ^~~
   VITIS_LOOP_3244_13: 
/home/gsorrentino/projects/voted_hdl/voted/fpga/_x/s2mm_hw_emu/s2mm/s2mm/solution/.autopilot/db/s2mm.pp.0.cpp:21386:4: note: FIX-IT applied suggested code changes
/home/gsorrentino/projects/voted_hdl/voted/fpga/_x/s2mm_hw_emu/s2mm/s2mm/solution/.autopilot/db/s2mm.pp.0.cpp:21393:5: warning: Added loop label VITIS_LOOP_3251_14:   [xilinx-label-all-loops]
    for(int j = 51; j>=25 + I_; j--) {
    ^~~
    VITIS_LOOP_3251_14: 
/home/gsorrentino/projects/voted_hdl/voted/fpga/_x/s2mm_hw_emu/s2mm/s2mm/solution/.autopilot/db/s2mm.pp.0.cpp:21393:5: note: FIX-IT applied suggested code changes
/home/gsorrentino/projects/voted_hdl/voted/fpga/_x/s2mm_hw_emu/s2mm/s2mm/solution/.autopilot/db/s2mm.pp.0.cpp:21397:5: warning: Added loop label VITIS_LOOP_3255_15:   [xilinx-label-all-loops]
    for(int j = 24 + I_; j >= 0; j--) {
    ^~~
    VITIS_LOOP_3255_15: 
/home/gsorrentino/projects/voted_hdl/voted/fpga/_x/s2mm_hw_emu/s2mm/s2mm/solution/.autopilot/db/s2mm.pp.0.cpp:21397:5: note: FIX-IT applied suggested code changes
/home/gsorrentino/projects/voted_hdl/voted/fpga/_x/s2mm_hw_emu/s2mm/s2mm/solution/.autopilot/db/s2mm.pp.0.cpp:21412:3: warning: Added loop label VITIS_LOOP_3270_16:   [xilinx-label-all-loops]
  for(int j = 63; j >= 36; j--) {
  ^~~
  VITIS_LOOP_3270_16: 
/home/gsorrentino/projects/voted_hdl/voted/fpga/_x/s2mm_hw_emu/s2mm/s2mm/solution/.autopilot/db/s2mm.pp.0.cpp:21412:3: note: FIX-IT applied suggested code changes
/home/gsorrentino/projects/voted_hdl/voted/fpga/_x/s2mm_hw_emu/s2mm/s2mm/solution/.autopilot/db/s2mm.pp.0.cpp:21572:4: warning: Added loop label VITIS_LOOP_3430_17:   [xilinx-label-all-loops]
   for(int j = 63; j >= 31 + I_; j--) {
   ^~~
   VITIS_LOOP_3430_17: 
/home/gsorrentino/projects/voted_hdl/voted/fpga/_x/s2mm_hw_emu/s2mm/s2mm/solution/.autopilot/db/s2mm.pp.0.cpp:21572:4: note: FIX-IT applied suggested code changes
/home/gsorrentino/projects/voted_hdl/voted/fpga/_x/s2mm_hw_emu/s2mm/s2mm/solution/.autopilot/db/s2mm.pp.0.cpp:21579:5: warning: Added loop label VITIS_LOOP_3437_18:   [xilinx-label-all-loops]
    for(int j = 63; j >= 31 + I_; j--) {
    ^~~
    VITIS_LOOP_3437_18: 
/home/gsorrentino/projects/voted_hdl/voted/fpga/_x/s2mm_hw_emu/s2mm/s2mm/solution/.autopilot/db/s2mm.pp.0.cpp:21579:5: note: FIX-IT applied suggested code changes
/home/gsorrentino/projects/voted_hdl/voted/fpga/_x/s2mm_hw_emu/s2mm/s2mm/solution/.autopilot/db/s2mm.pp.0.cpp:21583:5: warning: Added loop label VITIS_LOOP_3441_19:   [xilinx-label-all-loops]
    for(int j = 30 + I_; j >= 0; j--) {
    ^~~
    VITIS_LOOP_3441_19: 
/home/gsorrentino/projects/voted_hdl/voted/fpga/_x/s2mm_hw_emu/s2mm/s2mm/solution/.autopilot/db/s2mm.pp.0.cpp:21583:5: note: FIX-IT applied suggested code changes
/home/gsorrentino/projects/voted_hdl/voted/fpga/_x/s2mm_hw_emu/s2mm/s2mm/solution/.autopilot/db/s2mm.pp.0.cpp:22298:13: warning: Added loop label VITIS_LOOP_729_1:   [xilinx-label-all-loops]
            for (b_exp = I_-1; b_exp >= -F_; b_exp--) {
            ^~~
            VITIS_LOOP_729_1: 
/home/gsorrentino/projects/voted_hdl/voted/fpga/_x/s2mm_hw_emu/s2mm/s2mm/solution/.autopilot/db/s2mm.pp.0.cpp:22298:13: note: FIX-IT applied suggested code changes
/home/gsorrentino/projects/voted_hdl/voted/fpga/_x/s2mm_hw_emu/s2mm/s2mm/solution/.autopilot/db/s2mm.pp.0.cpp:22516:13: warning: Added loop label VITIS_LOOP_947_1:   [xilinx-label-all-loops]
            for (b_exp = I_-1; b_exp >= -F_; b_exp--) {
            ^~~
            VITIS_LOOP_947_1: 
/home/gsorrentino/projects/voted_hdl/voted/fpga/_x/s2mm_hw_emu/s2mm/s2mm/solution/.autopilot/db/s2mm.pp.0.cpp:22516:13: note: FIX-IT applied suggested code changes
/home/gsorrentino/projects/voted_hdl/voted/fpga/_x/s2mm_hw_emu/s2mm/s2mm/solution/.autopilot/db/s2mm.pp.0.cpp:22933:13: warning: Added loop label VITIS_LOOP_1371_1:   [xilinx-label-all-loops]
            for (b_exp = I_-1; b_exp >= -F_; b_exp--) {
            ^~~
            VITIS_LOOP_1371_1: 
/home/gsorrentino/projects/voted_hdl/voted/fpga/_x/s2mm_hw_emu/s2mm/s2mm/solution/.autopilot/db/s2mm.pp.0.cpp:22933:13: note: FIX-IT applied suggested code changes
/home/gsorrentino/projects/voted_hdl/voted/fpga/_x/s2mm_hw_emu/s2mm/s2mm/solution/.autopilot/db/s2mm.pp.0.cpp:23247:9: warning: Added loop label VITIS_LOOP_266_1:   [xilinx-label-all-loops]
        for ( int pos = msbr-1; pos >= 0; pos-- ) {
        ^~~
        VITIS_LOOP_266_1: 
/home/gsorrentino/projects/voted_hdl/voted/fpga/_x/s2mm_hw_emu/s2mm/s2mm/solution/.autopilot/db/s2mm.pp.0.cpp:23247:9: note: FIX-IT applied suggested code changes
/home/gsorrentino/projects/voted_hdl/voted/fpga/_x/s2mm_hw_emu/s2mm/s2mm/solution/.autopilot/db/s2mm.pp.0.cpp:23275:9: warning: Added loop label VITIS_LOOP_294_2:   [xilinx-label-all-loops]
        for ( int pos = -1; pos >= -F_-1; pos-- ) {
        ^~~
        VITIS_LOOP_294_2: 
/home/gsorrentino/projects/voted_hdl/voted/fpga/_x/s2mm_hw_emu/s2mm/s2mm/solution/.autopilot/db/s2mm.pp.0.cpp:23275:9: note: FIX-IT applied suggested code changes
/home/gsorrentino/projects/voted_hdl/voted/fpga/_x/s2mm_hw_emu/s2mm/s2mm/solution/.autopilot/db/s2mm.pp.0.cpp:23970:13: warning: Added loop label VITIS_LOOP_74_1:   [xilinx-label-all-loops]
            for (int j = 0; j < W_-1; j++){
            ^~~
            VITIS_LOOP_74_1: 
/home/gsorrentino/projects/voted_hdl/voted/fpga/_x/s2mm_hw_emu/s2mm/s2mm/solution/.autopilot/db/s2mm.pp.0.cpp:23970:13: note: FIX-IT applied suggested code changes
/home/gsorrentino/projects/voted_hdl/voted/fpga/_x/s2mm_hw_emu/s2mm/s2mm/solution/.autopilot/db/s2mm.pp.0.cpp:24023:5: warning: Added loop label VITIS_LOOP_135_2:   [xilinx-label-all-loops]
    for (int j = F_l+F_+I_m-1; j < F_l+W_+5; j++){
    ^~~
    VITIS_LOOP_135_2: 
/home/gsorrentino/projects/voted_hdl/voted/fpga/_x/s2mm_hw_emu/s2mm/s2mm/solution/.autopilot/db/s2mm.pp.0.cpp:24023:5: note: FIX-IT applied suggested code changes
/home/gsorrentino/projects/voted_hdl/voted/fpga/_x/s2mm_hw_emu/s2mm/s2mm/solution/.autopilot/db/s2mm.pp.0.cpp:24037:13: warning: Added loop label VITIS_LOOP_149_3:   [xilinx-label-all-loops]
            for (int j = WO_m-1; j >= W_-1; j--) {
            ^~~
            VITIS_LOOP_149_3: 
/home/gsorrentino/projects/voted_hdl/voted/fpga/_x/s2mm_hw_emu/s2mm/s2mm/solution/.autopilot/db/s2mm.pp.0.cpp:24037:13: note: FIX-IT applied suggested code changes
/home/gsorrentino/projects/voted_hdl/voted/fpga/_x/s2mm_hw_emu/s2mm/s2mm/solution/.autopilot/db/s2mm.pp.0.cpp:24067:13: warning: Added loop label VITIS_LOOP_179_4:   [xilinx-label-all-loops]
            for (int j = W_-2; j >= 0; j--){
            ^~~
            VITIS_LOOP_179_4: 
/home/gsorrentino/projects/voted_hdl/voted/fpga/_x/s2mm_hw_emu/s2mm/s2mm/solution/.autopilot/db/s2mm.pp.0.cpp:24067:13: note: FIX-IT applied suggested code changes
/home/gsorrentino/projects/voted_hdl/voted/fpga/_x/s2mm_hw_emu/s2mm/s2mm/solution/.autopilot/db/s2mm.pp.0.cpp:24152:12: warning: Added loop label VITIS_LOOP_307_1:   [xilinx-label-all-loops]
           for(int i = wf_log+we_log-2; i > WI_e - 2; --i) {
           ^~~
           VITIS_LOOP_307_1: 
/home/gsorrentino/projects/voted_hdl/voted/fpga/_x/s2mm_hw_emu/s2mm/s2mm/solution/.autopilot/db/s2mm.pp.0.cpp:24152:12: note: FIX-IT applied suggested code changes
/home/gsorrentino/projects/voted_hdl/voted/fpga/_x/s2mm_hw_emu/s2mm/s2mm/solution/.autopilot/db/s2mm.pp.0.cpp:24172:16: warning: Added loop label VITIS_LOOP_327_2:   [xilinx-label-all-loops]
               for (int j = WO_e-1; j >= W_-1; j--) {
               ^~~
               VITIS_LOOP_327_2: 
/home/gsorrentino/projects/voted_hdl/voted/fpga/_x/s2mm_hw_emu/s2mm/s2mm/solution/.autopilot/db/s2mm.pp.0.cpp:24172:16: note: FIX-IT applied suggested code changes
/home/gsorrentino/projects/voted_hdl/voted/fpga/_x/s2mm_hw_emu/s2mm/s2mm/solution/.autopilot/db/s2mm.pp.0.cpp:24186:20: warning: Added loop label VITIS_LOOP_341_3:   [xilinx-label-all-loops]
                   for(int i = 0; i < W_-1; ++i) {
                   ^~~
                   VITIS_LOOP_341_3: 
/home/gsorrentino/projects/voted_hdl/voted/fpga/_x/s2mm_hw_emu/s2mm/s2mm/solution/.autopilot/db/s2mm.pp.0.cpp:24186:20: note: FIX-IT applied suggested code changes
/home/gsorrentino/projects/voted_hdl/voted/fpga/_x/s2mm_hw_emu/s2mm/s2mm/solution/.autopilot/db/s2mm.pp.0.cpp:24279:12: warning: Added loop label VITIS_LOOP_459_1:   [xilinx-label-all-loops]
           for (int j =WO_d-1; j >= W_-1; j--) {
           ^~~
           VITIS_LOOP_459_1: 
/home/gsorrentino/projects/voted_hdl/voted/fpga/_x/s2mm_hw_emu/s2mm/s2mm/solution/.autopilot/db/s2mm.pp.0.cpp:24279:12: note: FIX-IT applied suggested code changes
/home/gsorrentino/projects/voted_hdl/voted/fpga/_x/s2mm_hw_emu/s2mm/s2mm/solution/.autopilot/db/s2mm.pp.0.cpp:24293:15: warning: Added loop label VITIS_LOOP_473_2:   [xilinx-label-all-loops]
              for(int i = 0; i < W_-1; ++i) {
              ^~~
              VITIS_LOOP_473_2: 
/home/gsorrentino/projects/voted_hdl/voted/fpga/_x/s2mm_hw_emu/s2mm/s2mm/solution/.autopilot/db/s2mm.pp.0.cpp:24293:15: note: FIX-IT applied suggested code changes
/home/gsorrentino/projects/voted_hdl/voted/fpga/_x/s2mm_hw_emu/s2mm/s2mm/solution/.autopilot/db/s2mm.pp.0.cpp:24406:13: warning: Added loop label VITIS_LOOP_59_1:   [xilinx-label-all-loops]
            for (int i = 0; i < W_-1; i++){
            ^~~
            VITIS_LOOP_59_1: 
/home/gsorrentino/projects/voted_hdl/voted/fpga/_x/s2mm_hw_emu/s2mm/s2mm/solution/.autopilot/db/s2mm.pp.0.cpp:24406:13: note: FIX-IT applied suggested code changes
/home/gsorrentino/projects/voted_hdl/voted/fpga/_x/s2mm_hw_emu/s2mm/s2mm/solution/.autopilot/db/s2mm.pp.0.cpp:24530:13: warning: Added loop label VITIS_LOOP_209_1:   [xilinx-label-all-loops]
            for (int i = 0; i < W_-1; i++){
            ^~~
            VITIS_LOOP_209_1: 
/home/gsorrentino/projects/voted_hdl/voted/fpga/_x/s2mm_hw_emu/s2mm/s2mm/solution/.autopilot/db/s2mm.pp.0.cpp:24530:13: note: FIX-IT applied suggested code changes
/home/gsorrentino/projects/voted_hdl/voted/fpga/_x/s2mm_hw_emu/s2mm/s2mm/solution/.autopilot/db/s2mm.pp.0.cpp:24585:13: warning: Added loop label VITIS_LOOP_274_1:   [xilinx-label-all-loops]
            for (int i = 0; i < W_-1; i++){
            ^~~
            VITIS_LOOP_274_1: 
/home/gsorrentino/projects/voted_hdl/voted/fpga/_x/s2mm_hw_emu/s2mm/s2mm/solution/.autopilot/db/s2mm.pp.0.cpp:24585:13: note: FIX-IT applied suggested code changes
/home/gsorrentino/projects/voted_hdl/voted/fpga/_x/s2mm_hw_emu/s2mm/s2mm/solution/.autopilot/db/s2mm.pp.0.cpp:25090:2: warning: Added loop label VITIS_LOOP_42_1:   [xilinx-label-all-loops]
 for (int i=0; i<W_;i++)
 ^~~
 VITIS_LOOP_42_1: 
/home/gsorrentino/projects/voted_hdl/voted/fpga/_x/s2mm_hw_emu/s2mm/s2mm/solution/.autopilot/db/s2mm.pp.0.cpp:25090:2: note: FIX-IT applied suggested code changes
/home/gsorrentino/projects/voted_hdl/voted/fpga/_x/s2mm_hw_emu/s2mm/s2mm/solution/.autopilot/db/s2mm.pp.0.cpp:25101:2: warning: Added loop label VITIS_LOOP_53_1:   [xilinx-label-all-loops]
 for (int i=0; i<W_;i++)
 ^~~
 VITIS_LOOP_53_1: 
/home/gsorrentino/projects/voted_hdl/voted/fpga/_x/s2mm_hw_emu/s2mm/s2mm/solution/.autopilot/db/s2mm.pp.0.cpp:25101:2: note: FIX-IT applied suggested code changes
/home/gsorrentino/projects/voted_hdl/voted/fpga/_x/s2mm_hw_emu/s2mm/s2mm/solution/.autopilot/db/s2mm.pp.0.cpp:25112:2: warning: Added loop label VITIS_LOOP_64_1:   [xilinx-label-all-loops]
 for (int i=0; i<I_;i++)
 ^~~
 VITIS_LOOP_64_1: 
/home/gsorrentino/projects/voted_hdl/voted/fpga/_x/s2mm_hw_emu/s2mm/s2mm/solution/.autopilot/db/s2mm.pp.0.cpp:25112:2: note: FIX-IT applied suggested code changes
/home/gsorrentino/projects/voted_hdl/voted/fpga/_x/s2mm_hw_emu/s2mm/s2mm/solution/.autopilot/db/s2mm.pp.0.cpp:25123:2: warning: Added loop label VITIS_LOOP_75_1:   [xilinx-label-all-loops]
 for (int i=0; i<I_;i++)
 ^~~
 VITIS_LOOP_75_1: 
/home/gsorrentino/projects/voted_hdl/voted/fpga/_x/s2mm_hw_emu/s2mm/s2mm/solution/.autopilot/db/s2mm.pp.0.cpp:25123:2: note: FIX-IT applied suggested code changes
/home/gsorrentino/projects/voted_hdl/voted/fpga/_x/s2mm_hw_emu/s2mm/s2mm/solution/.autopilot/db/s2mm.pp.0.cpp:25134:2: warning: Added loop label VITIS_LOOP_86_1:   [xilinx-label-all-loops]
 for (int i=0; i<W_;i++)
 ^~~
 VITIS_LOOP_86_1: 
/home/gsorrentino/projects/voted_hdl/voted/fpga/_x/s2mm_hw_emu/s2mm/s2mm/solution/.autopilot/db/s2mm.pp.0.cpp:25134:2: note: FIX-IT applied suggested code changes
/home/gsorrentino/projects/voted_hdl/voted/fpga/_x/s2mm_hw_emu/s2mm/s2mm/solution/.autopilot/db/s2mm.pp.0.cpp:25145:2: warning: Added loop label VITIS_LOOP_97_1:   [xilinx-label-all-loops]
 for (int i=0; i<W_;i++)
 ^~~
 VITIS_LOOP_97_1: 
/home/gsorrentino/projects/voted_hdl/voted/fpga/_x/s2mm_hw_emu/s2mm/s2mm/solution/.autopilot/db/s2mm.pp.0.cpp:25145:2: note: FIX-IT applied suggested code changes
/home/gsorrentino/projects/voted_hdl/voted/fpga/_x/s2mm_hw_emu/s2mm/s2mm/solution/.autopilot/db/s2mm.pp.0.cpp:25156:2: warning: Added loop label VITIS_LOOP_108_1:   [xilinx-label-all-loops]
 for (int i=0; i<I_;i++)
 ^~~
 VITIS_LOOP_108_1: 
/home/gsorrentino/projects/voted_hdl/voted/fpga/_x/s2mm_hw_emu/s2mm/s2mm/solution/.autopilot/db/s2mm.pp.0.cpp:25156:2: note: FIX-IT applied suggested code changes
/home/gsorrentino/projects/voted_hdl/voted/fpga/_x/s2mm_hw_emu/s2mm/s2mm/solution/.autopilot/db/s2mm.pp.0.cpp:25167:2: warning: Added loop label VITIS_LOOP_119_1:   [xilinx-label-all-loops]
 for (int i=0; i<I_;i++)
 ^~~
 VITIS_LOOP_119_1: 
/home/gsorrentino/projects/voted_hdl/voted/fpga/_x/s2mm_hw_emu/s2mm/s2mm/solution/.autopilot/db/s2mm.pp.0.cpp:25167:2: note: FIX-IT applied suggested code changes
/home/gsorrentino/projects/voted_hdl/voted/fpga/_x/s2mm_hw_emu/s2mm/s2mm/solution/.autopilot/db/s2mm.pp.0.cpp:27468:12: warning: Added loop label VITIS_LOOP_23_1:   [xilinx-label-all-loops]
           for(int i = 0; i < W_-1; ++i) {
           ^~~
           VITIS_LOOP_23_1: 
/home/gsorrentino/projects/voted_hdl/voted/fpga/_x/s2mm_hw_emu/s2mm/s2mm/solution/.autopilot/db/s2mm.pp.0.cpp:27468:12: note: FIX-IT applied suggested code changes
/home/gsorrentino/projects/voted_hdl/voted/fpga/_x/s2mm_hw_emu/s2mm/s2mm/solution/.autopilot/db/s2mm.pp.0.cpp:27532:7: warning: Added loop label VITIS_LOOP_66_1:   [xilinx-label-all-loops]
      for(int pos = msbr - 1 ; pos >= -F-1; pos--) {
      ^~~
      VITIS_LOOP_66_1: 
/home/gsorrentino/projects/voted_hdl/voted/fpga/_x/s2mm_hw_emu/s2mm/s2mm/solution/.autopilot/db/s2mm.pp.0.cpp:27532:7: note: FIX-IT applied suggested code changes
/home/gsorrentino/projects/voted_hdl/voted/fpga/_x/s2mm_hw_emu/s2mm/s2mm/solution/.autopilot/db/s2mm.pp.0.cpp:27649:9: warning: Added loop label VITIS_LOOP_75_1:   [xilinx-label-all-loops]
        for(int pos = msbr - 1; pos >= 0; pos--) {
        ^~~
        VITIS_LOOP_75_1: 
/home/gsorrentino/projects/voted_hdl/voted/fpga/_x/s2mm_hw_emu/s2mm/s2mm/solution/.autopilot/db/s2mm.pp.0.cpp:27649:9: note: FIX-IT applied suggested code changes
/home/gsorrentino/projects/voted_hdl/voted/fpga/_x/s2mm_hw_emu/s2mm/s2mm/solution/.autopilot/db/s2mm.pp.0.cpp:27674:5: warning: Added loop label VITIS_LOOP_107_2:   [xilinx-label-all-loops]
    for(int pos = -1; pos >= -F-1; pos--) {
    ^~~
    VITIS_LOOP_107_2: 
/home/gsorrentino/projects/voted_hdl/voted/fpga/_x/s2mm_hw_emu/s2mm/s2mm/solution/.autopilot/db/s2mm.pp.0.cpp:27674:5: note: FIX-IT applied suggested code changes
/home/gsorrentino/projects/voted_hdl/voted/fpga/_x/s2mm_hw_emu/s2mm/s2mm/solution/.autopilot/db/s2mm.pp.0.cpp:27744:8: warning: Added loop label VITIS_LOOP_195_3:   [xilinx-label-all-loops]
       for(int i = 0; i < W - 1; ++i) {
       ^~~
       VITIS_LOOP_195_3: 
/home/gsorrentino/projects/voted_hdl/voted/fpga/_x/s2mm_hw_emu/s2mm/s2mm/solution/.autopilot/db/s2mm.pp.0.cpp:27744:8: note: FIX-IT applied suggested code changes
/home/gsorrentino/projects/voted_hdl/voted/fpga/_x/s2mm_hw_emu/s2mm/s2mm/solution/.autopilot/db/s2mm.pp.0.cpp:29982:2: warning: Added loop label VITIS_LOOP_43_1:   [xilinx-label-all-loops]
 for (int i = 0; i < size; i++) {
 ^~~
 VITIS_LOOP_43_1: 
/home/gsorrentino/projects/voted_hdl/voted/fpga/_x/s2mm_hw_emu/s2mm/s2mm/solution/.autopilot/db/s2mm.pp.0.cpp:29982:2: note: FIX-IT applied suggested code changes
