

================================================================
== Vitis HLS Report for 's2mm'
================================================================
* Date:           Sun Feb  8 07:40:00 2026

* Version:        2023.1.2 (Build 3928128 on Aug  8 2023)
* Project:        s2mm
* Solution:       solution (Vitis Kernel Flow Target)
* Product family: versalaicore
* Target device:  xcvc1902-vsvd1760-2MP-e-S


================================================================
== Performance Estimates
================================================================
+ Timing: 
    * Summary: 
    +--------+---------+----------+------------+
    |  Clock |  Target | Estimated| Uncertainty|
    +--------+---------+----------+------------+
    |ap_clk  |  3.33 ns|  2.433 ns|     0.90 ns|
    +--------+---------+----------+------------+

+ Latency: 
    * Summary: 
    +---------+---------+----------+----------+-----+-----+---------+
    |  Latency (cycles) |  Latency (absolute) |  Interval | Pipeline|
    |   min   |   max   |    min   |    max   | min | max |   Type  |
    +---------+---------+----------+----------+-----+-----+---------+
    |        ?|        ?|         ?|         ?|    ?|    ?|       no|
    +---------+---------+----------+----------+-----+-----+---------+

    + Detail: 
        * Instance: 
        N/A

        * Loop: 
        +-------------------+---------+---------+----------+-----------+-----------+------+----------+
        |                   |  Latency (cycles) | Iteration|  Initiation Interval  | Trip |          |
        |     Loop Name     |   min   |   max   |  Latency |  achieved |   target  | Count| Pipelined|
        +-------------------+---------+---------+----------+-----------+-----------+------+----------+
        |- VITIS_LOOP_43_1  |        ?|        ?|        71|          1|          1|     ?|       yes|
        +-------------------+---------+---------+----------+-----------+-----------+------+----------+

============================================================
+ Verbose Summary: Synthesis Manager
============================================================
InlineROM: 1
ExposeGlobal: 0
============================================================
+ Verbose Summary: CDFG Model
============================================================
IsTopModel: 1
ResetActiveHigh: 1
IsCombinational: 0
IsDatapathOnly: 0
HasWiredReturn: 1
HasMFsm: 2
HasVarLatency: 1
IsPipeline: 0
IsRtlPipelined: 0
IsInstanceOverlapped: 0
IsDontTouch: 0
HasImplIP: 0
IsGatedGlobalClock: 0

+ Individual pipeline summary: 
  * Pipeline-0: initiation interval (II) = 1, depth = 71


============================================================
+ Verbose Summary: Schedule
============================================================
* Number of FSM states : 73
* Pipeline : 1
  Pipeline-0 : II = 1, D = 71, States = { 2 3 4 5 6 7 8 9 10 11 12 13 14 15 16 17 18 19 20 21 22 23 24 25 26 27 28 29 30 31 32 33 34 35 36 37 38 39 40 41 42 43 44 45 46 47 48 49 50 51 52 53 54 55 56 57 58 59 60 61 62 63 64 65 66 67 68 69 70 71 72 }
* Dataflow Pipeline: 0

* FSM state transitions: 
1 --> 2 
2 --> 73 3 
3 --> 4 
4 --> 5 
5 --> 6 
6 --> 7 
7 --> 8 
8 --> 9 
9 --> 10 
10 --> 11 
11 --> 12 
12 --> 13 
13 --> 14 
14 --> 15 
15 --> 16 
16 --> 17 
17 --> 18 
18 --> 19 
19 --> 20 
20 --> 21 
21 --> 22 
22 --> 23 
23 --> 24 
24 --> 25 
25 --> 26 
26 --> 27 
27 --> 28 
28 --> 29 
29 --> 30 
30 --> 31 
31 --> 32 
32 --> 33 
33 --> 34 
34 --> 35 
35 --> 36 
36 --> 37 
37 --> 38 
38 --> 39 
39 --> 40 
40 --> 41 
41 --> 42 
42 --> 43 
43 --> 44 
44 --> 45 
45 --> 46 
46 --> 47 
47 --> 48 
48 --> 49 
49 --> 50 
50 --> 51 
51 --> 52 
52 --> 53 
53 --> 54 
54 --> 55 
55 --> 56 
56 --> 57 
57 --> 58 
58 --> 59 
59 --> 60 
60 --> 61 
61 --> 62 
62 --> 63 
63 --> 64 
64 --> 65 
65 --> 66 
66 --> 67 
67 --> 68 
68 --> 69 
69 --> 70 
70 --> 71 
71 --> 72 
72 --> 2 
73 --> 

* FSM state operations: 

State 1 <SV = 0> <Delay = 2.29>
ST_1 : Operation 74 [1/1] (0.00ns)   --->   "%i = alloca i32 1"   --->   Operation 74 'alloca' 'i' <Predicate = true> <Delay = 0.00>
ST_1 : Operation 75 [1/1] (1.00ns)   --->   "%size_read = read i32 @_ssdm_op_Read.ap_none.i32, i32 %size" [/home/gsorrentino/projects/voted_hdl/voted/fpga/s2mm.cpp:33]   --->   Operation 75 'read' 'size_read' <Predicate = true> <Delay = 1.00> <CoreInst = "s_axilite">   --->   Core 126 's_axilite' <Latency = 0> <II = 1> <Delay = 1.00> <Adapter> <Opcode : 'read' 'write'>
ST_1 : Operation 76 [1/1] (1.00ns)   --->   "%output_r_read = read i64 @_ssdm_op_Read.s_axilite.i64, i64 %output_r" [/home/gsorrentino/projects/voted_hdl/voted/fpga/s2mm.cpp:33]   --->   Operation 76 'read' 'output_r_read' <Predicate = true> <Delay = 1.00> <CoreInst = "s_axilite">   --->   Core 126 's_axilite' <Latency = 0> <II = 1> <Delay = 1.00> <Adapter> <Opcode : 'read' 'write'>
ST_1 : Operation 77 [1/1] (0.00ns)   --->   "%trunc_ln33 = trunc i32 %size_read" [/home/gsorrentino/projects/voted_hdl/voted/fpga/s2mm.cpp:33]   --->   Operation 77 'trunc' 'trunc_ln33' <Predicate = true> <Delay = 0.00>
ST_1 : Operation 78 [1/1] (0.00ns)   --->   "%spectopmodule_ln33 = spectopmodule void @_ssdm_op_SpecTopModule, void @empty_11" [/home/gsorrentino/projects/voted_hdl/voted/fpga/s2mm.cpp:33]   --->   Operation 78 'spectopmodule' 'spectopmodule_ln33' <Predicate = true> <Delay = 0.00>
ST_1 : Operation 79 [1/1] (0.00ns)   --->   "%specinterface_ln33 = specinterface void @_ssdm_op_SpecInterface, i32 0, void @empty_12, i32 0, i32 0, void @empty_14, i32 0, i32 0, void @empty_14, void @empty_14, void @empty_14, i32 0, i32 0, i32 0, i32 0, void @empty_14, void @empty_14, i32 4294967295, i32 0" [/home/gsorrentino/projects/voted_hdl/voted/fpga/s2mm.cpp:33]   --->   Operation 79 'specinterface' 'specinterface_ln33' <Predicate = true> <Delay = 0.00>
ST_1 : Operation 80 [1/1] (0.00ns)   --->   "%specinterface_ln0 = specinterface void @_ssdm_op_SpecInterface, i32 %gmem1, void @empty_7, i32 0, i32 0, void @empty_14, i32 64, i32 100, void @empty, void @empty_0, void @empty_14, i32 16, i32 16, i32 16, i32 16, void @empty_14, void @empty_14, i32 4294967295, i32 0"   --->   Operation 80 'specinterface' 'specinterface_ln0' <Predicate = true> <Delay = 0.00>
ST_1 : Operation 81 [1/1] (0.00ns)   --->   "%specbitsmap_ln0 = specbitsmap void @_ssdm_op_SpecBitsMap, i32 %gmem1"   --->   Operation 81 'specbitsmap' 'specbitsmap_ln0' <Predicate = true> <Delay = 0.00>
ST_1 : Operation 82 [1/1] (0.00ns)   --->   "%specinterface_ln0 = specinterface void @_ssdm_op_SpecInterface, i32 %input_stream, void @empty_1, i32 1, i32 1, void @empty_2, i32 0, i32 0, void @empty_14, void @empty_14, void @empty_14, i32 0, i32 0, i32 0, i32 0, void @empty_14, void @empty_14, i32 4294967295, i32 0"   --->   Operation 82 'specinterface' 'specinterface_ln0' <Predicate = true> <Delay = 0.00>
ST_1 : Operation 83 [1/1] (0.00ns)   --->   "%specbitsmap_ln0 = specbitsmap void @_ssdm_op_SpecBitsMap, i32 %input_stream"   --->   Operation 83 'specbitsmap' 'specbitsmap_ln0' <Predicate = true> <Delay = 0.00>
ST_1 : Operation 84 [1/1] (0.00ns)   --->   "%specinterface_ln0 = specinterface void @_ssdm_op_SpecInterface, i64 %output_r, void @empty_3, i32 0, i32 0, void @empty_14, i32 0, i32 0, void @empty_4, void @empty_6, void @empty_14, i32 0, i32 0, i32 0, i32 0, void @empty_14, void @empty_8, i32 4294967295, i32 0"   --->   Operation 84 'specinterface' 'specinterface_ln0' <Predicate = true> <Delay = 0.00>
ST_1 : Operation 85 [1/1] (0.00ns)   --->   "%specinterface_ln0 = specinterface void @_ssdm_op_SpecInterface, i64 %output_r, void @empty_5, i32 0, i32 0, void @empty_14, i32 0, i32 0, void @empty_14, void @empty_14, void @empty_14, i32 0, i32 0, i32 0, i32 0, void @empty_14, void @empty_8, i32 4294967295, i32 0"   --->   Operation 85 'specinterface' 'specinterface_ln0' <Predicate = true> <Delay = 0.00>
ST_1 : Operation 86 [1/1] (0.00ns)   --->   "%specbitsmap_ln0 = specbitsmap void @_ssdm_op_SpecBitsMap, i32 %size"   --->   Operation 86 'specbitsmap' 'specbitsmap_ln0' <Predicate = true> <Delay = 0.00>
ST_1 : Operation 87 [1/1] (0.00ns)   --->   "%specinterface_ln0 = specinterface void @_ssdm_op_SpecInterface, i32 %size, void @empty_3, i32 0, i32 0, void @empty_14, i32 0, i32 0, void @empty_4, void @empty_9, void @empty_14, i32 0, i32 0, i32 0, i32 0, void @empty_14, void @empty_14, i32 4294967295, i32 0"   --->   Operation 87 'specinterface' 'specinterface_ln0' <Predicate = true> <Delay = 0.00>
ST_1 : Operation 88 [1/1] (0.00ns)   --->   "%specinterface_ln0 = specinterface void @_ssdm_op_SpecInterface, i32 %size, void @empty_10, i32 0, i32 0, void @empty_14, i32 0, i32 0, void @empty_14, void @empty_14, void @empty_14, i32 0, i32 0, i32 0, i32 0, void @empty_14, void @empty_14, i32 4294967295, i32 0"   --->   Operation 88 'specinterface' 'specinterface_ln0' <Predicate = true> <Delay = 0.00>
ST_1 : Operation 89 [1/1] (0.00ns)   --->   "%specinterface_ln0 = specinterface void @_ssdm_op_SpecInterface, i32 0, void @empty_3, i32 0, i32 0, void @empty_14, i32 0, i32 0, void @empty_4, void @empty_14, void @empty_14, i32 0, i32 0, i32 0, i32 0, void @empty_14, void @empty_14, i32 4294967295, i32 0"   --->   Operation 89 'specinterface' 'specinterface_ln0' <Predicate = true> <Delay = 0.00>
ST_1 : Operation 90 [1/1] (0.89ns)   --->   "%icmp_ln43 = icmp_sgt  i32 %size_read, i32 0" [/home/gsorrentino/projects/voted_hdl/voted/fpga/s2mm.cpp:43]   --->   Operation 90 'icmp' 'icmp_ln43' <Predicate = true> <Delay = 0.89> <CoreInst = "Cmp">   --->   Core 9 'Cmp' <Latency = 0> <II = 1> <Delay = 0.89> <FuncUnit> <Opcode : 'icmp'> <InPorts = 2> <OutPorts = 1>
ST_1 : Operation 91 [1/1] (0.00ns)   --->   "%trunc_ln1 = partselect i62 @_ssdm_op_PartSelect.i62.i64.i32.i32, i64 %output_r_read, i32 2, i32 63" [/home/gsorrentino/projects/voted_hdl/voted/fpga/s2mm.cpp:43]   --->   Operation 91 'partselect' 'trunc_ln1' <Predicate = true> <Delay = 0.00>
ST_1 : Operation 92 [1/1] (0.00ns)   --->   "%sext_ln43 = sext i62 %trunc_ln1" [/home/gsorrentino/projects/voted_hdl/voted/fpga/s2mm.cpp:43]   --->   Operation 92 'sext' 'sext_ln43' <Predicate = true> <Delay = 0.00>
ST_1 : Operation 93 [1/1] (0.00ns)   --->   "%gmem1_addr = getelementptr i32 %gmem1, i64 %sext_ln43" [/home/gsorrentino/projects/voted_hdl/voted/fpga/s2mm.cpp:43]   --->   Operation 93 'getelementptr' 'gmem1_addr' <Predicate = true> <Delay = 0.00>
ST_1 : Operation 94 [1/1] (0.40ns)   --->   "%empty = select i1 %icmp_ln43, i31 %trunc_ln33, i31 0" [/home/gsorrentino/projects/voted_hdl/voted/fpga/s2mm.cpp:43]   --->   Operation 94 'select' 'empty' <Predicate = true> <Delay = 0.40> <CoreInst = "Sel">   --->   Core 77 'Sel' <Latency = 0> <II = 1> <Delay = 0.40> <FuncUnit> <Opcode : 'select'> <InPorts = 3> <OutPorts = 1>
ST_1 : Operation 95 [1/1] (0.00ns)   --->   "%zext_ln43 = zext i31 %empty" [/home/gsorrentino/projects/voted_hdl/voted/fpga/s2mm.cpp:43]   --->   Operation 95 'zext' 'zext_ln43' <Predicate = true> <Delay = 0.00>
ST_1 : Operation 96 [1/1] (0.46ns)   --->   "%store_ln43 = store i31 0, i31 %i" [/home/gsorrentino/projects/voted_hdl/voted/fpga/s2mm.cpp:43]   --->   Operation 96 'store' 'store_ln43' <Predicate = true> <Delay = 0.46>
ST_1 : Operation 97 [1/1] (0.33ns)   --->   "%br_ln43 = br void %for.inc" [/home/gsorrentino/projects/voted_hdl/voted/fpga/s2mm.cpp:43]   --->   Operation 97 'br' 'br_ln43' <Predicate = true> <Delay = 0.33>

State 2 <SV = 1> <Delay = 1.78>
ST_2 : Operation 98 [1/1] (0.00ns)   --->   "%first_iter_0 = phi i1 0, void %new.latch.for.inc.split, i1 1, void %entry"   --->   Operation 98 'phi' 'first_iter_0' <Predicate = true> <Delay = 0.00>
ST_2 : Operation 99 [1/1] (0.00ns)   --->   "%i_load = load i31 %i"   --->   Operation 99 'load' 'i_load' <Predicate = true> <Delay = 0.00>
ST_2 : Operation 100 [1/1] (0.00ns)   --->   "%i_cast = zext i31 %i_load"   --->   Operation 100 'zext' 'i_cast' <Predicate = true> <Delay = 0.00>
ST_2 : Operation 101 [1/1] (0.00ns)   --->   "%specpipeline_ln0 = specpipeline void @_ssdm_op_SpecPipeline, i32 4294967295, i32 0, i32 1, i32 0, void @p_str"   --->   Operation 101 'specpipeline' 'specpipeline_ln0' <Predicate = true> <Delay = 0.00>
ST_2 : Operation 102 [1/1] (0.89ns)   --->   "%icmp_ln43_1 = icmp_slt  i32 %i_cast, i32 %size_read" [/home/gsorrentino/projects/voted_hdl/voted/fpga/s2mm.cpp:43]   --->   Operation 102 'icmp' 'icmp_ln43_1' <Predicate = true> <Delay = 0.89> <CoreInst = "Cmp">   --->   Core 9 'Cmp' <Latency = 0> <II = 1> <Delay = 0.89> <FuncUnit> <Opcode : 'icmp'> <InPorts = 2> <OutPorts = 1>
ST_2 : Operation 103 [1/1] (0.89ns)   --->   "%add_ln43 = add i32 %i_cast, i32 1"   --->   Operation 103 'add' 'add_ln43' <Predicate = true> <Delay = 0.89> <CoreInst = "Adder">   --->   Core 1 'Adder' <Latency = 0> <II = 1> <Delay = 0.89> <FuncUnit> <Opcode : 'add' 'sub'> <InPorts = 2> <OutPorts = 1>
ST_2 : Operation 104 [1/1] (0.00ns)   --->   "%trunc_ln43 = trunc i32 %add_ln43" [/home/gsorrentino/projects/voted_hdl/voted/fpga/s2mm.cpp:43]   --->   Operation 104 'trunc' 'trunc_ln43' <Predicate = true> <Delay = 0.00>
ST_2 : Operation 105 [1/1] (0.00ns)   --->   "%br_ln43 = br i1 %icmp_ln43_1, void %for.end.loopexit, void %new.body.for.inc" [/home/gsorrentino/projects/voted_hdl/voted/fpga/s2mm.cpp:43]   --->   Operation 105 'br' 'br_ln43' <Predicate = true> <Delay = 0.00>
ST_2 : Operation 106 [1/1] (0.00ns)   --->   "%br_ln43 = br i1 %first_iter_0, void %for.inc.split, void %for.first.iter.for.inc" [/home/gsorrentino/projects/voted_hdl/voted/fpga/s2mm.cpp:43]   --->   Operation 106 'br' 'br_ln43' <Predicate = (icmp_ln43_1)> <Delay = 0.00>
ST_2 : Operation 107 [1/1] (0.00ns)   --->   "%x = read i32 @_ssdm_op_Read.axis.volatile.i32P128A, i32 %input_stream" [/home/gsorrentino/projects/voted_hdl/voted/fpga/s2mm.cpp:44]   --->   Operation 107 'read' 'x' <Predicate = (icmp_ln43_1)> <Delay = 0.00> <CoreInst = "axis">   --->   Core 127 'axis' <Latency = 0> <II = 1> <Delay = 1.00> <Adapter> <Opcode : >
ST_2 : Operation 108 [1/1] (0.89ns)   --->   "%icmp_ln43_2 = icmp_slt  i32 %add_ln43, i32 %size_read" [/home/gsorrentino/projects/voted_hdl/voted/fpga/s2mm.cpp:43]   --->   Operation 108 'icmp' 'icmp_ln43_2' <Predicate = (icmp_ln43_1)> <Delay = 0.89> <CoreInst = "Cmp">   --->   Core 9 'Cmp' <Latency = 0> <II = 1> <Delay = 0.89> <FuncUnit> <Opcode : 'icmp'> <InPorts = 2> <OutPorts = 1>
ST_2 : Operation 109 [1/1] (0.00ns)   --->   "%br_ln43 = br i1 %icmp_ln43_2, void %last.iter.for.inc.split, void %new.latch.for.inc.split" [/home/gsorrentino/projects/voted_hdl/voted/fpga/s2mm.cpp:43]   --->   Operation 109 'br' 'br_ln43' <Predicate = (icmp_ln43_1)> <Delay = 0.00>
ST_2 : Operation 110 [1/1] (0.46ns)   --->   "%store_ln43 = store i31 %trunc_ln43, i31 %i" [/home/gsorrentino/projects/voted_hdl/voted/fpga/s2mm.cpp:43]   --->   Operation 110 'store' 'store_ln43' <Predicate = (icmp_ln43_1)> <Delay = 0.46>
ST_2 : Operation 111 [1/1] (0.00ns)   --->   "%br_ln43 = br void %for.inc" [/home/gsorrentino/projects/voted_hdl/voted/fpga/s2mm.cpp:43]   --->   Operation 111 'br' 'br_ln43' <Predicate = (icmp_ln43_1)> <Delay = 0.00>

State 3 <SV = 2> <Delay = 2.43>
ST_3 : Operation 112 [1/1] (2.43ns)   --->   "%empty_19 = writereq i1 @_ssdm_op_WriteReq.m_axi.p1i32, i32 %gmem1_addr, i32 %zext_ln43" [/home/gsorrentino/projects/voted_hdl/voted/fpga/s2mm.cpp:43]   --->   Operation 112 'writereq' 'empty_19' <Predicate = (first_iter_0)> <Delay = 2.43> <CoreInst = "m_axi">   --->   Core 125 'm_axi' <Latency = 0> <II = 1> <Delay = 1.00> <Adapter> <Opcode : 'read' 'write' 'readreq' 'writereq' 'writeresp'>
ST_3 : Operation 113 [1/1] (0.00ns)   --->   "%br_ln43 = br void %for.inc.split" [/home/gsorrentino/projects/voted_hdl/voted/fpga/s2mm.cpp:43]   --->   Operation 113 'br' 'br_ln43' <Predicate = (first_iter_0)> <Delay = 0.00>

State 4 <SV = 3> <Delay = 2.43>
ST_4 : Operation 114 [1/1] (0.00ns)   --->   "%specloopname_ln43 = specloopname void @_ssdm_op_SpecLoopName, void @empty_13" [/home/gsorrentino/projects/voted_hdl/voted/fpga/s2mm.cpp:43]   --->   Operation 114 'specloopname' 'specloopname_ln43' <Predicate = true> <Delay = 0.00>
ST_4 : Operation 115 [1/1] (2.43ns)   --->   "%write_ln45 = write void @_ssdm_op_Write.m_axi.p1i32, i32 %gmem1_addr, i32 %x, i4 15" [/home/gsorrentino/projects/voted_hdl/voted/fpga/s2mm.cpp:45]   --->   Operation 115 'write' 'write_ln45' <Predicate = true> <Delay = 2.43> <CoreInst = "m_axi">   --->   Core 125 'm_axi' <Latency = 0> <II = 1> <Delay = 1.00> <Adapter> <Opcode : 'read' 'write' 'readreq' 'writereq' 'writeresp'>

State 5 <SV = 4> <Delay = 2.43>
ST_5 : Operation 116 [68/68] (2.43ns)   --->   "%empty_20 = writeresp i1 @_ssdm_op_WriteResp.m_axi.p1i32, i32 %gmem1_addr" [/home/gsorrentino/projects/voted_hdl/voted/fpga/s2mm.cpp:47]   --->   Operation 116 'writeresp' 'empty_20' <Predicate = (!icmp_ln43_2)> <Delay = 2.43> <CoreInst = "m_axi">   --->   Core 125 'm_axi' <Latency = 0> <II = 1> <Delay = 1.00> <Adapter> <Opcode : 'read' 'write' 'readreq' 'writereq' 'writeresp'>

State 6 <SV = 5> <Delay = 2.43>
ST_6 : Operation 117 [67/68] (2.43ns)   --->   "%empty_20 = writeresp i1 @_ssdm_op_WriteResp.m_axi.p1i32, i32 %gmem1_addr" [/home/gsorrentino/projects/voted_hdl/voted/fpga/s2mm.cpp:47]   --->   Operation 117 'writeresp' 'empty_20' <Predicate = (!icmp_ln43_2)> <Delay = 2.43> <CoreInst = "m_axi">   --->   Core 125 'm_axi' <Latency = 0> <II = 1> <Delay = 1.00> <Adapter> <Opcode : 'read' 'write' 'readreq' 'writereq' 'writeresp'>

State 7 <SV = 6> <Delay = 2.43>
ST_7 : Operation 118 [66/68] (2.43ns)   --->   "%empty_20 = writeresp i1 @_ssdm_op_WriteResp.m_axi.p1i32, i32 %gmem1_addr" [/home/gsorrentino/projects/voted_hdl/voted/fpga/s2mm.cpp:47]   --->   Operation 118 'writeresp' 'empty_20' <Predicate = (!icmp_ln43_2)> <Delay = 2.43> <CoreInst = "m_axi">   --->   Core 125 'm_axi' <Latency = 0> <II = 1> <Delay = 1.00> <Adapter> <Opcode : 'read' 'write' 'readreq' 'writereq' 'writeresp'>

State 8 <SV = 7> <Delay = 2.43>
ST_8 : Operation 119 [65/68] (2.43ns)   --->   "%empty_20 = writeresp i1 @_ssdm_op_WriteResp.m_axi.p1i32, i32 %gmem1_addr" [/home/gsorrentino/projects/voted_hdl/voted/fpga/s2mm.cpp:47]   --->   Operation 119 'writeresp' 'empty_20' <Predicate = (!icmp_ln43_2)> <Delay = 2.43> <CoreInst = "m_axi">   --->   Core 125 'm_axi' <Latency = 0> <II = 1> <Delay = 1.00> <Adapter> <Opcode : 'read' 'write' 'readreq' 'writereq' 'writeresp'>

State 9 <SV = 8> <Delay = 2.43>
ST_9 : Operation 120 [64/68] (2.43ns)   --->   "%empty_20 = writeresp i1 @_ssdm_op_WriteResp.m_axi.p1i32, i32 %gmem1_addr" [/home/gsorrentino/projects/voted_hdl/voted/fpga/s2mm.cpp:47]   --->   Operation 120 'writeresp' 'empty_20' <Predicate = (!icmp_ln43_2)> <Delay = 2.43> <CoreInst = "m_axi">   --->   Core 125 'm_axi' <Latency = 0> <II = 1> <Delay = 1.00> <Adapter> <Opcode : 'read' 'write' 'readreq' 'writereq' 'writeresp'>

State 10 <SV = 9> <Delay = 2.43>
ST_10 : Operation 121 [63/68] (2.43ns)   --->   "%empty_20 = writeresp i1 @_ssdm_op_WriteResp.m_axi.p1i32, i32 %gmem1_addr" [/home/gsorrentino/projects/voted_hdl/voted/fpga/s2mm.cpp:47]   --->   Operation 121 'writeresp' 'empty_20' <Predicate = (!icmp_ln43_2)> <Delay = 2.43> <CoreInst = "m_axi">   --->   Core 125 'm_axi' <Latency = 0> <II = 1> <Delay = 1.00> <Adapter> <Opcode : 'read' 'write' 'readreq' 'writereq' 'writeresp'>

State 11 <SV = 10> <Delay = 2.43>
ST_11 : Operation 122 [62/68] (2.43ns)   --->   "%empty_20 = writeresp i1 @_ssdm_op_WriteResp.m_axi.p1i32, i32 %gmem1_addr" [/home/gsorrentino/projects/voted_hdl/voted/fpga/s2mm.cpp:47]   --->   Operation 122 'writeresp' 'empty_20' <Predicate = (!icmp_ln43_2)> <Delay = 2.43> <CoreInst = "m_axi">   --->   Core 125 'm_axi' <Latency = 0> <II = 1> <Delay = 1.00> <Adapter> <Opcode : 'read' 'write' 'readreq' 'writereq' 'writeresp'>

State 12 <SV = 11> <Delay = 2.43>
ST_12 : Operation 123 [61/68] (2.43ns)   --->   "%empty_20 = writeresp i1 @_ssdm_op_WriteResp.m_axi.p1i32, i32 %gmem1_addr" [/home/gsorrentino/projects/voted_hdl/voted/fpga/s2mm.cpp:47]   --->   Operation 123 'writeresp' 'empty_20' <Predicate = (!icmp_ln43_2)> <Delay = 2.43> <CoreInst = "m_axi">   --->   Core 125 'm_axi' <Latency = 0> <II = 1> <Delay = 1.00> <Adapter> <Opcode : 'read' 'write' 'readreq' 'writereq' 'writeresp'>

State 13 <SV = 12> <Delay = 2.43>
ST_13 : Operation 124 [60/68] (2.43ns)   --->   "%empty_20 = writeresp i1 @_ssdm_op_WriteResp.m_axi.p1i32, i32 %gmem1_addr" [/home/gsorrentino/projects/voted_hdl/voted/fpga/s2mm.cpp:47]   --->   Operation 124 'writeresp' 'empty_20' <Predicate = (!icmp_ln43_2)> <Delay = 2.43> <CoreInst = "m_axi">   --->   Core 125 'm_axi' <Latency = 0> <II = 1> <Delay = 1.00> <Adapter> <Opcode : 'read' 'write' 'readreq' 'writereq' 'writeresp'>

State 14 <SV = 13> <Delay = 2.43>
ST_14 : Operation 125 [59/68] (2.43ns)   --->   "%empty_20 = writeresp i1 @_ssdm_op_WriteResp.m_axi.p1i32, i32 %gmem1_addr" [/home/gsorrentino/projects/voted_hdl/voted/fpga/s2mm.cpp:47]   --->   Operation 125 'writeresp' 'empty_20' <Predicate = (!icmp_ln43_2)> <Delay = 2.43> <CoreInst = "m_axi">   --->   Core 125 'm_axi' <Latency = 0> <II = 1> <Delay = 1.00> <Adapter> <Opcode : 'read' 'write' 'readreq' 'writereq' 'writeresp'>

State 15 <SV = 14> <Delay = 2.43>
ST_15 : Operation 126 [58/68] (2.43ns)   --->   "%empty_20 = writeresp i1 @_ssdm_op_WriteResp.m_axi.p1i32, i32 %gmem1_addr" [/home/gsorrentino/projects/voted_hdl/voted/fpga/s2mm.cpp:47]   --->   Operation 126 'writeresp' 'empty_20' <Predicate = (!icmp_ln43_2)> <Delay = 2.43> <CoreInst = "m_axi">   --->   Core 125 'm_axi' <Latency = 0> <II = 1> <Delay = 1.00> <Adapter> <Opcode : 'read' 'write' 'readreq' 'writereq' 'writeresp'>

State 16 <SV = 15> <Delay = 2.43>
ST_16 : Operation 127 [57/68] (2.43ns)   --->   "%empty_20 = writeresp i1 @_ssdm_op_WriteResp.m_axi.p1i32, i32 %gmem1_addr" [/home/gsorrentino/projects/voted_hdl/voted/fpga/s2mm.cpp:47]   --->   Operation 127 'writeresp' 'empty_20' <Predicate = (!icmp_ln43_2)> <Delay = 2.43> <CoreInst = "m_axi">   --->   Core 125 'm_axi' <Latency = 0> <II = 1> <Delay = 1.00> <Adapter> <Opcode : 'read' 'write' 'readreq' 'writereq' 'writeresp'>

State 17 <SV = 16> <Delay = 2.43>
ST_17 : Operation 128 [56/68] (2.43ns)   --->   "%empty_20 = writeresp i1 @_ssdm_op_WriteResp.m_axi.p1i32, i32 %gmem1_addr" [/home/gsorrentino/projects/voted_hdl/voted/fpga/s2mm.cpp:47]   --->   Operation 128 'writeresp' 'empty_20' <Predicate = (!icmp_ln43_2)> <Delay = 2.43> <CoreInst = "m_axi">   --->   Core 125 'm_axi' <Latency = 0> <II = 1> <Delay = 1.00> <Adapter> <Opcode : 'read' 'write' 'readreq' 'writereq' 'writeresp'>

State 18 <SV = 17> <Delay = 2.43>
ST_18 : Operation 129 [55/68] (2.43ns)   --->   "%empty_20 = writeresp i1 @_ssdm_op_WriteResp.m_axi.p1i32, i32 %gmem1_addr" [/home/gsorrentino/projects/voted_hdl/voted/fpga/s2mm.cpp:47]   --->   Operation 129 'writeresp' 'empty_20' <Predicate = (!icmp_ln43_2)> <Delay = 2.43> <CoreInst = "m_axi">   --->   Core 125 'm_axi' <Latency = 0> <II = 1> <Delay = 1.00> <Adapter> <Opcode : 'read' 'write' 'readreq' 'writereq' 'writeresp'>

State 19 <SV = 18> <Delay = 2.43>
ST_19 : Operation 130 [54/68] (2.43ns)   --->   "%empty_20 = writeresp i1 @_ssdm_op_WriteResp.m_axi.p1i32, i32 %gmem1_addr" [/home/gsorrentino/projects/voted_hdl/voted/fpga/s2mm.cpp:47]   --->   Operation 130 'writeresp' 'empty_20' <Predicate = (!icmp_ln43_2)> <Delay = 2.43> <CoreInst = "m_axi">   --->   Core 125 'm_axi' <Latency = 0> <II = 1> <Delay = 1.00> <Adapter> <Opcode : 'read' 'write' 'readreq' 'writereq' 'writeresp'>

State 20 <SV = 19> <Delay = 2.43>
ST_20 : Operation 131 [53/68] (2.43ns)   --->   "%empty_20 = writeresp i1 @_ssdm_op_WriteResp.m_axi.p1i32, i32 %gmem1_addr" [/home/gsorrentino/projects/voted_hdl/voted/fpga/s2mm.cpp:47]   --->   Operation 131 'writeresp' 'empty_20' <Predicate = (!icmp_ln43_2)> <Delay = 2.43> <CoreInst = "m_axi">   --->   Core 125 'm_axi' <Latency = 0> <II = 1> <Delay = 1.00> <Adapter> <Opcode : 'read' 'write' 'readreq' 'writereq' 'writeresp'>

State 21 <SV = 20> <Delay = 2.43>
ST_21 : Operation 132 [52/68] (2.43ns)   --->   "%empty_20 = writeresp i1 @_ssdm_op_WriteResp.m_axi.p1i32, i32 %gmem1_addr" [/home/gsorrentino/projects/voted_hdl/voted/fpga/s2mm.cpp:47]   --->   Operation 132 'writeresp' 'empty_20' <Predicate = (!icmp_ln43_2)> <Delay = 2.43> <CoreInst = "m_axi">   --->   Core 125 'm_axi' <Latency = 0> <II = 1> <Delay = 1.00> <Adapter> <Opcode : 'read' 'write' 'readreq' 'writereq' 'writeresp'>

State 22 <SV = 21> <Delay = 2.43>
ST_22 : Operation 133 [51/68] (2.43ns)   --->   "%empty_20 = writeresp i1 @_ssdm_op_WriteResp.m_axi.p1i32, i32 %gmem1_addr" [/home/gsorrentino/projects/voted_hdl/voted/fpga/s2mm.cpp:47]   --->   Operation 133 'writeresp' 'empty_20' <Predicate = (!icmp_ln43_2)> <Delay = 2.43> <CoreInst = "m_axi">   --->   Core 125 'm_axi' <Latency = 0> <II = 1> <Delay = 1.00> <Adapter> <Opcode : 'read' 'write' 'readreq' 'writereq' 'writeresp'>

State 23 <SV = 22> <Delay = 2.43>
ST_23 : Operation 134 [50/68] (2.43ns)   --->   "%empty_20 = writeresp i1 @_ssdm_op_WriteResp.m_axi.p1i32, i32 %gmem1_addr" [/home/gsorrentino/projects/voted_hdl/voted/fpga/s2mm.cpp:47]   --->   Operation 134 'writeresp' 'empty_20' <Predicate = (!icmp_ln43_2)> <Delay = 2.43> <CoreInst = "m_axi">   --->   Core 125 'm_axi' <Latency = 0> <II = 1> <Delay = 1.00> <Adapter> <Opcode : 'read' 'write' 'readreq' 'writereq' 'writeresp'>

State 24 <SV = 23> <Delay = 2.43>
ST_24 : Operation 135 [49/68] (2.43ns)   --->   "%empty_20 = writeresp i1 @_ssdm_op_WriteResp.m_axi.p1i32, i32 %gmem1_addr" [/home/gsorrentino/projects/voted_hdl/voted/fpga/s2mm.cpp:47]   --->   Operation 135 'writeresp' 'empty_20' <Predicate = (!icmp_ln43_2)> <Delay = 2.43> <CoreInst = "m_axi">   --->   Core 125 'm_axi' <Latency = 0> <II = 1> <Delay = 1.00> <Adapter> <Opcode : 'read' 'write' 'readreq' 'writereq' 'writeresp'>

State 25 <SV = 24> <Delay = 2.43>
ST_25 : Operation 136 [48/68] (2.43ns)   --->   "%empty_20 = writeresp i1 @_ssdm_op_WriteResp.m_axi.p1i32, i32 %gmem1_addr" [/home/gsorrentino/projects/voted_hdl/voted/fpga/s2mm.cpp:47]   --->   Operation 136 'writeresp' 'empty_20' <Predicate = (!icmp_ln43_2)> <Delay = 2.43> <CoreInst = "m_axi">   --->   Core 125 'm_axi' <Latency = 0> <II = 1> <Delay = 1.00> <Adapter> <Opcode : 'read' 'write' 'readreq' 'writereq' 'writeresp'>

State 26 <SV = 25> <Delay = 2.43>
ST_26 : Operation 137 [47/68] (2.43ns)   --->   "%empty_20 = writeresp i1 @_ssdm_op_WriteResp.m_axi.p1i32, i32 %gmem1_addr" [/home/gsorrentino/projects/voted_hdl/voted/fpga/s2mm.cpp:47]   --->   Operation 137 'writeresp' 'empty_20' <Predicate = (!icmp_ln43_2)> <Delay = 2.43> <CoreInst = "m_axi">   --->   Core 125 'm_axi' <Latency = 0> <II = 1> <Delay = 1.00> <Adapter> <Opcode : 'read' 'write' 'readreq' 'writereq' 'writeresp'>

State 27 <SV = 26> <Delay = 2.43>
ST_27 : Operation 138 [46/68] (2.43ns)   --->   "%empty_20 = writeresp i1 @_ssdm_op_WriteResp.m_axi.p1i32, i32 %gmem1_addr" [/home/gsorrentino/projects/voted_hdl/voted/fpga/s2mm.cpp:47]   --->   Operation 138 'writeresp' 'empty_20' <Predicate = (!icmp_ln43_2)> <Delay = 2.43> <CoreInst = "m_axi">   --->   Core 125 'm_axi' <Latency = 0> <II = 1> <Delay = 1.00> <Adapter> <Opcode : 'read' 'write' 'readreq' 'writereq' 'writeresp'>

State 28 <SV = 27> <Delay = 2.43>
ST_28 : Operation 139 [45/68] (2.43ns)   --->   "%empty_20 = writeresp i1 @_ssdm_op_WriteResp.m_axi.p1i32, i32 %gmem1_addr" [/home/gsorrentino/projects/voted_hdl/voted/fpga/s2mm.cpp:47]   --->   Operation 139 'writeresp' 'empty_20' <Predicate = (!icmp_ln43_2)> <Delay = 2.43> <CoreInst = "m_axi">   --->   Core 125 'm_axi' <Latency = 0> <II = 1> <Delay = 1.00> <Adapter> <Opcode : 'read' 'write' 'readreq' 'writereq' 'writeresp'>

State 29 <SV = 28> <Delay = 2.43>
ST_29 : Operation 140 [44/68] (2.43ns)   --->   "%empty_20 = writeresp i1 @_ssdm_op_WriteResp.m_axi.p1i32, i32 %gmem1_addr" [/home/gsorrentino/projects/voted_hdl/voted/fpga/s2mm.cpp:47]   --->   Operation 140 'writeresp' 'empty_20' <Predicate = (!icmp_ln43_2)> <Delay = 2.43> <CoreInst = "m_axi">   --->   Core 125 'm_axi' <Latency = 0> <II = 1> <Delay = 1.00> <Adapter> <Opcode : 'read' 'write' 'readreq' 'writereq' 'writeresp'>

State 30 <SV = 29> <Delay = 2.43>
ST_30 : Operation 141 [43/68] (2.43ns)   --->   "%empty_20 = writeresp i1 @_ssdm_op_WriteResp.m_axi.p1i32, i32 %gmem1_addr" [/home/gsorrentino/projects/voted_hdl/voted/fpga/s2mm.cpp:47]   --->   Operation 141 'writeresp' 'empty_20' <Predicate = (!icmp_ln43_2)> <Delay = 2.43> <CoreInst = "m_axi">   --->   Core 125 'm_axi' <Latency = 0> <II = 1> <Delay = 1.00> <Adapter> <Opcode : 'read' 'write' 'readreq' 'writereq' 'writeresp'>

State 31 <SV = 30> <Delay = 2.43>
ST_31 : Operation 142 [42/68] (2.43ns)   --->   "%empty_20 = writeresp i1 @_ssdm_op_WriteResp.m_axi.p1i32, i32 %gmem1_addr" [/home/gsorrentino/projects/voted_hdl/voted/fpga/s2mm.cpp:47]   --->   Operation 142 'writeresp' 'empty_20' <Predicate = (!icmp_ln43_2)> <Delay = 2.43> <CoreInst = "m_axi">   --->   Core 125 'm_axi' <Latency = 0> <II = 1> <Delay = 1.00> <Adapter> <Opcode : 'read' 'write' 'readreq' 'writereq' 'writeresp'>

State 32 <SV = 31> <Delay = 2.43>
ST_32 : Operation 143 [41/68] (2.43ns)   --->   "%empty_20 = writeresp i1 @_ssdm_op_WriteResp.m_axi.p1i32, i32 %gmem1_addr" [/home/gsorrentino/projects/voted_hdl/voted/fpga/s2mm.cpp:47]   --->   Operation 143 'writeresp' 'empty_20' <Predicate = (!icmp_ln43_2)> <Delay = 2.43> <CoreInst = "m_axi">   --->   Core 125 'm_axi' <Latency = 0> <II = 1> <Delay = 1.00> <Adapter> <Opcode : 'read' 'write' 'readreq' 'writereq' 'writeresp'>

State 33 <SV = 32> <Delay = 2.43>
ST_33 : Operation 144 [40/68] (2.43ns)   --->   "%empty_20 = writeresp i1 @_ssdm_op_WriteResp.m_axi.p1i32, i32 %gmem1_addr" [/home/gsorrentino/projects/voted_hdl/voted/fpga/s2mm.cpp:47]   --->   Operation 144 'writeresp' 'empty_20' <Predicate = (!icmp_ln43_2)> <Delay = 2.43> <CoreInst = "m_axi">   --->   Core 125 'm_axi' <Latency = 0> <II = 1> <Delay = 1.00> <Adapter> <Opcode : 'read' 'write' 'readreq' 'writereq' 'writeresp'>

State 34 <SV = 33> <Delay = 2.43>
ST_34 : Operation 145 [39/68] (2.43ns)   --->   "%empty_20 = writeresp i1 @_ssdm_op_WriteResp.m_axi.p1i32, i32 %gmem1_addr" [/home/gsorrentino/projects/voted_hdl/voted/fpga/s2mm.cpp:47]   --->   Operation 145 'writeresp' 'empty_20' <Predicate = (!icmp_ln43_2)> <Delay = 2.43> <CoreInst = "m_axi">   --->   Core 125 'm_axi' <Latency = 0> <II = 1> <Delay = 1.00> <Adapter> <Opcode : 'read' 'write' 'readreq' 'writereq' 'writeresp'>

State 35 <SV = 34> <Delay = 2.43>
ST_35 : Operation 146 [38/68] (2.43ns)   --->   "%empty_20 = writeresp i1 @_ssdm_op_WriteResp.m_axi.p1i32, i32 %gmem1_addr" [/home/gsorrentino/projects/voted_hdl/voted/fpga/s2mm.cpp:47]   --->   Operation 146 'writeresp' 'empty_20' <Predicate = (!icmp_ln43_2)> <Delay = 2.43> <CoreInst = "m_axi">   --->   Core 125 'm_axi' <Latency = 0> <II = 1> <Delay = 1.00> <Adapter> <Opcode : 'read' 'write' 'readreq' 'writereq' 'writeresp'>

State 36 <SV = 35> <Delay = 2.43>
ST_36 : Operation 147 [37/68] (2.43ns)   --->   "%empty_20 = writeresp i1 @_ssdm_op_WriteResp.m_axi.p1i32, i32 %gmem1_addr" [/home/gsorrentino/projects/voted_hdl/voted/fpga/s2mm.cpp:47]   --->   Operation 147 'writeresp' 'empty_20' <Predicate = (!icmp_ln43_2)> <Delay = 2.43> <CoreInst = "m_axi">   --->   Core 125 'm_axi' <Latency = 0> <II = 1> <Delay = 1.00> <Adapter> <Opcode : 'read' 'write' 'readreq' 'writereq' 'writeresp'>

State 37 <SV = 36> <Delay = 2.43>
ST_37 : Operation 148 [36/68] (2.43ns)   --->   "%empty_20 = writeresp i1 @_ssdm_op_WriteResp.m_axi.p1i32, i32 %gmem1_addr" [/home/gsorrentino/projects/voted_hdl/voted/fpga/s2mm.cpp:47]   --->   Operation 148 'writeresp' 'empty_20' <Predicate = (!icmp_ln43_2)> <Delay = 2.43> <CoreInst = "m_axi">   --->   Core 125 'm_axi' <Latency = 0> <II = 1> <Delay = 1.00> <Adapter> <Opcode : 'read' 'write' 'readreq' 'writereq' 'writeresp'>

State 38 <SV = 37> <Delay = 2.43>
ST_38 : Operation 149 [35/68] (2.43ns)   --->   "%empty_20 = writeresp i1 @_ssdm_op_WriteResp.m_axi.p1i32, i32 %gmem1_addr" [/home/gsorrentino/projects/voted_hdl/voted/fpga/s2mm.cpp:47]   --->   Operation 149 'writeresp' 'empty_20' <Predicate = (!icmp_ln43_2)> <Delay = 2.43> <CoreInst = "m_axi">   --->   Core 125 'm_axi' <Latency = 0> <II = 1> <Delay = 1.00> <Adapter> <Opcode : 'read' 'write' 'readreq' 'writereq' 'writeresp'>

State 39 <SV = 38> <Delay = 2.43>
ST_39 : Operation 150 [34/68] (2.43ns)   --->   "%empty_20 = writeresp i1 @_ssdm_op_WriteResp.m_axi.p1i32, i32 %gmem1_addr" [/home/gsorrentino/projects/voted_hdl/voted/fpga/s2mm.cpp:47]   --->   Operation 150 'writeresp' 'empty_20' <Predicate = (!icmp_ln43_2)> <Delay = 2.43> <CoreInst = "m_axi">   --->   Core 125 'm_axi' <Latency = 0> <II = 1> <Delay = 1.00> <Adapter> <Opcode : 'read' 'write' 'readreq' 'writereq' 'writeresp'>

State 40 <SV = 39> <Delay = 2.43>
ST_40 : Operation 151 [33/68] (2.43ns)   --->   "%empty_20 = writeresp i1 @_ssdm_op_WriteResp.m_axi.p1i32, i32 %gmem1_addr" [/home/gsorrentino/projects/voted_hdl/voted/fpga/s2mm.cpp:47]   --->   Operation 151 'writeresp' 'empty_20' <Predicate = (!icmp_ln43_2)> <Delay = 2.43> <CoreInst = "m_axi">   --->   Core 125 'm_axi' <Latency = 0> <II = 1> <Delay = 1.00> <Adapter> <Opcode : 'read' 'write' 'readreq' 'writereq' 'writeresp'>

State 41 <SV = 40> <Delay = 2.43>
ST_41 : Operation 152 [32/68] (2.43ns)   --->   "%empty_20 = writeresp i1 @_ssdm_op_WriteResp.m_axi.p1i32, i32 %gmem1_addr" [/home/gsorrentino/projects/voted_hdl/voted/fpga/s2mm.cpp:47]   --->   Operation 152 'writeresp' 'empty_20' <Predicate = (!icmp_ln43_2)> <Delay = 2.43> <CoreInst = "m_axi">   --->   Core 125 'm_axi' <Latency = 0> <II = 1> <Delay = 1.00> <Adapter> <Opcode : 'read' 'write' 'readreq' 'writereq' 'writeresp'>

State 42 <SV = 41> <Delay = 2.43>
ST_42 : Operation 153 [31/68] (2.43ns)   --->   "%empty_20 = writeresp i1 @_ssdm_op_WriteResp.m_axi.p1i32, i32 %gmem1_addr" [/home/gsorrentino/projects/voted_hdl/voted/fpga/s2mm.cpp:47]   --->   Operation 153 'writeresp' 'empty_20' <Predicate = (!icmp_ln43_2)> <Delay = 2.43> <CoreInst = "m_axi">   --->   Core 125 'm_axi' <Latency = 0> <II = 1> <Delay = 1.00> <Adapter> <Opcode : 'read' 'write' 'readreq' 'writereq' 'writeresp'>

State 43 <SV = 42> <Delay = 2.43>
ST_43 : Operation 154 [30/68] (2.43ns)   --->   "%empty_20 = writeresp i1 @_ssdm_op_WriteResp.m_axi.p1i32, i32 %gmem1_addr" [/home/gsorrentino/projects/voted_hdl/voted/fpga/s2mm.cpp:47]   --->   Operation 154 'writeresp' 'empty_20' <Predicate = (!icmp_ln43_2)> <Delay = 2.43> <CoreInst = "m_axi">   --->   Core 125 'm_axi' <Latency = 0> <II = 1> <Delay = 1.00> <Adapter> <Opcode : 'read' 'write' 'readreq' 'writereq' 'writeresp'>

State 44 <SV = 43> <Delay = 2.43>
ST_44 : Operation 155 [29/68] (2.43ns)   --->   "%empty_20 = writeresp i1 @_ssdm_op_WriteResp.m_axi.p1i32, i32 %gmem1_addr" [/home/gsorrentino/projects/voted_hdl/voted/fpga/s2mm.cpp:47]   --->   Operation 155 'writeresp' 'empty_20' <Predicate = (!icmp_ln43_2)> <Delay = 2.43> <CoreInst = "m_axi">   --->   Core 125 'm_axi' <Latency = 0> <II = 1> <Delay = 1.00> <Adapter> <Opcode : 'read' 'write' 'readreq' 'writereq' 'writeresp'>

State 45 <SV = 44> <Delay = 2.43>
ST_45 : Operation 156 [28/68] (2.43ns)   --->   "%empty_20 = writeresp i1 @_ssdm_op_WriteResp.m_axi.p1i32, i32 %gmem1_addr" [/home/gsorrentino/projects/voted_hdl/voted/fpga/s2mm.cpp:47]   --->   Operation 156 'writeresp' 'empty_20' <Predicate = (!icmp_ln43_2)> <Delay = 2.43> <CoreInst = "m_axi">   --->   Core 125 'm_axi' <Latency = 0> <II = 1> <Delay = 1.00> <Adapter> <Opcode : 'read' 'write' 'readreq' 'writereq' 'writeresp'>

State 46 <SV = 45> <Delay = 2.43>
ST_46 : Operation 157 [27/68] (2.43ns)   --->   "%empty_20 = writeresp i1 @_ssdm_op_WriteResp.m_axi.p1i32, i32 %gmem1_addr" [/home/gsorrentino/projects/voted_hdl/voted/fpga/s2mm.cpp:47]   --->   Operation 157 'writeresp' 'empty_20' <Predicate = (!icmp_ln43_2)> <Delay = 2.43> <CoreInst = "m_axi">   --->   Core 125 'm_axi' <Latency = 0> <II = 1> <Delay = 1.00> <Adapter> <Opcode : 'read' 'write' 'readreq' 'writereq' 'writeresp'>

State 47 <SV = 46> <Delay = 2.43>
ST_47 : Operation 158 [26/68] (2.43ns)   --->   "%empty_20 = writeresp i1 @_ssdm_op_WriteResp.m_axi.p1i32, i32 %gmem1_addr" [/home/gsorrentino/projects/voted_hdl/voted/fpga/s2mm.cpp:47]   --->   Operation 158 'writeresp' 'empty_20' <Predicate = (!icmp_ln43_2)> <Delay = 2.43> <CoreInst = "m_axi">   --->   Core 125 'm_axi' <Latency = 0> <II = 1> <Delay = 1.00> <Adapter> <Opcode : 'read' 'write' 'readreq' 'writereq' 'writeresp'>

State 48 <SV = 47> <Delay = 2.43>
ST_48 : Operation 159 [25/68] (2.43ns)   --->   "%empty_20 = writeresp i1 @_ssdm_op_WriteResp.m_axi.p1i32, i32 %gmem1_addr" [/home/gsorrentino/projects/voted_hdl/voted/fpga/s2mm.cpp:47]   --->   Operation 159 'writeresp' 'empty_20' <Predicate = (!icmp_ln43_2)> <Delay = 2.43> <CoreInst = "m_axi">   --->   Core 125 'm_axi' <Latency = 0> <II = 1> <Delay = 1.00> <Adapter> <Opcode : 'read' 'write' 'readreq' 'writereq' 'writeresp'>

State 49 <SV = 48> <Delay = 2.43>
ST_49 : Operation 160 [24/68] (2.43ns)   --->   "%empty_20 = writeresp i1 @_ssdm_op_WriteResp.m_axi.p1i32, i32 %gmem1_addr" [/home/gsorrentino/projects/voted_hdl/voted/fpga/s2mm.cpp:47]   --->   Operation 160 'writeresp' 'empty_20' <Predicate = (!icmp_ln43_2)> <Delay = 2.43> <CoreInst = "m_axi">   --->   Core 125 'm_axi' <Latency = 0> <II = 1> <Delay = 1.00> <Adapter> <Opcode : 'read' 'write' 'readreq' 'writereq' 'writeresp'>

State 50 <SV = 49> <Delay = 2.43>
ST_50 : Operation 161 [23/68] (2.43ns)   --->   "%empty_20 = writeresp i1 @_ssdm_op_WriteResp.m_axi.p1i32, i32 %gmem1_addr" [/home/gsorrentino/projects/voted_hdl/voted/fpga/s2mm.cpp:47]   --->   Operation 161 'writeresp' 'empty_20' <Predicate = (!icmp_ln43_2)> <Delay = 2.43> <CoreInst = "m_axi">   --->   Core 125 'm_axi' <Latency = 0> <II = 1> <Delay = 1.00> <Adapter> <Opcode : 'read' 'write' 'readreq' 'writereq' 'writeresp'>

State 51 <SV = 50> <Delay = 2.43>
ST_51 : Operation 162 [22/68] (2.43ns)   --->   "%empty_20 = writeresp i1 @_ssdm_op_WriteResp.m_axi.p1i32, i32 %gmem1_addr" [/home/gsorrentino/projects/voted_hdl/voted/fpga/s2mm.cpp:47]   --->   Operation 162 'writeresp' 'empty_20' <Predicate = (!icmp_ln43_2)> <Delay = 2.43> <CoreInst = "m_axi">   --->   Core 125 'm_axi' <Latency = 0> <II = 1> <Delay = 1.00> <Adapter> <Opcode : 'read' 'write' 'readreq' 'writereq' 'writeresp'>

State 52 <SV = 51> <Delay = 2.43>
ST_52 : Operation 163 [21/68] (2.43ns)   --->   "%empty_20 = writeresp i1 @_ssdm_op_WriteResp.m_axi.p1i32, i32 %gmem1_addr" [/home/gsorrentino/projects/voted_hdl/voted/fpga/s2mm.cpp:47]   --->   Operation 163 'writeresp' 'empty_20' <Predicate = (!icmp_ln43_2)> <Delay = 2.43> <CoreInst = "m_axi">   --->   Core 125 'm_axi' <Latency = 0> <II = 1> <Delay = 1.00> <Adapter> <Opcode : 'read' 'write' 'readreq' 'writereq' 'writeresp'>

State 53 <SV = 52> <Delay = 2.43>
ST_53 : Operation 164 [20/68] (2.43ns)   --->   "%empty_20 = writeresp i1 @_ssdm_op_WriteResp.m_axi.p1i32, i32 %gmem1_addr" [/home/gsorrentino/projects/voted_hdl/voted/fpga/s2mm.cpp:47]   --->   Operation 164 'writeresp' 'empty_20' <Predicate = (!icmp_ln43_2)> <Delay = 2.43> <CoreInst = "m_axi">   --->   Core 125 'm_axi' <Latency = 0> <II = 1> <Delay = 1.00> <Adapter> <Opcode : 'read' 'write' 'readreq' 'writereq' 'writeresp'>

State 54 <SV = 53> <Delay = 2.43>
ST_54 : Operation 165 [19/68] (2.43ns)   --->   "%empty_20 = writeresp i1 @_ssdm_op_WriteResp.m_axi.p1i32, i32 %gmem1_addr" [/home/gsorrentino/projects/voted_hdl/voted/fpga/s2mm.cpp:47]   --->   Operation 165 'writeresp' 'empty_20' <Predicate = (!icmp_ln43_2)> <Delay = 2.43> <CoreInst = "m_axi">   --->   Core 125 'm_axi' <Latency = 0> <II = 1> <Delay = 1.00> <Adapter> <Opcode : 'read' 'write' 'readreq' 'writereq' 'writeresp'>

State 55 <SV = 54> <Delay = 2.43>
ST_55 : Operation 166 [18/68] (2.43ns)   --->   "%empty_20 = writeresp i1 @_ssdm_op_WriteResp.m_axi.p1i32, i32 %gmem1_addr" [/home/gsorrentino/projects/voted_hdl/voted/fpga/s2mm.cpp:47]   --->   Operation 166 'writeresp' 'empty_20' <Predicate = (!icmp_ln43_2)> <Delay = 2.43> <CoreInst = "m_axi">   --->   Core 125 'm_axi' <Latency = 0> <II = 1> <Delay = 1.00> <Adapter> <Opcode : 'read' 'write' 'readreq' 'writereq' 'writeresp'>

State 56 <SV = 55> <Delay = 2.43>
ST_56 : Operation 167 [17/68] (2.43ns)   --->   "%empty_20 = writeresp i1 @_ssdm_op_WriteResp.m_axi.p1i32, i32 %gmem1_addr" [/home/gsorrentino/projects/voted_hdl/voted/fpga/s2mm.cpp:47]   --->   Operation 167 'writeresp' 'empty_20' <Predicate = (!icmp_ln43_2)> <Delay = 2.43> <CoreInst = "m_axi">   --->   Core 125 'm_axi' <Latency = 0> <II = 1> <Delay = 1.00> <Adapter> <Opcode : 'read' 'write' 'readreq' 'writereq' 'writeresp'>

State 57 <SV = 56> <Delay = 2.43>
ST_57 : Operation 168 [16/68] (2.43ns)   --->   "%empty_20 = writeresp i1 @_ssdm_op_WriteResp.m_axi.p1i32, i32 %gmem1_addr" [/home/gsorrentino/projects/voted_hdl/voted/fpga/s2mm.cpp:47]   --->   Operation 168 'writeresp' 'empty_20' <Predicate = (!icmp_ln43_2)> <Delay = 2.43> <CoreInst = "m_axi">   --->   Core 125 'm_axi' <Latency = 0> <II = 1> <Delay = 1.00> <Adapter> <Opcode : 'read' 'write' 'readreq' 'writereq' 'writeresp'>

State 58 <SV = 57> <Delay = 2.43>
ST_58 : Operation 169 [15/68] (2.43ns)   --->   "%empty_20 = writeresp i1 @_ssdm_op_WriteResp.m_axi.p1i32, i32 %gmem1_addr" [/home/gsorrentino/projects/voted_hdl/voted/fpga/s2mm.cpp:47]   --->   Operation 169 'writeresp' 'empty_20' <Predicate = (!icmp_ln43_2)> <Delay = 2.43> <CoreInst = "m_axi">   --->   Core 125 'm_axi' <Latency = 0> <II = 1> <Delay = 1.00> <Adapter> <Opcode : 'read' 'write' 'readreq' 'writereq' 'writeresp'>

State 59 <SV = 58> <Delay = 2.43>
ST_59 : Operation 170 [14/68] (2.43ns)   --->   "%empty_20 = writeresp i1 @_ssdm_op_WriteResp.m_axi.p1i32, i32 %gmem1_addr" [/home/gsorrentino/projects/voted_hdl/voted/fpga/s2mm.cpp:47]   --->   Operation 170 'writeresp' 'empty_20' <Predicate = (!icmp_ln43_2)> <Delay = 2.43> <CoreInst = "m_axi">   --->   Core 125 'm_axi' <Latency = 0> <II = 1> <Delay = 1.00> <Adapter> <Opcode : 'read' 'write' 'readreq' 'writereq' 'writeresp'>

State 60 <SV = 59> <Delay = 2.43>
ST_60 : Operation 171 [13/68] (2.43ns)   --->   "%empty_20 = writeresp i1 @_ssdm_op_WriteResp.m_axi.p1i32, i32 %gmem1_addr" [/home/gsorrentino/projects/voted_hdl/voted/fpga/s2mm.cpp:47]   --->   Operation 171 'writeresp' 'empty_20' <Predicate = (!icmp_ln43_2)> <Delay = 2.43> <CoreInst = "m_axi">   --->   Core 125 'm_axi' <Latency = 0> <II = 1> <Delay = 1.00> <Adapter> <Opcode : 'read' 'write' 'readreq' 'writereq' 'writeresp'>

State 61 <SV = 60> <Delay = 2.43>
ST_61 : Operation 172 [12/68] (2.43ns)   --->   "%empty_20 = writeresp i1 @_ssdm_op_WriteResp.m_axi.p1i32, i32 %gmem1_addr" [/home/gsorrentino/projects/voted_hdl/voted/fpga/s2mm.cpp:47]   --->   Operation 172 'writeresp' 'empty_20' <Predicate = (!icmp_ln43_2)> <Delay = 2.43> <CoreInst = "m_axi">   --->   Core 125 'm_axi' <Latency = 0> <II = 1> <Delay = 1.00> <Adapter> <Opcode : 'read' 'write' 'readreq' 'writereq' 'writeresp'>

State 62 <SV = 61> <Delay = 2.43>
ST_62 : Operation 173 [11/68] (2.43ns)   --->   "%empty_20 = writeresp i1 @_ssdm_op_WriteResp.m_axi.p1i32, i32 %gmem1_addr" [/home/gsorrentino/projects/voted_hdl/voted/fpga/s2mm.cpp:47]   --->   Operation 173 'writeresp' 'empty_20' <Predicate = (!icmp_ln43_2)> <Delay = 2.43> <CoreInst = "m_axi">   --->   Core 125 'm_axi' <Latency = 0> <II = 1> <Delay = 1.00> <Adapter> <Opcode : 'read' 'write' 'readreq' 'writereq' 'writeresp'>

State 63 <SV = 62> <Delay = 2.43>
ST_63 : Operation 174 [10/68] (2.43ns)   --->   "%empty_20 = writeresp i1 @_ssdm_op_WriteResp.m_axi.p1i32, i32 %gmem1_addr" [/home/gsorrentino/projects/voted_hdl/voted/fpga/s2mm.cpp:47]   --->   Operation 174 'writeresp' 'empty_20' <Predicate = (!icmp_ln43_2)> <Delay = 2.43> <CoreInst = "m_axi">   --->   Core 125 'm_axi' <Latency = 0> <II = 1> <Delay = 1.00> <Adapter> <Opcode : 'read' 'write' 'readreq' 'writereq' 'writeresp'>

State 64 <SV = 63> <Delay = 2.43>
ST_64 : Operation 175 [9/68] (2.43ns)   --->   "%empty_20 = writeresp i1 @_ssdm_op_WriteResp.m_axi.p1i32, i32 %gmem1_addr" [/home/gsorrentino/projects/voted_hdl/voted/fpga/s2mm.cpp:47]   --->   Operation 175 'writeresp' 'empty_20' <Predicate = (!icmp_ln43_2)> <Delay = 2.43> <CoreInst = "m_axi">   --->   Core 125 'm_axi' <Latency = 0> <II = 1> <Delay = 1.00> <Adapter> <Opcode : 'read' 'write' 'readreq' 'writereq' 'writeresp'>

State 65 <SV = 64> <Delay = 2.43>
ST_65 : Operation 176 [8/68] (2.43ns)   --->   "%empty_20 = writeresp i1 @_ssdm_op_WriteResp.m_axi.p1i32, i32 %gmem1_addr" [/home/gsorrentino/projects/voted_hdl/voted/fpga/s2mm.cpp:47]   --->   Operation 176 'writeresp' 'empty_20' <Predicate = (!icmp_ln43_2)> <Delay = 2.43> <CoreInst = "m_axi">   --->   Core 125 'm_axi' <Latency = 0> <II = 1> <Delay = 1.00> <Adapter> <Opcode : 'read' 'write' 'readreq' 'writereq' 'writeresp'>

State 66 <SV = 65> <Delay = 2.43>
ST_66 : Operation 177 [7/68] (2.43ns)   --->   "%empty_20 = writeresp i1 @_ssdm_op_WriteResp.m_axi.p1i32, i32 %gmem1_addr" [/home/gsorrentino/projects/voted_hdl/voted/fpga/s2mm.cpp:47]   --->   Operation 177 'writeresp' 'empty_20' <Predicate = (!icmp_ln43_2)> <Delay = 2.43> <CoreInst = "m_axi">   --->   Core 125 'm_axi' <Latency = 0> <II = 1> <Delay = 1.00> <Adapter> <Opcode : 'read' 'write' 'readreq' 'writereq' 'writeresp'>

State 67 <SV = 66> <Delay = 2.43>
ST_67 : Operation 178 [6/68] (2.43ns)   --->   "%empty_20 = writeresp i1 @_ssdm_op_WriteResp.m_axi.p1i32, i32 %gmem1_addr" [/home/gsorrentino/projects/voted_hdl/voted/fpga/s2mm.cpp:47]   --->   Operation 178 'writeresp' 'empty_20' <Predicate = (!icmp_ln43_2)> <Delay = 2.43> <CoreInst = "m_axi">   --->   Core 125 'm_axi' <Latency = 0> <II = 1> <Delay = 1.00> <Adapter> <Opcode : 'read' 'write' 'readreq' 'writereq' 'writeresp'>

State 68 <SV = 67> <Delay = 2.43>
ST_68 : Operation 179 [5/68] (2.43ns)   --->   "%empty_20 = writeresp i1 @_ssdm_op_WriteResp.m_axi.p1i32, i32 %gmem1_addr" [/home/gsorrentino/projects/voted_hdl/voted/fpga/s2mm.cpp:47]   --->   Operation 179 'writeresp' 'empty_20' <Predicate = (!icmp_ln43_2)> <Delay = 2.43> <CoreInst = "m_axi">   --->   Core 125 'm_axi' <Latency = 0> <II = 1> <Delay = 1.00> <Adapter> <Opcode : 'read' 'write' 'readreq' 'writereq' 'writeresp'>

State 69 <SV = 68> <Delay = 2.43>
ST_69 : Operation 180 [4/68] (2.43ns)   --->   "%empty_20 = writeresp i1 @_ssdm_op_WriteResp.m_axi.p1i32, i32 %gmem1_addr" [/home/gsorrentino/projects/voted_hdl/voted/fpga/s2mm.cpp:47]   --->   Operation 180 'writeresp' 'empty_20' <Predicate = (!icmp_ln43_2)> <Delay = 2.43> <CoreInst = "m_axi">   --->   Core 125 'm_axi' <Latency = 0> <II = 1> <Delay = 1.00> <Adapter> <Opcode : 'read' 'write' 'readreq' 'writereq' 'writeresp'>

State 70 <SV = 69> <Delay = 2.43>
ST_70 : Operation 181 [3/68] (2.43ns)   --->   "%empty_20 = writeresp i1 @_ssdm_op_WriteResp.m_axi.p1i32, i32 %gmem1_addr" [/home/gsorrentino/projects/voted_hdl/voted/fpga/s2mm.cpp:47]   --->   Operation 181 'writeresp' 'empty_20' <Predicate = (!icmp_ln43_2)> <Delay = 2.43> <CoreInst = "m_axi">   --->   Core 125 'm_axi' <Latency = 0> <II = 1> <Delay = 1.00> <Adapter> <Opcode : 'read' 'write' 'readreq' 'writereq' 'writeresp'>

State 71 <SV = 70> <Delay = 2.43>
ST_71 : Operation 182 [2/68] (2.43ns)   --->   "%empty_20 = writeresp i1 @_ssdm_op_WriteResp.m_axi.p1i32, i32 %gmem1_addr" [/home/gsorrentino/projects/voted_hdl/voted/fpga/s2mm.cpp:47]   --->   Operation 182 'writeresp' 'empty_20' <Predicate = (!icmp_ln43_2)> <Delay = 2.43> <CoreInst = "m_axi">   --->   Core 125 'm_axi' <Latency = 0> <II = 1> <Delay = 1.00> <Adapter> <Opcode : 'read' 'write' 'readreq' 'writereq' 'writeresp'>

State 72 <SV = 71> <Delay = 2.43>
ST_72 : Operation 183 [1/68] (2.43ns)   --->   "%empty_20 = writeresp i1 @_ssdm_op_WriteResp.m_axi.p1i32, i32 %gmem1_addr" [/home/gsorrentino/projects/voted_hdl/voted/fpga/s2mm.cpp:47]   --->   Operation 183 'writeresp' 'empty_20' <Predicate = (!icmp_ln43_2)> <Delay = 2.43> <CoreInst = "m_axi">   --->   Core 125 'm_axi' <Latency = 0> <II = 1> <Delay = 1.00> <Adapter> <Opcode : 'read' 'write' 'readreq' 'writereq' 'writeresp'>
ST_72 : Operation 184 [1/1] (0.00ns)   --->   "%br_ln43 = br void %new.latch.for.inc.split" [/home/gsorrentino/projects/voted_hdl/voted/fpga/s2mm.cpp:43]   --->   Operation 184 'br' 'br_ln43' <Predicate = (!icmp_ln43_2)> <Delay = 0.00>

State 73 <SV = 2> <Delay = 0.00>
ST_73 : Operation 185 [1/1] (0.00ns)   --->   "%ret_ln47 = ret" [/home/gsorrentino/projects/voted_hdl/voted/fpga/s2mm.cpp:47]   --->   Operation 185 'ret' 'ret_ln47' <Predicate = true> <Delay = 0.00>


============================================================
+ Verbose Summary: Timing violations
============================================================
Target clock period: 3.333ns, clock uncertainty: 0.900ns.

 <State 1>: 2.300ns
The critical path consists of the following:
	wire read operation ('size_read', /home/gsorrentino/projects/voted_hdl/voted/fpga/s2mm.cpp:33) on port 'size' (/home/gsorrentino/projects/voted_hdl/voted/fpga/s2mm.cpp:33) [6]  (1.000 ns)
	'icmp' operation ('icmp_ln43', /home/gsorrentino/projects/voted_hdl/voted/fpga/s2mm.cpp:43) [21]  (0.893 ns)
	'select' operation ('empty', /home/gsorrentino/projects/voted_hdl/voted/fpga/s2mm.cpp:43) [25]  (0.407 ns)

 <State 2>: 1.784ns
The critical path consists of the following:
	'load' operation ('i_load') on local variable 'i' [31]  (0.000 ns)
	'add' operation ('add_ln43') [35]  (0.891 ns)
	'icmp' operation ('icmp_ln43_2', /home/gsorrentino/projects/voted_hdl/voted/fpga/s2mm.cpp:43) [47]  (0.893 ns)

 <State 3>: 2.433ns
The critical path consists of the following:
	bus request operation ('empty_19', /home/gsorrentino/projects/voted_hdl/voted/fpga/s2mm.cpp:43) on port 'gmem1' (/home/gsorrentino/projects/voted_hdl/voted/fpga/s2mm.cpp:43) [41]  (2.433 ns)

 <State 4>: 2.433ns
The critical path consists of the following:
	bus write operation ('write_ln45', /home/gsorrentino/projects/voted_hdl/voted/fpga/s2mm.cpp:45) on port 'gmem1' (/home/gsorrentino/projects/voted_hdl/voted/fpga/s2mm.cpp:45) [46]  (2.433 ns)

 <State 5>: 2.433ns
The critical path consists of the following:
	bus response operation ('empty_20', /home/gsorrentino/projects/voted_hdl/voted/fpga/s2mm.cpp:47) on port 'gmem1' (/home/gsorrentino/projects/voted_hdl/voted/fpga/s2mm.cpp:47) [50]  (2.433 ns)

 <State 6>: 2.433ns
The critical path consists of the following:
	bus response operation ('empty_20', /home/gsorrentino/projects/voted_hdl/voted/fpga/s2mm.cpp:47) on port 'gmem1' (/home/gsorrentino/projects/voted_hdl/voted/fpga/s2mm.cpp:47) [50]  (2.433 ns)

 <State 7>: 2.433ns
The critical path consists of the following:
	bus response operation ('empty_20', /home/gsorrentino/projects/voted_hdl/voted/fpga/s2mm.cpp:47) on port 'gmem1' (/home/gsorrentino/projects/voted_hdl/voted/fpga/s2mm.cpp:47) [50]  (2.433 ns)

 <State 8>: 2.433ns
The critical path consists of the following:
	bus response operation ('empty_20', /home/gsorrentino/projects/voted_hdl/voted/fpga/s2mm.cpp:47) on port 'gmem1' (/home/gsorrentino/projects/voted_hdl/voted/fpga/s2mm.cpp:47) [50]  (2.433 ns)

 <State 9>: 2.433ns
The critical path consists of the following:
	bus response operation ('empty_20', /home/gsorrentino/projects/voted_hdl/voted/fpga/s2mm.cpp:47) on port 'gmem1' (/home/gsorrentino/projects/voted_hdl/voted/fpga/s2mm.cpp:47) [50]  (2.433 ns)

 <State 10>: 2.433ns
The critical path consists of the following:
	bus response operation ('empty_20', /home/gsorrentino/projects/voted_hdl/voted/fpga/s2mm.cpp:47) on port 'gmem1' (/home/gsorrentino/projects/voted_hdl/voted/fpga/s2mm.cpp:47) [50]  (2.433 ns)

 <State 11>: 2.433ns
The critical path consists of the following:
	bus response operation ('empty_20', /home/gsorrentino/projects/voted_hdl/voted/fpga/s2mm.cpp:47) on port 'gmem1' (/home/gsorrentino/projects/voted_hdl/voted/fpga/s2mm.cpp:47) [50]  (2.433 ns)

 <State 12>: 2.433ns
The critical path consists of the following:
	bus response operation ('empty_20', /home/gsorrentino/projects/voted_hdl/voted/fpga/s2mm.cpp:47) on port 'gmem1' (/home/gsorrentino/projects/voted_hdl/voted/fpga/s2mm.cpp:47) [50]  (2.433 ns)

 <State 13>: 2.433ns
The critical path consists of the following:
	bus response operation ('empty_20', /home/gsorrentino/projects/voted_hdl/voted/fpga/s2mm.cpp:47) on port 'gmem1' (/home/gsorrentino/projects/voted_hdl/voted/fpga/s2mm.cpp:47) [50]  (2.433 ns)

 <State 14>: 2.433ns
The critical path consists of the following:
	bus response operation ('empty_20', /home/gsorrentino/projects/voted_hdl/voted/fpga/s2mm.cpp:47) on port 'gmem1' (/home/gsorrentino/projects/voted_hdl/voted/fpga/s2mm.cpp:47) [50]  (2.433 ns)

 <State 15>: 2.433ns
The critical path consists of the following:
	bus response operation ('empty_20', /home/gsorrentino/projects/voted_hdl/voted/fpga/s2mm.cpp:47) on port 'gmem1' (/home/gsorrentino/projects/voted_hdl/voted/fpga/s2mm.cpp:47) [50]  (2.433 ns)

 <State 16>: 2.433ns
The critical path consists of the following:
	bus response operation ('empty_20', /home/gsorrentino/projects/voted_hdl/voted/fpga/s2mm.cpp:47) on port 'gmem1' (/home/gsorrentino/projects/voted_hdl/voted/fpga/s2mm.cpp:47) [50]  (2.433 ns)

 <State 17>: 2.433ns
The critical path consists of the following:
	bus response operation ('empty_20', /home/gsorrentino/projects/voted_hdl/voted/fpga/s2mm.cpp:47) on port 'gmem1' (/home/gsorrentino/projects/voted_hdl/voted/fpga/s2mm.cpp:47) [50]  (2.433 ns)

 <State 18>: 2.433ns
The critical path consists of the following:
	bus response operation ('empty_20', /home/gsorrentino/projects/voted_hdl/voted/fpga/s2mm.cpp:47) on port 'gmem1' (/home/gsorrentino/projects/voted_hdl/voted/fpga/s2mm.cpp:47) [50]  (2.433 ns)

 <State 19>: 2.433ns
The critical path consists of the following:
	bus response operation ('empty_20', /home/gsorrentino/projects/voted_hdl/voted/fpga/s2mm.cpp:47) on port 'gmem1' (/home/gsorrentino/projects/voted_hdl/voted/fpga/s2mm.cpp:47) [50]  (2.433 ns)

 <State 20>: 2.433ns
The critical path consists of the following:
	bus response operation ('empty_20', /home/gsorrentino/projects/voted_hdl/voted/fpga/s2mm.cpp:47) on port 'gmem1' (/home/gsorrentino/projects/voted_hdl/voted/fpga/s2mm.cpp:47) [50]  (2.433 ns)

 <State 21>: 2.433ns
The critical path consists of the following:
	bus response operation ('empty_20', /home/gsorrentino/projects/voted_hdl/voted/fpga/s2mm.cpp:47) on port 'gmem1' (/home/gsorrentino/projects/voted_hdl/voted/fpga/s2mm.cpp:47) [50]  (2.433 ns)

 <State 22>: 2.433ns
The critical path consists of the following:
	bus response operation ('empty_20', /home/gsorrentino/projects/voted_hdl/voted/fpga/s2mm.cpp:47) on port 'gmem1' (/home/gsorrentino/projects/voted_hdl/voted/fpga/s2mm.cpp:47) [50]  (2.433 ns)

 <State 23>: 2.433ns
The critical path consists of the following:
	bus response operation ('empty_20', /home/gsorrentino/projects/voted_hdl/voted/fpga/s2mm.cpp:47) on port 'gmem1' (/home/gsorrentino/projects/voted_hdl/voted/fpga/s2mm.cpp:47) [50]  (2.433 ns)

 <State 24>: 2.433ns
The critical path consists of the following:
	bus response operation ('empty_20', /home/gsorrentino/projects/voted_hdl/voted/fpga/s2mm.cpp:47) on port 'gmem1' (/home/gsorrentino/projects/voted_hdl/voted/fpga/s2mm.cpp:47) [50]  (2.433 ns)

 <State 25>: 2.433ns
The critical path consists of the following:
	bus response operation ('empty_20', /home/gsorrentino/projects/voted_hdl/voted/fpga/s2mm.cpp:47) on port 'gmem1' (/home/gsorrentino/projects/voted_hdl/voted/fpga/s2mm.cpp:47) [50]  (2.433 ns)

 <State 26>: 2.433ns
The critical path consists of the following:
	bus response operation ('empty_20', /home/gsorrentino/projects/voted_hdl/voted/fpga/s2mm.cpp:47) on port 'gmem1' (/home/gsorrentino/projects/voted_hdl/voted/fpga/s2mm.cpp:47) [50]  (2.433 ns)

 <State 27>: 2.433ns
The critical path consists of the following:
	bus response operation ('empty_20', /home/gsorrentino/projects/voted_hdl/voted/fpga/s2mm.cpp:47) on port 'gmem1' (/home/gsorrentino/projects/voted_hdl/voted/fpga/s2mm.cpp:47) [50]  (2.433 ns)

 <State 28>: 2.433ns
The critical path consists of the following:
	bus response operation ('empty_20', /home/gsorrentino/projects/voted_hdl/voted/fpga/s2mm.cpp:47) on port 'gmem1' (/home/gsorrentino/projects/voted_hdl/voted/fpga/s2mm.cpp:47) [50]  (2.433 ns)

 <State 29>: 2.433ns
The critical path consists of the following:
	bus response operation ('empty_20', /home/gsorrentino/projects/voted_hdl/voted/fpga/s2mm.cpp:47) on port 'gmem1' (/home/gsorrentino/projects/voted_hdl/voted/fpga/s2mm.cpp:47) [50]  (2.433 ns)

 <State 30>: 2.433ns
The critical path consists of the following:
	bus response operation ('empty_20', /home/gsorrentino/projects/voted_hdl/voted/fpga/s2mm.cpp:47) on port 'gmem1' (/home/gsorrentino/projects/voted_hdl/voted/fpga/s2mm.cpp:47) [50]  (2.433 ns)

 <State 31>: 2.433ns
The critical path consists of the following:
	bus response operation ('empty_20', /home/gsorrentino/projects/voted_hdl/voted/fpga/s2mm.cpp:47) on port 'gmem1' (/home/gsorrentino/projects/voted_hdl/voted/fpga/s2mm.cpp:47) [50]  (2.433 ns)

 <State 32>: 2.433ns
The critical path consists of the following:
	bus response operation ('empty_20', /home/gsorrentino/projects/voted_hdl/voted/fpga/s2mm.cpp:47) on port 'gmem1' (/home/gsorrentino/projects/voted_hdl/voted/fpga/s2mm.cpp:47) [50]  (2.433 ns)

 <State 33>: 2.433ns
The critical path consists of the following:
	bus response operation ('empty_20', /home/gsorrentino/projects/voted_hdl/voted/fpga/s2mm.cpp:47) on port 'gmem1' (/home/gsorrentino/projects/voted_hdl/voted/fpga/s2mm.cpp:47) [50]  (2.433 ns)

 <State 34>: 2.433ns
The critical path consists of the following:
	bus response operation ('empty_20', /home/gsorrentino/projects/voted_hdl/voted/fpga/s2mm.cpp:47) on port 'gmem1' (/home/gsorrentino/projects/voted_hdl/voted/fpga/s2mm.cpp:47) [50]  (2.433 ns)

 <State 35>: 2.433ns
The critical path consists of the following:
	bus response operation ('empty_20', /home/gsorrentino/projects/voted_hdl/voted/fpga/s2mm.cpp:47) on port 'gmem1' (/home/gsorrentino/projects/voted_hdl/voted/fpga/s2mm.cpp:47) [50]  (2.433 ns)

 <State 36>: 2.433ns
The critical path consists of the following:
	bus response operation ('empty_20', /home/gsorrentino/projects/voted_hdl/voted/fpga/s2mm.cpp:47) on port 'gmem1' (/home/gsorrentino/projects/voted_hdl/voted/fpga/s2mm.cpp:47) [50]  (2.433 ns)

 <State 37>: 2.433ns
The critical path consists of the following:
	bus response operation ('empty_20', /home/gsorrentino/projects/voted_hdl/voted/fpga/s2mm.cpp:47) on port 'gmem1' (/home/gsorrentino/projects/voted_hdl/voted/fpga/s2mm.cpp:47) [50]  (2.433 ns)

 <State 38>: 2.433ns
The critical path consists of the following:
	bus response operation ('empty_20', /home/gsorrentino/projects/voted_hdl/voted/fpga/s2mm.cpp:47) on port 'gmem1' (/home/gsorrentino/projects/voted_hdl/voted/fpga/s2mm.cpp:47) [50]  (2.433 ns)

 <State 39>: 2.433ns
The critical path consists of the following:
	bus response operation ('empty_20', /home/gsorrentino/projects/voted_hdl/voted/fpga/s2mm.cpp:47) on port 'gmem1' (/home/gsorrentino/projects/voted_hdl/voted/fpga/s2mm.cpp:47) [50]  (2.433 ns)

 <State 40>: 2.433ns
The critical path consists of the following:
	bus response operation ('empty_20', /home/gsorrentino/projects/voted_hdl/voted/fpga/s2mm.cpp:47) on port 'gmem1' (/home/gsorrentino/projects/voted_hdl/voted/fpga/s2mm.cpp:47) [50]  (2.433 ns)

 <State 41>: 2.433ns
The critical path consists of the following:
	bus response operation ('empty_20', /home/gsorrentino/projects/voted_hdl/voted/fpga/s2mm.cpp:47) on port 'gmem1' (/home/gsorrentino/projects/voted_hdl/voted/fpga/s2mm.cpp:47) [50]  (2.433 ns)

 <State 42>: 2.433ns
The critical path consists of the following:
	bus response operation ('empty_20', /home/gsorrentino/projects/voted_hdl/voted/fpga/s2mm.cpp:47) on port 'gmem1' (/home/gsorrentino/projects/voted_hdl/voted/fpga/s2mm.cpp:47) [50]  (2.433 ns)

 <State 43>: 2.433ns
The critical path consists of the following:
	bus response operation ('empty_20', /home/gsorrentino/projects/voted_hdl/voted/fpga/s2mm.cpp:47) on port 'gmem1' (/home/gsorrentino/projects/voted_hdl/voted/fpga/s2mm.cpp:47) [50]  (2.433 ns)

 <State 44>: 2.433ns
The critical path consists of the following:
	bus response operation ('empty_20', /home/gsorrentino/projects/voted_hdl/voted/fpga/s2mm.cpp:47) on port 'gmem1' (/home/gsorrentino/projects/voted_hdl/voted/fpga/s2mm.cpp:47) [50]  (2.433 ns)

 <State 45>: 2.433ns
The critical path consists of the following:
	bus response operation ('empty_20', /home/gsorrentino/projects/voted_hdl/voted/fpga/s2mm.cpp:47) on port 'gmem1' (/home/gsorrentino/projects/voted_hdl/voted/fpga/s2mm.cpp:47) [50]  (2.433 ns)

 <State 46>: 2.433ns
The critical path consists of the following:
	bus response operation ('empty_20', /home/gsorrentino/projects/voted_hdl/voted/fpga/s2mm.cpp:47) on port 'gmem1' (/home/gsorrentino/projects/voted_hdl/voted/fpga/s2mm.cpp:47) [50]  (2.433 ns)

 <State 47>: 2.433ns
The critical path consists of the following:
	bus response operation ('empty_20', /home/gsorrentino/projects/voted_hdl/voted/fpga/s2mm.cpp:47) on port 'gmem1' (/home/gsorrentino/projects/voted_hdl/voted/fpga/s2mm.cpp:47) [50]  (2.433 ns)

 <State 48>: 2.433ns
The critical path consists of the following:
	bus response operation ('empty_20', /home/gsorrentino/projects/voted_hdl/voted/fpga/s2mm.cpp:47) on port 'gmem1' (/home/gsorrentino/projects/voted_hdl/voted/fpga/s2mm.cpp:47) [50]  (2.433 ns)

 <State 49>: 2.433ns
The critical path consists of the following:
	bus response operation ('empty_20', /home/gsorrentino/projects/voted_hdl/voted/fpga/s2mm.cpp:47) on port 'gmem1' (/home/gsorrentino/projects/voted_hdl/voted/fpga/s2mm.cpp:47) [50]  (2.433 ns)

 <State 50>: 2.433ns
The critical path consists of the following:
	bus response operation ('empty_20', /home/gsorrentino/projects/voted_hdl/voted/fpga/s2mm.cpp:47) on port 'gmem1' (/home/gsorrentino/projects/voted_hdl/voted/fpga/s2mm.cpp:47) [50]  (2.433 ns)

 <State 51>: 2.433ns
The critical path consists of the following:
	bus response operation ('empty_20', /home/gsorrentino/projects/voted_hdl/voted/fpga/s2mm.cpp:47) on port 'gmem1' (/home/gsorrentino/projects/voted_hdl/voted/fpga/s2mm.cpp:47) [50]  (2.433 ns)

 <State 52>: 2.433ns
The critical path consists of the following:
	bus response operation ('empty_20', /home/gsorrentino/projects/voted_hdl/voted/fpga/s2mm.cpp:47) on port 'gmem1' (/home/gsorrentino/projects/voted_hdl/voted/fpga/s2mm.cpp:47) [50]  (2.433 ns)

 <State 53>: 2.433ns
The critical path consists of the following:
	bus response operation ('empty_20', /home/gsorrentino/projects/voted_hdl/voted/fpga/s2mm.cpp:47) on port 'gmem1' (/home/gsorrentino/projects/voted_hdl/voted/fpga/s2mm.cpp:47) [50]  (2.433 ns)

 <State 54>: 2.433ns
The critical path consists of the following:
	bus response operation ('empty_20', /home/gsorrentino/projects/voted_hdl/voted/fpga/s2mm.cpp:47) on port 'gmem1' (/home/gsorrentino/projects/voted_hdl/voted/fpga/s2mm.cpp:47) [50]  (2.433 ns)

 <State 55>: 2.433ns
The critical path consists of the following:
	bus response operation ('empty_20', /home/gsorrentino/projects/voted_hdl/voted/fpga/s2mm.cpp:47) on port 'gmem1' (/home/gsorrentino/projects/voted_hdl/voted/fpga/s2mm.cpp:47) [50]  (2.433 ns)

 <State 56>: 2.433ns
The critical path consists of the following:
	bus response operation ('empty_20', /home/gsorrentino/projects/voted_hdl/voted/fpga/s2mm.cpp:47) on port 'gmem1' (/home/gsorrentino/projects/voted_hdl/voted/fpga/s2mm.cpp:47) [50]  (2.433 ns)

 <State 57>: 2.433ns
The critical path consists of the following:
	bus response operation ('empty_20', /home/gsorrentino/projects/voted_hdl/voted/fpga/s2mm.cpp:47) on port 'gmem1' (/home/gsorrentino/projects/voted_hdl/voted/fpga/s2mm.cpp:47) [50]  (2.433 ns)

 <State 58>: 2.433ns
The critical path consists of the following:
	bus response operation ('empty_20', /home/gsorrentino/projects/voted_hdl/voted/fpga/s2mm.cpp:47) on port 'gmem1' (/home/gsorrentino/projects/voted_hdl/voted/fpga/s2mm.cpp:47) [50]  (2.433 ns)

 <State 59>: 2.433ns
The critical path consists of the following:
	bus response operation ('empty_20', /home/gsorrentino/projects/voted_hdl/voted/fpga/s2mm.cpp:47) on port 'gmem1' (/home/gsorrentino/projects/voted_hdl/voted/fpga/s2mm.cpp:47) [50]  (2.433 ns)

 <State 60>: 2.433ns
The critical path consists of the following:
	bus response operation ('empty_20', /home/gsorrentino/projects/voted_hdl/voted/fpga/s2mm.cpp:47) on port 'gmem1' (/home/gsorrentino/projects/voted_hdl/voted/fpga/s2mm.cpp:47) [50]  (2.433 ns)

 <State 61>: 2.433ns
The critical path consists of the following:
	bus response operation ('empty_20', /home/gsorrentino/projects/voted_hdl/voted/fpga/s2mm.cpp:47) on port 'gmem1' (/home/gsorrentino/projects/voted_hdl/voted/fpga/s2mm.cpp:47) [50]  (2.433 ns)

 <State 62>: 2.433ns
The critical path consists of the following:
	bus response operation ('empty_20', /home/gsorrentino/projects/voted_hdl/voted/fpga/s2mm.cpp:47) on port 'gmem1' (/home/gsorrentino/projects/voted_hdl/voted/fpga/s2mm.cpp:47) [50]  (2.433 ns)

 <State 63>: 2.433ns
The critical path consists of the following:
	bus response operation ('empty_20', /home/gsorrentino/projects/voted_hdl/voted/fpga/s2mm.cpp:47) on port 'gmem1' (/home/gsorrentino/projects/voted_hdl/voted/fpga/s2mm.cpp:47) [50]  (2.433 ns)

 <State 64>: 2.433ns
The critical path consists of the following:
	bus response operation ('empty_20', /home/gsorrentino/projects/voted_hdl/voted/fpga/s2mm.cpp:47) on port 'gmem1' (/home/gsorrentino/projects/voted_hdl/voted/fpga/s2mm.cpp:47) [50]  (2.433 ns)

 <State 65>: 2.433ns
The critical path consists of the following:
	bus response operation ('empty_20', /home/gsorrentino/projects/voted_hdl/voted/fpga/s2mm.cpp:47) on port 'gmem1' (/home/gsorrentino/projects/voted_hdl/voted/fpga/s2mm.cpp:47) [50]  (2.433 ns)

 <State 66>: 2.433ns
The critical path consists of the following:
	bus response operation ('empty_20', /home/gsorrentino/projects/voted_hdl/voted/fpga/s2mm.cpp:47) on port 'gmem1' (/home/gsorrentino/projects/voted_hdl/voted/fpga/s2mm.cpp:47) [50]  (2.433 ns)

 <State 67>: 2.433ns
The critical path consists of the following:
	bus response operation ('empty_20', /home/gsorrentino/projects/voted_hdl/voted/fpga/s2mm.cpp:47) on port 'gmem1' (/home/gsorrentino/projects/voted_hdl/voted/fpga/s2mm.cpp:47) [50]  (2.433 ns)

 <State 68>: 2.433ns
The critical path consists of the following:
	bus response operation ('empty_20', /home/gsorrentino/projects/voted_hdl/voted/fpga/s2mm.cpp:47) on port 'gmem1' (/home/gsorrentino/projects/voted_hdl/voted/fpga/s2mm.cpp:47) [50]  (2.433 ns)

 <State 69>: 2.433ns
The critical path consists of the following:
	bus response operation ('empty_20', /home/gsorrentino/projects/voted_hdl/voted/fpga/s2mm.cpp:47) on port 'gmem1' (/home/gsorrentino/projects/voted_hdl/voted/fpga/s2mm.cpp:47) [50]  (2.433 ns)

 <State 70>: 2.433ns
The critical path consists of the following:
	bus response operation ('empty_20', /home/gsorrentino/projects/voted_hdl/voted/fpga/s2mm.cpp:47) on port 'gmem1' (/home/gsorrentino/projects/voted_hdl/voted/fpga/s2mm.cpp:47) [50]  (2.433 ns)

 <State 71>: 2.433ns
The critical path consists of the following:
	bus response operation ('empty_20', /home/gsorrentino/projects/voted_hdl/voted/fpga/s2mm.cpp:47) on port 'gmem1' (/home/gsorrentino/projects/voted_hdl/voted/fpga/s2mm.cpp:47) [50]  (2.433 ns)

 <State 72>: 2.433ns
The critical path consists of the following:
	bus response operation ('empty_20', /home/gsorrentino/projects/voted_hdl/voted/fpga/s2mm.cpp:47) on port 'gmem1' (/home/gsorrentino/projects/voted_hdl/voted/fpga/s2mm.cpp:47) [50]  (2.433 ns)

 <State 73>: 0.000ns
The critical path consists of the following:


============================================================
+ Verbose Summary: Binding
============================================================
N/A
* FSMD analyzer results:
  - Output states:
 - Input state : 
  - Chain level:
	State 1
	State 2
	State 3
	State 4
	State 5
	State 6
	State 7
	State 8
	State 9
	State 10
	State 11
	State 12
	State 13
	State 14
	State 15
	State 16
	State 17
	State 18
	State 19
	State 20
	State 21
	State 22
	State 23
	State 24
	State 25
	State 26
	State 27
	State 28
	State 29
	State 30
	State 31
	State 32
	State 33
	State 34
	State 35
	State 36
	State 37
	State 38
	State 39
	State 40
	State 41
	State 42
	State 43
	State 44
	State 45
	State 46
	State 47
	State 48
	State 49
	State 50
	State 51
	State 52
	State 53
	State 54
	State 55
	State 56
	State 57
	State 58
	State 59
	State 60
	State 61
	State 62
	State 63
	State 64
	State 65
	State 66
	State 67
	State 68
	State 69
	State 70
	State 71
	State 72
	State 73


============================================================
+ Verbose Summary: Datapath Resource usage 
============================================================
N/A
