

================================================================
== Synthesis Summary Report of 'mm2s'
================================================================
+ General Information: 
    * Date:           Sun Feb  8 07:38:10 2026
    * Version:        2023.1.2 (Build 3928128 on Aug  8 2023)
    * Project:        mm2s
    * Solution:       solution (Vitis Kernel Flow Target)
    * Product family: versalaicore
    * Target device:  xcvc1902-vsvd1760-2MP-e-S
    

+ Performance & Resource Estimates: 
    
    PS: '+' for module; 'o' for loop; '*' for dataflow
    +----------------------------------+--------+-------+-----------+-----------+----------+-----------+-----------+----------+----------+----+------------+------------+-----+
    |              Modules             |  Issue |       |  Latency  |  Latency  | Iteration|           |    Trip   |          |          |    |            |            |     |
    |              & Loops             |  Type  | Slack |  (cycles) |    (ns)   |  Latency |  Interval |   Count   | Pipelined|   BRAM   | DSP|     FF     |     LUT    | URAM|
    +----------------------------------+--------+-------+-----------+-----------+----------+-----------+-----------+----------+----------+----+------------+------------+-----+
    |+ mm2s                            |  Timing|  -0.00|  536870990|  1.789e+09|         -|  536870991|          -|        no|  16 (~0%)|   -|  2968 (~0%)|  3252 (~0%)|    -|
    | + mm2s_Pipeline_VITIS_LOOP_47_1  |  Timing|  -0.00|  536870914|  1.789e+09|         -|  536870914|          -|        no|         -|   -|    35 (~0%)|   153 (~0%)|    -|
    |  o VITIS_LOOP_47_1               |       -|   2.43|  536870912|  1.789e+09|         2|          1|  536870911|       yes|         -|   -|           -|           -|    -|
    +----------------------------------+--------+-------+-----------+-----------+----------+-----------+-----------+----------+----------+----+------------+------------+-----+


================================================================
== HW Interfaces
================================================================
* M_AXI
+-------------+------------+---------------+---------+--------+----------+-----------+--------------+--------------+-------------+-------------+-------------------+
| Interface   | Data Width | Address Width | Latency | Offset | Register | Max Widen | Max Read     | Max Write    | Num Read    | Num Write   | Resource Estimate |
|             | (SW->HW)   |               |         |        |          | Bitwidth  | Burst Length | Burst Length | Outstanding | Outstanding |                   |
+-------------+------------+---------------+---------+--------+----------+-----------+--------------+--------------+-------------+-------------+-------------------+
| m_axi_gmem1 | 128 -> 128 | 64            | 64      | slave  | 0        | 512       | 16           | 16           | 16          | 16          | BRAM=8            |
| m_axi_gmem2 | 128 -> 128 | 64            | 64      | slave  | 0        | 512       | 16           | 16           | 16          | 16          | BRAM=8            |
+-------------+------------+---------------+---------+--------+----------+-----------+--------------+--------------+-------------+-------------+-------------------+

* S_AXILITE Interfaces
+---------------+------------+---------------+--------+----------+
| Interface     | Data Width | Address Width | Offset | Register |
+---------------+------------+---------------+--------+----------+
| s_axi_control | 32         | 6             | 16     | 0        |
+---------------+------------+---------------+--------+----------+

* S_AXILITE Registers
+---------------+----------+--------+-------+--------+----------------------------------+------------------------------------------------------------------------------------+
| Interface     | Register | Offset | Width | Access | Description                      | Bit Fields                                                                         |
+---------------+----------+--------+-------+--------+----------------------------------+------------------------------------------------------------------------------------+
| s_axi_control | CTRL     | 0x00   | 32    | RW     | Control signals                  | 0=AP_START 1=AP_DONE 2=AP_IDLE 3=AP_READY 4=AP_CONTINUE 7=AUTO_RESTART 9=INTERRUPT |
| s_axi_control | GIER     | 0x04   | 32    | RW     | Global Interrupt Enable Register | 0=Enable                                                                           |
| s_axi_control | IP_IER   | 0x08   | 32    | RW     | IP Interrupt Enable Register     | 0=CHAN0_INT_EN 1=CHAN1_INT_EN                                                      |
| s_axi_control | IP_ISR   | 0x0c   | 32    | RW     | IP Interrupt Status Register     | 0=CHAN0_INT_ST 1=CHAN1_INT_ST                                                      |
| s_axi_control | size     | 0x10   | 32    | W      | Data signal of size              |                                                                                    |
| s_axi_control | inputA_1 | 0x18   | 32    | W      | Data signal of inputA            |                                                                                    |
| s_axi_control | inputA_2 | 0x1c   | 32    | W      | Data signal of inputA            |                                                                                    |
| s_axi_control | inputB_1 | 0x24   | 32    | W      | Data signal of inputB            |                                                                                    |
| s_axi_control | inputB_2 | 0x28   | 32    | W      | Data signal of inputB            |                                                                                    |
+---------------+----------+--------+-------+--------+----------------------------------+------------------------------------------------------------------------------------+

* AXIS
+-----------+-----------+---------------+-------+--------+--------+
| Interface | Direction | Register Mode | TDATA | TREADY | TVALID |
+-----------+-----------+---------------+-------+--------+--------+
| outA      | out       | both          | 128   | 1      | 1      |
| outB      | out       | both          | 128   | 1      | 1      |
+-----------+-----------+---------------+-------+--------+--------+

* Other Ports
+-------------+-----------+----------+
| Port        | Direction | Bitwidth |
+-------------+-----------+----------+
| event_done  | out       | 1        |
| event_start | out       | 1        |
+-------------+-----------+----------+

* TOP LEVEL CONTROL
+-----------+---------------+-----------+
| Interface | Type          | Ports     |
+-----------+---------------+-----------+
| ap_clk    | clock         | ap_clk    |
| ap_rst_n  | reset         | ap_rst_n  |
| interrupt | interrupt     | interrupt |
| ap_ctrl   | ap_ctrl_chain |           |
+-----------+---------------+-----------+


================================================================
== SW I/O Information
================================================================
* Top Function Arguments
+----------+-----------+-------------------------+
| Argument | Direction | Datatype                |
+----------+-----------+-------------------------+
| size     | in        | int                     |
| inputA   | in        | ap_int<128>*            |
| inputB   | in        | ap_int<128>*            |
| outA     | out       | stream<ap_int<128>, 0>& |
| outB     | out       | stream<ap_int<128>, 0>& |
+----------+-----------+-------------------------+

* SW-to-HW Mapping
+----------+---------------+-----------+----------+------------------------------------+
| Argument | HW Interface  | HW Type   | HW Usage | HW Info                            |
+----------+---------------+-----------+----------+------------------------------------+
| size     | s_axi_control | register  |          | name=size offset=0x10 range=32     |
| inputA   | m_axi_gmem1   | interface |          |                                    |
| inputA   | s_axi_control | register  | offset   | name=inputA_1 offset=0x18 range=32 |
| inputA   | s_axi_control | register  | offset   | name=inputA_2 offset=0x1c range=32 |
| inputB   | m_axi_gmem2   | interface |          |                                    |
| inputB   | s_axi_control | register  | offset   | name=inputB_1 offset=0x24 range=32 |
| inputB   | s_axi_control | register  | offset   | name=inputB_2 offset=0x28 range=32 |
| outA     | outA          | interface |          |                                    |
| outB     | outB          | interface |          |                                    |
+----------+---------------+-----------+----------+------------------------------------+


================================================================
== M_AXI Burst Information
================================================================
 Note: All burst requests might be further partitioned into multiple requests during RTL generation based on max_read_burst_length or max_write_burst_length settings.

* Inferred Burst Summary
+--------------+-----------+----------+-------+-----------------+----------------------------------------------------------------+
| HW Interface | Direction | Length   | Width | Loop            | Loop Location                                                  |
+--------------+-----------+----------+-------+-----------------+----------------------------------------------------------------+
| m_axi_gmem1  | read      | variable | 128   | VITIS_LOOP_47_1 | /home/gsorrentino/projects/voted_hdl/voted/fpga/mm2s.cpp:47:19 |
| m_axi_gmem2  | read      | variable | 128   | VITIS_LOOP_47_1 | /home/gsorrentino/projects/voted_hdl/voted/fpga/mm2s.cpp:47:19 |
+--------------+-----------+----------+-------+-----------------+----------------------------------------------------------------+

* All M_AXI Variable Accesses
+--------------+----------+----------------------------------------------------------------+-----------+--------------+----------+-----------------+----------------------------------------------------------------+------------+------------------------------------------------+
| HW Interface | Variable | Access Location                                                | Direction | Burst Status | Length   | Loop            | Loop Location                                                  | Resolution | Problem                                        |
+--------------+----------+----------------------------------------------------------------+-----------+--------------+----------+-----------------+----------------------------------------------------------------+------------+------------------------------------------------+
| m_axi_gmem1  | inputA   | /home/gsorrentino/projects/voted_hdl/voted/fpga/mm2s.cpp:48:21 | read      | Widen Fail   |          | VITIS_LOOP_47_1 | /home/gsorrentino/projects/voted_hdl/voted/fpga/mm2s.cpp:47:19 | 214-234    | Sequential access length is not divisible by 2 |
| m_axi_gmem1  | inputA   | /home/gsorrentino/projects/voted_hdl/voted/fpga/mm2s.cpp:48:21 | read      | Inferred     | variable | VITIS_LOOP_47_1 | /home/gsorrentino/projects/voted_hdl/voted/fpga/mm2s.cpp:47:19 |            |                                                |
| m_axi_gmem2  | inputB   | /home/gsorrentino/projects/voted_hdl/voted/fpga/mm2s.cpp:49:21 | read      | Widen Fail   |          | VITIS_LOOP_47_1 | /home/gsorrentino/projects/voted_hdl/voted/fpga/mm2s.cpp:47:19 | 214-234    | Sequential access length is not divisible by 2 |
| m_axi_gmem2  | inputB   | /home/gsorrentino/projects/voted_hdl/voted/fpga/mm2s.cpp:49:21 | read      | Inferred     | variable | VITIS_LOOP_47_1 | /home/gsorrentino/projects/voted_hdl/voted/fpga/mm2s.cpp:47:19 |            |                                                |
+--------------+----------+----------------------------------------------------------------+-----------+--------------+----------+-----------------+----------------------------------------------------------------+------------+------------------------------------------------+

    * Resolution URL: www.xilinx.com/cgi-bin/docs/rdoc?v=2023.1;t=hls+guidance;d=XXX-YYY.html (replace XXX-YYY with column value)

================================================================
== Bind Op Report
================================================================
+----------------------------------+-----+--------+----------+-----+--------+---------+
| Name                             | DSP | Pragma | Variable | Op  | Impl   | Latency |
+----------------------------------+-----+--------+----------+-----+--------+---------+
| + mm2s                           | 0   |        |          |     |        |         |
|   p_neg_fu_147_p2                | -   |        | p_neg    | sub | fabric | 0       |
|   p_neg_t_fu_176_p2              | -   |        | p_neg_t  | sub | fabric | 0       |
|  + mm2s_Pipeline_VITIS_LOOP_47_1 | 0   |        |          |     |        |         |
|    add_ln47_fu_136_p2            | -   |        | add_ln47 | add | fabric | 0       |
+----------------------------------+-----+--------+----------+-----+--------+---------+


================================================================
== Bind Storage Report
================================================================
  No bind storage info in design

================================================================
== Pragma Report
================================================================
* Valid Pragma Syntax
+-----------+---------------------------------------------------------------+------------------------------+
| Type      | Options                                                       | Location                     |
+-----------+---------------------------------------------------------------+------------------------------+
| interface | axis port = outA                                              | ../../../mm2s.cpp:34 in mm2s |
| interface | axis port = outB                                              | ../../../mm2s.cpp:35 in mm2s |
| interface | m_axi port = inputA depth = 100 offset = slave bundle = gmem1 | ../../../mm2s.cpp:36 in mm2s |
| interface | m_axi port = inputB depth = 100 offset = slave bundle = gmem2 | ../../../mm2s.cpp:38 in mm2s |
| interface | s_axilite port = inputA bundle = control                      | ../../../mm2s.cpp:40 in mm2s |
| interface | s_axilite port = inputB bundle = control                      | ../../../mm2s.cpp:41 in mm2s |
| interface | s_axilite port = size bundle = control                        | ../../../mm2s.cpp:43 in mm2s |
| interface | s_axilite port = return bundle = control                      | ../../../mm2s.cpp:44 in mm2s |
+-----------+---------------------------------------------------------------+------------------------------+


