

================================================================
== Vitis HLS Report for 'mm2s_Pipeline_VITIS_LOOP_47_1'
================================================================
* Date:           Sun Feb  8 07:38:08 2026

* Version:        2023.1.2 (Build 3928128 on Aug  8 2023)
* Project:        mm2s
* Solution:       solution (Vitis Kernel Flow Target)
* Product family: versalaicore
* Target device:  xcvc1902-vsvd1760-2MP-e-S


================================================================
== Performance Estimates
================================================================
+ Timing: 
    * Summary: 
    +--------+---------+----------+------------+
    |  Clock |  Target | Estimated| Uncertainty|
    +--------+---------+----------+------------+
    |ap_clk  |  3.33 ns|  2.433 ns|     0.90 ns|
    +--------+---------+----------+------------+

+ Latency: 
    * Summary: 
    +---------+-----------+----------+-----------+-----+-----------+---------+
    |   Latency (cycles)  |  Latency (absolute)  |     Interval    | Pipeline|
    |   min   |    max    |    min   |    max    | min |    max    |   Type  |
    +---------+-----------+----------+-----------+-----+-----------+---------+
    |        3|  536870914|  9.999 ns|  1.789 sec|    3|  536870914|       no|
    +---------+-----------+----------+-----------+-----+-----------+---------+

    + Detail: 
        * Instance: 
        N/A

        * Loop: 
        +-------------------+---------+-----------+----------+-----------+-----------+---------------+----------+
        |                   |   Latency (cycles)  | Iteration|  Initiation Interval  |      Trip     |          |
        |     Loop Name     |   min   |    max    |  Latency |  achieved |   target  |     Count     | Pipelined|
        +-------------------+---------+-----------+----------+-----------+-----------+---------------+----------+
        |- VITIS_LOOP_47_1  |        1|  536870912|         2|          1|          1|  0 ~ 536870911|       yes|
        +-------------------+---------+-----------+----------+-----------+-----------+---------------+----------+



================================================================
== Utilization Estimates
================================================================
* Summary: 
+-----------------+---------+------+---------+--------+-----+
|       Name      | BRAM_18K|  DSP |    FF   |   LUT  | URAM|
+-----------------+---------+------+---------+--------+-----+
|DSP              |        -|     -|        -|       -|    -|
|Expression       |        -|     -|        0|      81|    -|
|FIFO             |        -|     -|        -|       -|    -|
|Instance         |        -|     -|        -|       -|    -|
|Memory           |        -|     -|        -|       -|    -|
|Multiplexer      |        -|     -|        -|      72|    -|
|Register         |        -|     -|       35|       -|    -|
+-----------------+---------+------+---------+--------+-----+
|Total            |        0|     0|       35|     153|    0|
+-----------------+---------+------+---------+--------+-----+
|Available        |     1934|  1968|  1799680|  899840|  463|
+-----------------+---------+------+---------+--------+-----+
|Utilization (%)  |        0|     0|       ~0|      ~0|    0|
+-----------------+---------+------+---------+--------+-----+

+ Detail: 
    * Instance: 
    N/A

    * DSP: 
    N/A

    * Memory: 
    N/A

    * FIFO: 
    N/A

    * Expression: 
    +----------------------------------+----------+----+---+----+------------+------------+
    |           Variable Name          | Operation| DSP| FF| LUT| Bitwidth P0| Bitwidth P1|
    +----------------------------------+----------+----+---+----+------------+------------+
    |add_ln47_fu_136_p2                |         +|   0|  0|  30|          30|           1|
    |ap_block_pp0_stage0_01001         |       and|   0|  0|   2|           1|           1|
    |ap_block_pp0_stage0_11001         |       and|   0|  0|   2|           1|           1|
    |ap_ext_blocking_cur_n             |       and|   0|  0|   2|           1|           1|
    |ap_ext_blocking_n                 |       and|   0|  0|   2|           1|           2|
    |ap_int_blocking_n                 |       and|   0|  0|   2|           2|           2|
    |ap_str_blocking_cur_n             |       and|   0|  0|   2|           1|           1|
    |ap_str_blocking_n                 |       and|   0|  0|   2|           1|           2|
    |icmp_ln47_fu_146_p2               |      icmp|   0|  0|  31|          31|          31|
    |ap_block_state2_io                |        or|   0|  0|   2|           1|           1|
    |ap_block_state2_pp0_stage0_iter1  |        or|   0|  0|   2|           1|           1|
    |ap_enable_pp0                     |       xor|   0|  0|   2|           1|           2|
    +----------------------------------+----------+----+---+----+------------+------------+
    |Total                             |          |   0|  0|  81|          72|          46|
    +----------------------------------+----------+----+---+----+------------+------------+

    * Multiplexer: 
    +----------------------------------+----+-----------+-----+-----------+
    |               Name               | LUT| Input Size| Bits| Total Bits|
    +----------------------------------+----+-----------+-----+-----------+
    |ap_done_int                       |   2|          2|    1|          2|
    |ap_loop_exit_ready_pp0_iter1_reg  |   2|          2|    1|          2|
    |ap_sig_allocacmp_i_load           |  30|          2|   30|         60|
    |gmem1_blk_n_R                     |   2|          2|    1|          2|
    |gmem2_blk_n_R                     |   2|          2|    1|          2|
    |i_fu_72                           |  30|          2|   30|         60|
    |outA_TDATA_blk_n                  |   2|          2|    1|          2|
    |outB_TDATA_blk_n                  |   2|          2|    1|          2|
    +----------------------------------+----+-----------+-----+-----------+
    |Total                             |  72|         16|   66|        132|
    +----------------------------------+----+-----------+-----+-----------+

    * Register: 
    +----------------------------------+----+----+-----+-----------+
    |               Name               | FF | LUT| Bits| Const Bits|
    +----------------------------------+----+----+-----+-----------+
    |ap_CS_fsm                         |   1|   0|    1|          0|
    |ap_done_reg                       |   1|   0|    1|          0|
    |ap_enable_reg_pp0_iter1           |   1|   0|    1|          0|
    |ap_loop_exit_ready_pp0_iter1_reg  |   1|   0|    1|          0|
    |i_fu_72                           |  30|   0|   30|          0|
    |icmp_ln47_reg_186                 |   1|   0|    1|          0|
    +----------------------------------+----+----+-----+-----------+
    |Total                             |  35|   0|   35|          0|
    +----------------------------------+----+----+-----+-----------+



================================================================
== Interface
================================================================
* Summary: 
+----------------------+-----+-----+------------+-------------------------------+--------------+
|       RTL Ports      | Dir | Bits|  Protocol  |         Source Object         |    C Type    |
+----------------------+-----+-----+------------+-------------------------------+--------------+
|ap_clk                |   in|    1|  ap_ctrl_hs|  mm2s_Pipeline_VITIS_LOOP_47_1|  return value|
|ap_rst                |   in|    1|  ap_ctrl_hs|  mm2s_Pipeline_VITIS_LOOP_47_1|  return value|
|ap_start              |   in|    1|  ap_ctrl_hs|  mm2s_Pipeline_VITIS_LOOP_47_1|  return value|
|ap_done               |  out|    1|  ap_ctrl_hs|  mm2s_Pipeline_VITIS_LOOP_47_1|  return value|
|ap_idle               |  out|    1|  ap_ctrl_hs|  mm2s_Pipeline_VITIS_LOOP_47_1|  return value|
|ap_ready              |  out|    1|  ap_ctrl_hs|  mm2s_Pipeline_VITIS_LOOP_47_1|  return value|
|ap_ext_blocking_n     |  out|    1|  ap_ctrl_hs|  mm2s_Pipeline_VITIS_LOOP_47_1|  return value|
|ap_str_blocking_n     |  out|    1|  ap_ctrl_hs|  mm2s_Pipeline_VITIS_LOOP_47_1|  return value|
|ap_int_blocking_n     |  out|    1|  ap_ctrl_hs|  mm2s_Pipeline_VITIS_LOOP_47_1|  return value|
|m_axi_gmem1_AWVALID   |  out|    1|       m_axi|                          gmem1|       pointer|
|m_axi_gmem1_AWREADY   |   in|    1|       m_axi|                          gmem1|       pointer|
|m_axi_gmem1_AWADDR    |  out|   64|       m_axi|                          gmem1|       pointer|
|m_axi_gmem1_AWID      |  out|    1|       m_axi|                          gmem1|       pointer|
|m_axi_gmem1_AWLEN     |  out|   32|       m_axi|                          gmem1|       pointer|
|m_axi_gmem1_AWSIZE    |  out|    3|       m_axi|                          gmem1|       pointer|
|m_axi_gmem1_AWBURST   |  out|    2|       m_axi|                          gmem1|       pointer|
|m_axi_gmem1_AWLOCK    |  out|    2|       m_axi|                          gmem1|       pointer|
|m_axi_gmem1_AWCACHE   |  out|    4|       m_axi|                          gmem1|       pointer|
|m_axi_gmem1_AWPROT    |  out|    3|       m_axi|                          gmem1|       pointer|
|m_axi_gmem1_AWQOS     |  out|    4|       m_axi|                          gmem1|       pointer|
|m_axi_gmem1_AWREGION  |  out|    4|       m_axi|                          gmem1|       pointer|
|m_axi_gmem1_AWUSER    |  out|    1|       m_axi|                          gmem1|       pointer|
|m_axi_gmem1_WVALID    |  out|    1|       m_axi|                          gmem1|       pointer|
|m_axi_gmem1_WREADY    |   in|    1|       m_axi|                          gmem1|       pointer|
|m_axi_gmem1_WDATA     |  out|  128|       m_axi|                          gmem1|       pointer|
|m_axi_gmem1_WSTRB     |  out|   16|       m_axi|                          gmem1|       pointer|
|m_axi_gmem1_WLAST     |  out|    1|       m_axi|                          gmem1|       pointer|
|m_axi_gmem1_WID       |  out|    1|       m_axi|                          gmem1|       pointer|
|m_axi_gmem1_WUSER     |  out|    1|       m_axi|                          gmem1|       pointer|
|m_axi_gmem1_ARVALID   |  out|    1|       m_axi|                          gmem1|       pointer|
|m_axi_gmem1_ARREADY   |   in|    1|       m_axi|                          gmem1|       pointer|
|m_axi_gmem1_ARADDR    |  out|   64|       m_axi|                          gmem1|       pointer|
|m_axi_gmem1_ARID      |  out|    1|       m_axi|                          gmem1|       pointer|
|m_axi_gmem1_ARLEN     |  out|   32|       m_axi|                          gmem1|       pointer|
|m_axi_gmem1_ARSIZE    |  out|    3|       m_axi|                          gmem1|       pointer|
|m_axi_gmem1_ARBURST   |  out|    2|       m_axi|                          gmem1|       pointer|
|m_axi_gmem1_ARLOCK    |  out|    2|       m_axi|                          gmem1|       pointer|
|m_axi_gmem1_ARCACHE   |  out|    4|       m_axi|                          gmem1|       pointer|
|m_axi_gmem1_ARPROT    |  out|    3|       m_axi|                          gmem1|       pointer|
|m_axi_gmem1_ARQOS     |  out|    4|       m_axi|                          gmem1|       pointer|
|m_axi_gmem1_ARREGION  |  out|    4|       m_axi|                          gmem1|       pointer|
|m_axi_gmem1_ARUSER    |  out|    1|       m_axi|                          gmem1|       pointer|
|m_axi_gmem1_RVALID    |   in|    1|       m_axi|                          gmem1|       pointer|
|m_axi_gmem1_RREADY    |  out|    1|       m_axi|                          gmem1|       pointer|
|m_axi_gmem1_RDATA     |   in|  128|       m_axi|                          gmem1|       pointer|
|m_axi_gmem1_RLAST     |   in|    1|       m_axi|                          gmem1|       pointer|
|m_axi_gmem1_RID       |   in|    1|       m_axi|                          gmem1|       pointer|
|m_axi_gmem1_RFIFONUM  |   in|    9|       m_axi|                          gmem1|       pointer|
|m_axi_gmem1_RUSER     |   in|    1|       m_axi|                          gmem1|       pointer|
|m_axi_gmem1_RRESP     |   in|    2|       m_axi|                          gmem1|       pointer|
|m_axi_gmem1_BVALID    |   in|    1|       m_axi|                          gmem1|       pointer|
|m_axi_gmem1_BREADY    |  out|    1|       m_axi|                          gmem1|       pointer|
|m_axi_gmem1_BRESP     |   in|    2|       m_axi|                          gmem1|       pointer|
|m_axi_gmem1_BID       |   in|    1|       m_axi|                          gmem1|       pointer|
|m_axi_gmem1_BUSER     |   in|    1|       m_axi|                          gmem1|       pointer|
|m_axi_gmem2_AWVALID   |  out|    1|       m_axi|                          gmem2|       pointer|
|m_axi_gmem2_AWREADY   |   in|    1|       m_axi|                          gmem2|       pointer|
|m_axi_gmem2_AWADDR    |  out|   64|       m_axi|                          gmem2|       pointer|
|m_axi_gmem2_AWID      |  out|    1|       m_axi|                          gmem2|       pointer|
|m_axi_gmem2_AWLEN     |  out|   32|       m_axi|                          gmem2|       pointer|
|m_axi_gmem2_AWSIZE    |  out|    3|       m_axi|                          gmem2|       pointer|
|m_axi_gmem2_AWBURST   |  out|    2|       m_axi|                          gmem2|       pointer|
|m_axi_gmem2_AWLOCK    |  out|    2|       m_axi|                          gmem2|       pointer|
|m_axi_gmem2_AWCACHE   |  out|    4|       m_axi|                          gmem2|       pointer|
|m_axi_gmem2_AWPROT    |  out|    3|       m_axi|                          gmem2|       pointer|
|m_axi_gmem2_AWQOS     |  out|    4|       m_axi|                          gmem2|       pointer|
|m_axi_gmem2_AWREGION  |  out|    4|       m_axi|                          gmem2|       pointer|
|m_axi_gmem2_AWUSER    |  out|    1|       m_axi|                          gmem2|       pointer|
|m_axi_gmem2_WVALID    |  out|    1|       m_axi|                          gmem2|       pointer|
|m_axi_gmem2_WREADY    |   in|    1|       m_axi|                          gmem2|       pointer|
|m_axi_gmem2_WDATA     |  out|  128|       m_axi|                          gmem2|       pointer|
|m_axi_gmem2_WSTRB     |  out|   16|       m_axi|                          gmem2|       pointer|
|m_axi_gmem2_WLAST     |  out|    1|       m_axi|                          gmem2|       pointer|
|m_axi_gmem2_WID       |  out|    1|       m_axi|                          gmem2|       pointer|
|m_axi_gmem2_WUSER     |  out|    1|       m_axi|                          gmem2|       pointer|
|m_axi_gmem2_ARVALID   |  out|    1|       m_axi|                          gmem2|       pointer|
|m_axi_gmem2_ARREADY   |   in|    1|       m_axi|                          gmem2|       pointer|
|m_axi_gmem2_ARADDR    |  out|   64|       m_axi|                          gmem2|       pointer|
|m_axi_gmem2_ARID      |  out|    1|       m_axi|                          gmem2|       pointer|
|m_axi_gmem2_ARLEN     |  out|   32|       m_axi|                          gmem2|       pointer|
|m_axi_gmem2_ARSIZE    |  out|    3|       m_axi|                          gmem2|       pointer|
|m_axi_gmem2_ARBURST   |  out|    2|       m_axi|                          gmem2|       pointer|
|m_axi_gmem2_ARLOCK    |  out|    2|       m_axi|                          gmem2|       pointer|
|m_axi_gmem2_ARCACHE   |  out|    4|       m_axi|                          gmem2|       pointer|
|m_axi_gmem2_ARPROT    |  out|    3|       m_axi|                          gmem2|       pointer|
|m_axi_gmem2_ARQOS     |  out|    4|       m_axi|                          gmem2|       pointer|
|m_axi_gmem2_ARREGION  |  out|    4|       m_axi|                          gmem2|       pointer|
|m_axi_gmem2_ARUSER    |  out|    1|       m_axi|                          gmem2|       pointer|
|m_axi_gmem2_RVALID    |   in|    1|       m_axi|                          gmem2|       pointer|
|m_axi_gmem2_RREADY    |  out|    1|       m_axi|                          gmem2|       pointer|
|m_axi_gmem2_RDATA     |   in|  128|       m_axi|                          gmem2|       pointer|
|m_axi_gmem2_RLAST     |   in|    1|       m_axi|                          gmem2|       pointer|
|m_axi_gmem2_RID       |   in|    1|       m_axi|                          gmem2|       pointer|
|m_axi_gmem2_RFIFONUM  |   in|    9|       m_axi|                          gmem2|       pointer|
|m_axi_gmem2_RUSER     |   in|    1|       m_axi|                          gmem2|       pointer|
|m_axi_gmem2_RRESP     |   in|    2|       m_axi|                          gmem2|       pointer|
|m_axi_gmem2_BVALID    |   in|    1|       m_axi|                          gmem2|       pointer|
|m_axi_gmem2_BREADY    |  out|    1|       m_axi|                          gmem2|       pointer|
|m_axi_gmem2_BRESP     |   in|    2|       m_axi|                          gmem2|       pointer|
|m_axi_gmem2_BID       |   in|    1|       m_axi|                          gmem2|       pointer|
|m_axi_gmem2_BUSER     |   in|    1|       m_axi|                          gmem2|       pointer|
|outA_TREADY           |   in|    1|        axis|                           outA|       pointer|
|outA_TDATA            |  out|  128|        axis|                           outA|       pointer|
|outA_TVALID           |  out|    1|        axis|                           outA|       pointer|
|outB_TREADY           |   in|    1|        axis|                           outB|       pointer|
|outB_TDATA            |  out|  128|        axis|                           outB|       pointer|
|outB_TVALID           |  out|    1|        axis|                           outB|       pointer|
|sext_ln47_1           |   in|   60|     ap_none|                    sext_ln47_1|        scalar|
|sext_ln47             |   in|   60|     ap_none|                      sext_ln47|        scalar|
|div                   |   in|   31|     ap_none|                            div|        scalar|
+----------------------+-----+-----+------------+-------------------------------+--------------+

============================================================
+ Verbose Summary: Synthesis Manager
============================================================
InlineROM: 1
ExposeGlobal: 0
============================================================
+ Verbose Summary: CDFG Model
============================================================
IsTopModel: 0
ResetActiveHigh: 1
IsCombinational: 2
IsDatapathOnly: 2
HasWiredReturn: 1
HasMFsm: 2
HasVarLatency: 1
IsPipeline: 0
IsRtlPipelined: 0
IsInstanceOverlapped: 0
IsDontTouch: 0
HasImplIP: 0
IsGatedGlobalClock: 0

+ Individual pipeline summary: 
  * Pipeline-0: initiation interval (II) = 1, depth = 2


============================================================
+ Verbose Summary: Schedule
============================================================
* Number of FSM states : 2
* Pipeline : 1
  Pipeline-0 : II = 1, D = 2, States = { 1 2 }
* Dataflow Pipeline: 0

* FSM state transitions: 
1 --> 2 
2 --> 

* FSM state operations: 

State 1 <SV = 0> <Delay = 1.35>
ST_1 : Operation 5 [1/1] (0.00ns)   --->   "%i = alloca i32 1"   --->   Operation 5 'alloca' 'i' <Predicate = true> <Delay = 0.00>
ST_1 : Operation 6 [1/1] (0.00ns)   --->   "%div_read = read i31 @_ssdm_op_Read.ap_auto.i31, i31 %div"   --->   Operation 6 'read' 'div_read' <Predicate = true> <Delay = 0.00>
ST_1 : Operation 7 [1/1] (0.00ns)   --->   "%sext_ln47_read = read i60 @_ssdm_op_Read.ap_auto.i60, i60 %sext_ln47"   --->   Operation 7 'read' 'sext_ln47_read' <Predicate = true> <Delay = 0.00>
ST_1 : Operation 8 [1/1] (0.00ns)   --->   "%sext_ln47_1_read = read i60 @_ssdm_op_Read.ap_auto.i60, i60 %sext_ln47_1"   --->   Operation 8 'read' 'sext_ln47_1_read' <Predicate = true> <Delay = 0.00>
ST_1 : Operation 9 [1/1] (0.00ns)   --->   "%sext_ln47_cast = sext i60 %sext_ln47_read"   --->   Operation 9 'sext' 'sext_ln47_cast' <Predicate = true> <Delay = 0.00>
ST_1 : Operation 10 [1/1] (0.00ns)   --->   "%sext_ln47_1_cast = sext i60 %sext_ln47_1_read"   --->   Operation 10 'sext' 'sext_ln47_1_cast' <Predicate = true> <Delay = 0.00>
ST_1 : Operation 11 [1/1] (0.00ns)   --->   "%specinterface_ln0 = specinterface void @_ssdm_op_SpecInterface, i128 %outB, void @empty_8, i32 0, i32 0, void @empty_10, i32 0, i32 0, void @empty_3, void @empty_3, void @empty_3, i32 0, i32 0, i32 0, i32 0, void @empty_3, void @empty_3, i32 4294967295, i32 0"   --->   Operation 11 'specinterface' 'specinterface_ln0' <Predicate = true> <Delay = 0.00>
ST_1 : Operation 12 [1/1] (0.00ns)   --->   "%specinterface_ln0 = specinterface void @_ssdm_op_SpecInterface, i128 %outA, void @empty_8, i32 0, i32 0, void @empty_10, i32 0, i32 0, void @empty_3, void @empty_3, void @empty_3, i32 0, i32 0, i32 0, i32 0, void @empty_3, void @empty_3, i32 4294967295, i32 0"   --->   Operation 12 'specinterface' 'specinterface_ln0' <Predicate = true> <Delay = 0.00>
ST_1 : Operation 13 [1/1] (0.00ns)   --->   "%specinterface_ln0 = specinterface void @_ssdm_op_SpecInterface, i128 %gmem2, void @empty_2, i32 0, i32 0, void @empty_3, i32 64, i32 100, void @empty_9, void @empty_5, void @empty_3, i32 16, i32 16, i32 16, i32 16, void @empty_3, void @empty_3, i32 4294967295, i32 0"   --->   Operation 13 'specinterface' 'specinterface_ln0' <Predicate = true> <Delay = 0.00>
ST_1 : Operation 14 [1/1] (0.00ns)   --->   "%specinterface_ln0 = specinterface void @_ssdm_op_SpecInterface, i128 %gmem1, void @empty_2, i32 0, i32 0, void @empty_3, i32 64, i32 100, void @empty_4, void @empty_5, void @empty_3, i32 16, i32 16, i32 16, i32 16, void @empty_3, void @empty_3, i32 4294967295, i32 0"   --->   Operation 14 'specinterface' 'specinterface_ln0' <Predicate = true> <Delay = 0.00>
ST_1 : Operation 15 [1/1] (0.46ns)   --->   "%store_ln0 = store i30 0, i30 %i"   --->   Operation 15 'store' 'store_ln0' <Predicate = true> <Delay = 0.46>
ST_1 : Operation 16 [1/1] (0.00ns)   --->   "%br_ln0 = br void %for.inc"   --->   Operation 16 'br' 'br_ln0' <Predicate = true> <Delay = 0.00>
ST_1 : Operation 17 [1/1] (0.00ns)   --->   "%i_load = load i30 %i"   --->   Operation 17 'load' 'i_load' <Predicate = true> <Delay = 0.00>
ST_1 : Operation 18 [1/1] (0.89ns)   --->   "%add_ln47 = add i30 %i_load, i30 1"   --->   Operation 18 'add' 'add_ln47' <Predicate = true> <Delay = 0.89> <CoreInst = "Adder">   --->   Core 1 'Adder' <Latency = 0> <II = 1> <Delay = 0.89> <FuncUnit> <Opcode : 'add' 'sub'> <InPorts = 2> <OutPorts = 1>
ST_1 : Operation 19 [1/1] (0.00ns)   --->   "%i_cast = zext i30 %i_load"   --->   Operation 19 'zext' 'i_cast' <Predicate = true> <Delay = 0.00>
ST_1 : Operation 20 [1/1] (0.89ns)   --->   "%icmp_ln47 = icmp_slt  i31 %i_cast, i31 %div_read" [/home/gsorrentino/projects/voted_hdl/voted/fpga/mm2s.cpp:47]   --->   Operation 20 'icmp' 'icmp_ln47' <Predicate = true> <Delay = 0.89> <CoreInst = "Cmp">   --->   Core 9 'Cmp' <Latency = 0> <II = 1> <Delay = 0.89> <FuncUnit> <Opcode : 'icmp'> <InPorts = 2> <OutPorts = 1>
ST_1 : Operation 21 [1/1] (0.00ns)   --->   "%br_ln47 = br i1 %icmp_ln47, void %for.end.loopexit.exitStub, void %new.body.for.inc" [/home/gsorrentino/projects/voted_hdl/voted/fpga/mm2s.cpp:47]   --->   Operation 21 'br' 'br_ln47' <Predicate = true> <Delay = 0.00>
ST_1 : Operation 22 [1/1] (0.46ns)   --->   "%store_ln47 = store i30 %add_ln47, i30 %i" [/home/gsorrentino/projects/voted_hdl/voted/fpga/mm2s.cpp:47]   --->   Operation 22 'store' 'store_ln47' <Predicate = (icmp_ln47)> <Delay = 0.46>

State 2 <SV = 1> <Delay = 2.43>
ST_2 : Operation 23 [1/1] (0.00ns)   --->   "%specbitsmap_ln0 = specbitsmap void @_ssdm_op_SpecBitsMap, i128 %gmem2"   --->   Operation 23 'specbitsmap' 'specbitsmap_ln0' <Predicate = true> <Delay = 0.00>
ST_2 : Operation 24 [1/1] (0.00ns)   --->   "%specbitsmap_ln0 = specbitsmap void @_ssdm_op_SpecBitsMap, i128 %gmem1"   --->   Operation 24 'specbitsmap' 'specbitsmap_ln0' <Predicate = true> <Delay = 0.00>
ST_2 : Operation 25 [1/1] (0.00ns)   --->   "%gmem2_addr = getelementptr i128 %gmem2, i64 %sext_ln47_1_cast" [/home/gsorrentino/projects/voted_hdl/voted/fpga/mm2s.cpp:47]   --->   Operation 25 'getelementptr' 'gmem2_addr' <Predicate = true> <Delay = 0.00>
ST_2 : Operation 26 [1/1] (0.00ns)   --->   "%gmem1_addr = getelementptr i128 %gmem1, i64 %sext_ln47_cast" [/home/gsorrentino/projects/voted_hdl/voted/fpga/mm2s.cpp:47]   --->   Operation 26 'getelementptr' 'gmem1_addr' <Predicate = true> <Delay = 0.00>
ST_2 : Operation 27 [1/1] (0.00ns)   --->   "%specpipeline_ln0 = specpipeline void @_ssdm_op_SpecPipeline, i32 4294967295, i32 0, i32 1, i32 0, void @p_str"   --->   Operation 27 'specpipeline' 'specpipeline_ln0' <Predicate = true> <Delay = 0.00>
ST_2 : Operation 28 [1/1] (0.00ns)   --->   "%speclooptripcount_ln47 = speclooptripcount void @_ssdm_op_SpecLoopTripCount, i64 0, i64 536870911, i64 268435455" [/home/gsorrentino/projects/voted_hdl/voted/fpga/mm2s.cpp:47]   --->   Operation 28 'speclooptripcount' 'speclooptripcount_ln47' <Predicate = (icmp_ln47)> <Delay = 0.00>
ST_2 : Operation 29 [1/1] (0.00ns)   --->   "%specloopname_ln47 = specloopname void @_ssdm_op_SpecLoopName, void @empty_12" [/home/gsorrentino/projects/voted_hdl/voted/fpga/mm2s.cpp:47]   --->   Operation 29 'specloopname' 'specloopname_ln47' <Predicate = (icmp_ln47)> <Delay = 0.00>
ST_2 : Operation 30 [1/1] (2.43ns)   --->   "%gmem1_addr_read = read i128 @_ssdm_op_Read.m_axi.p1i128, i64 %gmem1_addr" [/home/gsorrentino/projects/voted_hdl/voted/fpga/mm2s.cpp:48]   --->   Operation 30 'read' 'gmem1_addr_read' <Predicate = (icmp_ln47)> <Delay = 2.43> <CoreInst = "m_axi">   --->   Core 125 'm_axi' <Latency = 0> <II = 1> <Delay = 1.00> <Adapter> <Opcode : 'read' 'write' 'readreq' 'writereq' 'writeresp'>
ST_2 : Operation 31 [1/1] (2.43ns)   --->   "%gmem2_addr_read = read i128 @_ssdm_op_Read.m_axi.p1i128, i64 %gmem2_addr" [/home/gsorrentino/projects/voted_hdl/voted/fpga/mm2s.cpp:49]   --->   Operation 31 'read' 'gmem2_addr_read' <Predicate = (icmp_ln47)> <Delay = 2.43> <CoreInst = "m_axi">   --->   Core 125 'm_axi' <Latency = 0> <II = 1> <Delay = 1.00> <Adapter> <Opcode : 'read' 'write' 'readreq' 'writereq' 'writeresp'>
ST_2 : Operation 32 [1/1] (0.00ns)   --->   "%write_ln50 = write void @_ssdm_op_Write.axis.volatile.i128P128A, i128 %outA, i128 %gmem1_addr_read" [/home/gsorrentino/projects/voted_hdl/voted/fpga/mm2s.cpp:50]   --->   Operation 32 'write' 'write_ln50' <Predicate = (icmp_ln47)> <Delay = 0.00> <CoreInst = "axis">   --->   Core 127 'axis' <Latency = 0> <II = 1> <Delay = 1.00> <Adapter> <Opcode : >
ST_2 : Operation 33 [1/1] (0.00ns)   --->   "%write_ln51 = write void @_ssdm_op_Write.axis.volatile.i128P128A, i128 %outB, i128 %gmem2_addr_read" [/home/gsorrentino/projects/voted_hdl/voted/fpga/mm2s.cpp:51]   --->   Operation 33 'write' 'write_ln51' <Predicate = (icmp_ln47)> <Delay = 0.00> <CoreInst = "axis">   --->   Core 127 'axis' <Latency = 0> <II = 1> <Delay = 1.00> <Adapter> <Opcode : >
ST_2 : Operation 34 [1/1] (0.00ns)   --->   "%br_ln47 = br void %for.inc" [/home/gsorrentino/projects/voted_hdl/voted/fpga/mm2s.cpp:47]   --->   Operation 34 'br' 'br_ln47' <Predicate = (icmp_ln47)> <Delay = 0.00>
ST_2 : Operation 35 [1/1] (0.00ns)   --->   "%ret_ln0 = ret"   --->   Operation 35 'ret' 'ret_ln0' <Predicate = (!icmp_ln47)> <Delay = 0.00>


============================================================
+ Verbose Summary: Binding
============================================================
STG Binding: 
---------------- STG Properties BEGIN ----------------
- Is combinational: 0
- Is one-state seq: 0
- Is datapath-only: 0
- Is pipelined: 0
- Is top level: 0
Port [ Return ] is wired: 1; IO mode=ap_ctrl_hs:ce=0
Port [ gmem2]:  wired=1; compound=1; hidden=0; nouse=0; global=0; static=0; extern=0; dir=0; type=4; pingpong=0; private_global=0; IO mode=m_axi:ce=0
Port [ gmem1]:  wired=1; compound=1; hidden=0; nouse=0; global=0; static=0; extern=0; dir=0; type=4; pingpong=0; private_global=0; IO mode=m_axi:ce=0
Port [ sext_ln47_1]:  wired=1; compound=0; hidden=0; nouse=0; global=0; static=0; extern=0; dir=0; type=0; pingpong=0; private_global=0; IO mode=ap_none:ce=0
Port [ sext_ln47]:  wired=1; compound=0; hidden=0; nouse=0; global=0; static=0; extern=0; dir=0; type=0; pingpong=0; private_global=0; IO mode=ap_none:ce=0
Port [ div]:  wired=1; compound=0; hidden=0; nouse=0; global=0; static=0; extern=0; dir=0; type=0; pingpong=0; private_global=0; IO mode=ap_none:ce=0
Port [ outA]:  wired=1; compound=1; hidden=0; nouse=0; global=0; static=0; extern=0; dir=1; type=0; pingpong=0; private_global=0; IO mode=axis:ce=0
Port [ outB]:  wired=1; compound=1; hidden=0; nouse=0; global=0; static=0; extern=0; dir=1; type=0; pingpong=0; private_global=0; IO mode=axis:ce=0
---------------- STG Properties END ------------------

---------------- Datapath Model BEGIN ----------------

<LifeTime>
<method=bitvector/>
i                      (alloca           ) [ 010]
div_read               (read             ) [ 000]
sext_ln47_read         (read             ) [ 000]
sext_ln47_1_read       (read             ) [ 000]
sext_ln47_cast         (sext             ) [ 011]
sext_ln47_1_cast       (sext             ) [ 011]
specinterface_ln0      (specinterface    ) [ 000]
specinterface_ln0      (specinterface    ) [ 000]
specinterface_ln0      (specinterface    ) [ 000]
specinterface_ln0      (specinterface    ) [ 000]
store_ln0              (store            ) [ 000]
br_ln0                 (br               ) [ 000]
i_load                 (load             ) [ 000]
add_ln47               (add              ) [ 000]
i_cast                 (zext             ) [ 000]
icmp_ln47              (icmp             ) [ 011]
br_ln47                (br               ) [ 000]
store_ln47             (store            ) [ 000]
specbitsmap_ln0        (specbitsmap      ) [ 000]
specbitsmap_ln0        (specbitsmap      ) [ 000]
gmem2_addr             (getelementptr    ) [ 000]
gmem1_addr             (getelementptr    ) [ 000]
specpipeline_ln0       (specpipeline     ) [ 000]
speclooptripcount_ln47 (speclooptripcount) [ 000]
specloopname_ln47      (specloopname     ) [ 000]
gmem1_addr_read        (read             ) [ 000]
gmem2_addr_read        (read             ) [ 000]
write_ln50             (write            ) [ 000]
write_ln51             (write            ) [ 000]
br_ln47                (br               ) [ 000]
ret_ln0                (ret              ) [ 000]
</LifeTime>

<model>

<comp_list>
<comp id="0" class="1000" name="gmem2">
<pin_list>
<pin id="1" dir="1" index="0" bw="1" slack="0"/>
</pin_list>
<bind>
<StgValue><ssdm name="gmem2"/></StgValue>
</bind>
</comp>

<comp id="2" class="1000" name="gmem1">
<pin_list>
<pin id="3" dir="1" index="0" bw="1" slack="0"/>
</pin_list>
<bind>
<StgValue><ssdm name="gmem1"/></StgValue>
</bind>
</comp>

<comp id="4" class="1000" name="sext_ln47_1">
<pin_list>
<pin id="5" dir="1" index="0" bw="1" slack="0"/>
</pin_list>
<bind>
<StgValue><ssdm name="sext_ln47_1"/></StgValue>
</bind>
</comp>

<comp id="6" class="1000" name="sext_ln47">
<pin_list>
<pin id="7" dir="1" index="0" bw="1" slack="0"/>
</pin_list>
<bind>
<StgValue><ssdm name="sext_ln47"/></StgValue>
</bind>
</comp>

<comp id="8" class="1000" name="div">
<pin_list>
<pin id="9" dir="1" index="0" bw="1" slack="0"/>
</pin_list>
<bind>
<StgValue><ssdm name="div"/></StgValue>
</bind>
</comp>

<comp id="10" class="1000" name="outA">
<pin_list>
<pin id="11" dir="1" index="0" bw="1" slack="0"/>
</pin_list>
<bind>
<StgValue><ssdm name="outA"/></StgValue>
</bind>
</comp>

<comp id="12" class="1000" name="outB">
<pin_list>
<pin id="13" dir="1" index="0" bw="1" slack="0"/>
</pin_list>
<bind>
<StgValue><ssdm name="outB"/></StgValue>
</bind>
</comp>

<comp id="14" class="1001" name="const_14">
<pin_list>
<pin id="15" dir="1" index="0" bw="1" slack="0"/>
</pin_list>
<bind>
<StgValue><ssdm name=""/></StgValue>
</bind>
</comp>

<comp id="16" class="1001" name="const_16">
<pin_list>
<pin id="17" dir="1" index="0" bw="1" slack="0"/>
</pin_list>
<bind>
<StgValue><ssdm name="_ssdm_op_Read.ap_auto.i31"/></StgValue>
</bind>
</comp>

<comp id="18" class="1001" name="const_18">
<pin_list>
<pin id="19" dir="1" index="0" bw="1" slack="0"/>
</pin_list>
<bind>
<StgValue><ssdm name="_ssdm_op_Read.ap_auto.i60"/></StgValue>
</bind>
</comp>

<comp id="20" class="1001" name="const_20">
<pin_list>
<pin id="21" dir="1" index="0" bw="1" slack="2147483647"/>
</pin_list>
<bind>
<StgValue><ssdm name="_ssdm_op_SpecInterface"/></StgValue>
</bind>
</comp>

<comp id="22" class="1001" name="const_22">
<pin_list>
<pin id="23" dir="1" index="0" bw="1" slack="2147483647"/>
</pin_list>
<bind>
<StgValue><ssdm name="empty_8"/></StgValue>
</bind>
</comp>

<comp id="24" class="1001" name="const_24">
<pin_list>
<pin id="25" dir="1" index="0" bw="1" slack="2147483647"/>
</pin_list>
<bind>
<StgValue><ssdm name=""/></StgValue>
</bind>
</comp>

<comp id="26" class="1001" name="const_26">
<pin_list>
<pin id="27" dir="1" index="0" bw="1" slack="2147483647"/>
</pin_list>
<bind>
<StgValue><ssdm name="empty_10"/></StgValue>
</bind>
</comp>

<comp id="28" class="1001" name="const_28">
<pin_list>
<pin id="29" dir="1" index="0" bw="1" slack="2147483647"/>
</pin_list>
<bind>
<StgValue><ssdm name="empty_3"/></StgValue>
</bind>
</comp>

<comp id="30" class="1001" name="const_30">
<pin_list>
<pin id="31" dir="1" index="0" bw="1" slack="2147483647"/>
</pin_list>
<bind>
<StgValue><ssdm name=""/></StgValue>
</bind>
</comp>

<comp id="32" class="1001" name="const_32">
<pin_list>
<pin id="33" dir="1" index="0" bw="1" slack="2147483647"/>
</pin_list>
<bind>
<StgValue><ssdm name="empty_2"/></StgValue>
</bind>
</comp>

<comp id="34" class="1001" name="const_34">
<pin_list>
<pin id="35" dir="1" index="0" bw="1" slack="2147483647"/>
</pin_list>
<bind>
<StgValue><ssdm name=""/></StgValue>
</bind>
</comp>

<comp id="36" class="1001" name="const_36">
<pin_list>
<pin id="37" dir="1" index="0" bw="1" slack="2147483647"/>
</pin_list>
<bind>
<StgValue><ssdm name=""/></StgValue>
</bind>
</comp>

<comp id="38" class="1001" name="const_38">
<pin_list>
<pin id="39" dir="1" index="0" bw="1" slack="2147483647"/>
</pin_list>
<bind>
<StgValue><ssdm name="empty_9"/></StgValue>
</bind>
</comp>

<comp id="40" class="1001" name="const_40">
<pin_list>
<pin id="41" dir="1" index="0" bw="1" slack="2147483647"/>
</pin_list>
<bind>
<StgValue><ssdm name="empty_5"/></StgValue>
</bind>
</comp>

<comp id="42" class="1001" name="const_42">
<pin_list>
<pin id="43" dir="1" index="0" bw="1" slack="2147483647"/>
</pin_list>
<bind>
<StgValue><ssdm name=""/></StgValue>
</bind>
</comp>

<comp id="44" class="1001" name="const_44">
<pin_list>
<pin id="45" dir="1" index="0" bw="1" slack="2147483647"/>
</pin_list>
<bind>
<StgValue><ssdm name="empty_4"/></StgValue>
</bind>
</comp>

<comp id="46" class="1001" name="const_46">
<pin_list>
<pin id="47" dir="1" index="0" bw="1" slack="0"/>
</pin_list>
<bind>
<StgValue><ssdm name=""/></StgValue>
</bind>
</comp>

<comp id="48" class="1001" name="const_48">
<pin_list>
<pin id="49" dir="1" index="0" bw="1" slack="0"/>
</pin_list>
<bind>
<StgValue><ssdm name=""/></StgValue>
</bind>
</comp>

<comp id="50" class="1001" name="const_50">
<pin_list>
<pin id="51" dir="1" index="0" bw="1" slack="2147483647"/>
</pin_list>
<bind>
<StgValue><ssdm name="_ssdm_op_SpecBitsMap"/></StgValue>
</bind>
</comp>

<comp id="52" class="1001" name="const_52">
<pin_list>
<pin id="53" dir="1" index="0" bw="1" slack="2147483647"/>
</pin_list>
<bind>
<StgValue><ssdm name="_ssdm_op_SpecPipeline"/></StgValue>
</bind>
</comp>

<comp id="54" class="1001" name="const_54">
<pin_list>
<pin id="55" dir="1" index="0" bw="1" slack="2147483647"/>
</pin_list>
<bind>
<StgValue><ssdm name="p_str"/></StgValue>
</bind>
</comp>

<comp id="56" class="1001" name="const_56">
<pin_list>
<pin id="57" dir="1" index="0" bw="1" slack="2147483647"/>
</pin_list>
<bind>
<StgValue><ssdm name="_ssdm_op_SpecLoopTripCount"/></StgValue>
</bind>
</comp>

<comp id="58" class="1001" name="const_58">
<pin_list>
<pin id="59" dir="1" index="0" bw="1" slack="2147483647"/>
</pin_list>
<bind>
<StgValue><ssdm name=""/></StgValue>
</bind>
</comp>

<comp id="60" class="1001" name="const_60">
<pin_list>
<pin id="61" dir="1" index="0" bw="1" slack="2147483647"/>
</pin_list>
<bind>
<StgValue><ssdm name=""/></StgValue>
</bind>
</comp>

<comp id="62" class="1001" name="const_62">
<pin_list>
<pin id="63" dir="1" index="0" bw="1" slack="2147483647"/>
</pin_list>
<bind>
<StgValue><ssdm name=""/></StgValue>
</bind>
</comp>

<comp id="64" class="1001" name="const_64">
<pin_list>
<pin id="65" dir="1" index="0" bw="1" slack="2147483647"/>
</pin_list>
<bind>
<StgValue><ssdm name="_ssdm_op_SpecLoopName"/></StgValue>
</bind>
</comp>

<comp id="66" class="1001" name="const_66">
<pin_list>
<pin id="67" dir="1" index="0" bw="1" slack="2147483647"/>
</pin_list>
<bind>
<StgValue><ssdm name="empty_12"/></StgValue>
</bind>
</comp>

<comp id="68" class="1001" name="const_68">
<pin_list>
<pin id="69" dir="1" index="0" bw="1" slack="0"/>
</pin_list>
<bind>
<StgValue><ssdm name="_ssdm_op_Read.m_axi.p1i128"/></StgValue>
</bind>
</comp>

<comp id="70" class="1001" name="const_70">
<pin_list>
<pin id="71" dir="1" index="0" bw="1" slack="0"/>
</pin_list>
<bind>
<StgValue><ssdm name="_ssdm_op_Write.axis.volatile.i128P128A"/></StgValue>
</bind>
</comp>

<comp id="72" class="1004" name="i_fu_72">
<pin_list>
<pin id="73" dir="0" index="0" bw="1" slack="0"/>
<pin id="74" dir="1" index="1" bw="30" slack="0"/>
</pin_list>
<bind>
<opcode="alloca(26) " fcode="alloca"/>
<opset="i/1 "/>
</bind>
</comp>

<comp id="76" class="1004" name="div_read_read_fu_76">
<pin_list>
<pin id="77" dir="0" index="0" bw="31" slack="0"/>
<pin id="78" dir="0" index="1" bw="31" slack="0"/>
<pin id="79" dir="1" index="2" bw="31" slack="0"/>
</pin_list>
<bind>
<opcode="read(1150) " fcode="read"/>
<opset="div_read/1 "/>
</bind>
</comp>

<comp id="82" class="1004" name="sext_ln47_read_read_fu_82">
<pin_list>
<pin id="83" dir="0" index="0" bw="60" slack="0"/>
<pin id="84" dir="0" index="1" bw="60" slack="0"/>
<pin id="85" dir="1" index="2" bw="60" slack="0"/>
</pin_list>
<bind>
<opcode="read(1150) " fcode="read"/>
<opset="sext_ln47_read/1 "/>
</bind>
</comp>

<comp id="88" class="1004" name="sext_ln47_1_read_read_fu_88">
<pin_list>
<pin id="89" dir="0" index="0" bw="60" slack="0"/>
<pin id="90" dir="0" index="1" bw="60" slack="0"/>
<pin id="91" dir="1" index="2" bw="60" slack="0"/>
</pin_list>
<bind>
<opcode="read(1150) " fcode="read"/>
<opset="sext_ln47_1_read/1 "/>
</bind>
</comp>

<comp id="94" class="1004" name="gmem1_addr_read_read_fu_94">
<pin_list>
<pin id="95" dir="0" index="0" bw="128" slack="0"/>
<pin id="96" dir="0" index="1" bw="128" slack="0"/>
<pin id="97" dir="1" index="2" bw="128" slack="0"/>
</pin_list>
<bind>
<opcode="read(1150) " fcode="read"/>
<opset="gmem1_addr_read/2 "/>
</bind>
</comp>

<comp id="99" class="1004" name="gmem2_addr_read_read_fu_99">
<pin_list>
<pin id="100" dir="0" index="0" bw="128" slack="0"/>
<pin id="101" dir="0" index="1" bw="128" slack="0"/>
<pin id="102" dir="1" index="2" bw="128" slack="0"/>
</pin_list>
<bind>
<opcode="read(1150) " fcode="read"/>
<opset="gmem2_addr_read/2 "/>
</bind>
</comp>

<comp id="104" class="1004" name="write_ln50_write_fu_104">
<pin_list>
<pin id="105" dir="0" index="0" bw="0" slack="0"/>
<pin id="106" dir="0" index="1" bw="128" slack="0"/>
<pin id="107" dir="0" index="2" bw="128" slack="0"/>
<pin id="108" dir="1" index="3" bw="0" slack="2147483647"/>
</pin_list>
<bind>
<opcode="write(1151) " fcode="write"/>
<opset="write_ln50/2 "/>
</bind>
</comp>

<comp id="112" class="1004" name="write_ln51_write_fu_112">
<pin_list>
<pin id="113" dir="0" index="0" bw="0" slack="0"/>
<pin id="114" dir="0" index="1" bw="128" slack="0"/>
<pin id="115" dir="0" index="2" bw="128" slack="0"/>
<pin id="116" dir="1" index="3" bw="0" slack="2147483647"/>
</pin_list>
<bind>
<opcode="write(1151) " fcode="write"/>
<opset="write_ln51/2 "/>
</bind>
</comp>

<comp id="120" class="1004" name="sext_ln47_cast_fu_120">
<pin_list>
<pin id="121" dir="0" index="0" bw="60" slack="0"/>
<pin id="122" dir="1" index="1" bw="64" slack="1"/>
</pin_list>
<bind>
<opcode="sext(35) " fcode="sext"/>
<opset="sext_ln47_cast/1 "/>
</bind>
</comp>

<comp id="124" class="1004" name="sext_ln47_1_cast_fu_124">
<pin_list>
<pin id="125" dir="0" index="0" bw="60" slack="0"/>
<pin id="126" dir="1" index="1" bw="64" slack="1"/>
</pin_list>
<bind>
<opcode="sext(35) " fcode="sext"/>
<opset="sext_ln47_1_cast/1 "/>
</bind>
</comp>

<comp id="128" class="1004" name="store_ln0_store_fu_128">
<pin_list>
<pin id="129" dir="0" index="0" bw="1" slack="0"/>
<pin id="130" dir="0" index="1" bw="30" slack="0"/>
<pin id="131" dir="1" index="2" bw="0" slack="2147483647"/>
</pin_list>
<bind>
<opcode="store(28) " fcode="store"/>
<opset="store_ln0/1 "/>
</bind>
</comp>

<comp id="133" class="1004" name="i_load_load_fu_133">
<pin_list>
<pin id="134" dir="0" index="0" bw="30" slack="0"/>
<pin id="135" dir="1" index="1" bw="30" slack="0"/>
</pin_list>
<bind>
<opcode="load(27) " fcode="load"/>
<opset="i_load/1 "/>
</bind>
</comp>

<comp id="136" class="1004" name="add_ln47_fu_136">
<pin_list>
<pin id="137" dir="0" index="0" bw="30" slack="0"/>
<pin id="138" dir="0" index="1" bw="1" slack="0"/>
<pin id="139" dir="1" index="2" bw="30" slack="0"/>
</pin_list>
<bind>
<opcode="add(8) " fcode="add"/>
<opset="add_ln47/1 "/>
</bind>
</comp>

<comp id="142" class="1004" name="i_cast_fu_142">
<pin_list>
<pin id="143" dir="0" index="0" bw="30" slack="0"/>
<pin id="144" dir="1" index="1" bw="31" slack="0"/>
</pin_list>
<bind>
<opcode="zext(34) " fcode="zext"/>
<opset="i_cast/1 "/>
</bind>
</comp>

<comp id="146" class="1004" name="icmp_ln47_fu_146">
<pin_list>
<pin id="147" dir="0" index="0" bw="31" slack="0"/>
<pin id="148" dir="0" index="1" bw="31" slack="0"/>
<pin id="149" dir="1" index="2" bw="1" slack="1"/>
</pin_list>
<bind>
<opcode="icmp(45) " fcode="icmp"/>
<opset="icmp_ln47/1 "/>
</bind>
</comp>

<comp id="152" class="1004" name="store_ln47_store_fu_152">
<pin_list>
<pin id="153" dir="0" index="0" bw="30" slack="0"/>
<pin id="154" dir="0" index="1" bw="30" slack="0"/>
<pin id="155" dir="1" index="2" bw="0" slack="2147483647"/>
</pin_list>
<bind>
<opcode="store(28) " fcode="store"/>
<opset="store_ln47/1 "/>
</bind>
</comp>

<comp id="157" class="1004" name="gmem2_addr_fu_157">
<pin_list>
<pin id="158" dir="0" index="0" bw="64" slack="0"/>
<pin id="159" dir="0" index="1" bw="64" slack="1"/>
<pin id="160" dir="1" index="2" bw="64" slack="0"/>
</pin_list>
<bind>
<opcode="getelementptr(29) " fcode="getelementptr"/>
<opset="gmem2_addr/2 "/>
</bind>
</comp>

<comp id="163" class="1004" name="gmem1_addr_fu_163">
<pin_list>
<pin id="164" dir="0" index="0" bw="64" slack="0"/>
<pin id="165" dir="0" index="1" bw="64" slack="1"/>
<pin id="166" dir="1" index="2" bw="64" slack="0"/>
</pin_list>
<bind>
<opcode="getelementptr(29) " fcode="getelementptr"/>
<opset="gmem1_addr/2 "/>
</bind>
</comp>

<comp id="169" class="1005" name="i_reg_169">
<pin_list>
<pin id="170" dir="0" index="0" bw="30" slack="0"/>
<pin id="171" dir="1" index="1" bw="30" slack="0"/>
</pin_list>
<bind>
<opset="i "/>
</bind>
</comp>

<comp id="176" class="1005" name="sext_ln47_cast_reg_176">
<pin_list>
<pin id="177" dir="0" index="0" bw="64" slack="1"/>
<pin id="178" dir="1" index="1" bw="64" slack="1"/>
</pin_list>
<bind>
<opset="sext_ln47_cast "/>
</bind>
</comp>

<comp id="181" class="1005" name="sext_ln47_1_cast_reg_181">
<pin_list>
<pin id="182" dir="0" index="0" bw="64" slack="1"/>
<pin id="183" dir="1" index="1" bw="64" slack="1"/>
</pin_list>
<bind>
<opset="sext_ln47_1_cast "/>
</bind>
</comp>

<comp id="186" class="1005" name="icmp_ln47_reg_186">
<pin_list>
<pin id="187" dir="0" index="0" bw="1" slack="1"/>
<pin id="188" dir="1" index="1" bw="1" slack="2147483647"/>
</pin_list>
<bind>
<opset="icmp_ln47 "/>
</bind>
</comp>

</comp_list>

<net_list>
<net id="75"><net_src comp="14" pin="0"/><net_sink comp="72" pin=0"/></net>

<net id="80"><net_src comp="16" pin="0"/><net_sink comp="76" pin=0"/></net>

<net id="81"><net_src comp="8" pin="0"/><net_sink comp="76" pin=1"/></net>

<net id="86"><net_src comp="18" pin="0"/><net_sink comp="82" pin=0"/></net>

<net id="87"><net_src comp="6" pin="0"/><net_sink comp="82" pin=1"/></net>

<net id="92"><net_src comp="18" pin="0"/><net_sink comp="88" pin=0"/></net>

<net id="93"><net_src comp="4" pin="0"/><net_sink comp="88" pin=1"/></net>

<net id="98"><net_src comp="68" pin="0"/><net_sink comp="94" pin=0"/></net>

<net id="103"><net_src comp="68" pin="0"/><net_sink comp="99" pin=0"/></net>

<net id="109"><net_src comp="70" pin="0"/><net_sink comp="104" pin=0"/></net>

<net id="110"><net_src comp="10" pin="0"/><net_sink comp="104" pin=1"/></net>

<net id="111"><net_src comp="94" pin="2"/><net_sink comp="104" pin=2"/></net>

<net id="117"><net_src comp="70" pin="0"/><net_sink comp="112" pin=0"/></net>

<net id="118"><net_src comp="12" pin="0"/><net_sink comp="112" pin=1"/></net>

<net id="119"><net_src comp="99" pin="2"/><net_sink comp="112" pin=2"/></net>

<net id="123"><net_src comp="82" pin="2"/><net_sink comp="120" pin=0"/></net>

<net id="127"><net_src comp="88" pin="2"/><net_sink comp="124" pin=0"/></net>

<net id="132"><net_src comp="46" pin="0"/><net_sink comp="128" pin=0"/></net>

<net id="140"><net_src comp="133" pin="1"/><net_sink comp="136" pin=0"/></net>

<net id="141"><net_src comp="48" pin="0"/><net_sink comp="136" pin=1"/></net>

<net id="145"><net_src comp="133" pin="1"/><net_sink comp="142" pin=0"/></net>

<net id="150"><net_src comp="142" pin="1"/><net_sink comp="146" pin=0"/></net>

<net id="151"><net_src comp="76" pin="2"/><net_sink comp="146" pin=1"/></net>

<net id="156"><net_src comp="136" pin="2"/><net_sink comp="152" pin=0"/></net>

<net id="161"><net_src comp="0" pin="0"/><net_sink comp="157" pin=0"/></net>

<net id="162"><net_src comp="157" pin="2"/><net_sink comp="99" pin=1"/></net>

<net id="167"><net_src comp="2" pin="0"/><net_sink comp="163" pin=0"/></net>

<net id="168"><net_src comp="163" pin="2"/><net_sink comp="94" pin=1"/></net>

<net id="172"><net_src comp="72" pin="1"/><net_sink comp="169" pin=0"/></net>

<net id="173"><net_src comp="169" pin="1"/><net_sink comp="128" pin=1"/></net>

<net id="174"><net_src comp="169" pin="1"/><net_sink comp="133" pin=0"/></net>

<net id="175"><net_src comp="169" pin="1"/><net_sink comp="152" pin=1"/></net>

<net id="179"><net_src comp="120" pin="1"/><net_sink comp="176" pin=0"/></net>

<net id="180"><net_src comp="176" pin="1"/><net_sink comp="163" pin=1"/></net>

<net id="184"><net_src comp="124" pin="1"/><net_sink comp="181" pin=0"/></net>

<net id="185"><net_src comp="181" pin="1"/><net_sink comp="157" pin=1"/></net>

<net id="189"><net_src comp="146" pin="2"/><net_sink comp="186" pin=0"/></net>

</net_list>

</model> 
---------------- Datapath Model END ------------------

* FSMD analyzer results:
  - Output states:
	Port: gmem2 | {}
	Port: gmem1 | {}
	Port: outA | {2 }
	Port: outB | {2 }
 - Input state : 
	Port: mm2s_Pipeline_VITIS_LOOP_47_1 : gmem2 | {2 }
	Port: mm2s_Pipeline_VITIS_LOOP_47_1 : gmem1 | {2 }
	Port: mm2s_Pipeline_VITIS_LOOP_47_1 : sext_ln47_1 | {1 }
	Port: mm2s_Pipeline_VITIS_LOOP_47_1 : sext_ln47 | {1 }
	Port: mm2s_Pipeline_VITIS_LOOP_47_1 : div | {1 }
	Port: mm2s_Pipeline_VITIS_LOOP_47_1 : outA | {}
	Port: mm2s_Pipeline_VITIS_LOOP_47_1 : outB | {}
  - Chain level:
	State 1
		store_ln0 : 1
		i_load : 1
		add_ln47 : 2
		i_cast : 2
		icmp_ln47 : 3
		br_ln47 : 4
		store_ln47 : 3
	State 2
		gmem1_addr_read : 1
		gmem2_addr_read : 1
		write_ln50 : 1
		write_ln51 : 1


============================================================
+ Verbose Summary: Datapath Resource usage 
============================================================

* Functional unit list:
|----------|-----------------------------|---------|---------|
| Operation|       Functional Unit       |    FF   |   LUT   |
|----------|-----------------------------|---------|---------|
|   icmp   |       icmp_ln47_fu_146      |    0    |    31   |
|----------|-----------------------------|---------|---------|
|    add   |       add_ln47_fu_136       |    0    |    30   |
|----------|-----------------------------|---------|---------|
|          |     div_read_read_fu_76     |    0    |    0    |
|          |  sext_ln47_read_read_fu_82  |    0    |    0    |
|   read   | sext_ln47_1_read_read_fu_88 |    0    |    0    |
|          |  gmem1_addr_read_read_fu_94 |    0    |    0    |
|          |  gmem2_addr_read_read_fu_99 |    0    |    0    |
|----------|-----------------------------|---------|---------|
|   write  |   write_ln50_write_fu_104   |    0    |    0    |
|          |   write_ln51_write_fu_112   |    0    |    0    |
|----------|-----------------------------|---------|---------|
|   sext   |    sext_ln47_cast_fu_120    |    0    |    0    |
|          |   sext_ln47_1_cast_fu_124   |    0    |    0    |
|----------|-----------------------------|---------|---------|
|   zext   |        i_cast_fu_142        |    0    |    0    |
|----------|-----------------------------|---------|---------|
|   Total  |                             |    0    |    61   |
|----------|-----------------------------|---------|---------|

Memories:
N/A

* Register list:
+------------------------+--------+
|                        |   FF   |
+------------------------+--------+
|        i_reg_169       |   30   |
|    icmp_ln47_reg_186   |    1   |
|sext_ln47_1_cast_reg_181|   64   |
| sext_ln47_cast_reg_176 |   64   |
+------------------------+--------+
|          Total         |   159  |
+------------------------+--------+

* Multiplexer (MUX) list: 
|--------|------|------|------|--------|
|  Comp  |  Pin | Size |  BW  | S x BW |
|--------|------|------|------|--------|
|  Total |      |      |      |    0   |
|--------|------|------|------|--------|



* Summary:
+-----------+--------+--------+
|           |   FF   |   LUT  |
+-----------+--------+--------+
|  Function |    0   |   61   |
|   Memory  |    -   |    -   |
|Multiplexer|    -   |    -   |
|  Register |   159  |    -   |
+-----------+--------+--------+
|   Total   |   159  |   61   |
+-----------+--------+--------+
