/home/gsorrentino/projects/voted_hdl/voted/fpga/_x/mm2s_hw_emu/mm2s/mm2s/solution/.autopilot/db/mm2s.pp.0.cpp:1332:7: warning: Added loop label VITIS_LOOP_1213_1:   [xilinx-label-all-loops]
      for (i = 0; i < __N - 1; ++i) {
      ^~~
      VITIS_LOOP_1213_1: 
/home/gsorrentino/projects/voted_hdl/voted/fpga/_x/mm2s_hw_emu/mm2s/mm2s/solution/.autopilot/db/mm2s.pp.0.cpp:1332:7: note: FIX-IT applied suggested code changes
/home/gsorrentino/projects/voted_hdl/voted/fpga/_x/mm2s_hw_emu/mm2s/mm2s/solution/.autopilot/db/mm2s.pp.0.cpp:2306:5: warning: Added loop label VITIS_LOOP_676_1:   [xilinx-label-all-loops]
    for (unsigned i = low; i != high; ++i) {
    ^~~
    VITIS_LOOP_676_1: 
/home/gsorrentino/projects/voted_hdl/voted/fpga/_x/mm2s_hw_emu/mm2s/mm2s/solution/.autopilot/db/mm2s.pp.0.cpp:2306:5: note: FIX-IT applied suggested code changes
/home/gsorrentino/projects/voted_hdl/voted/fpga/_x/mm2s_hw_emu/mm2s/mm2s/solution/.autopilot/db/mm2s.pp.0.cpp:2320:5: warning: Added loop label VITIS_LOOP_690_1:   [xilinx-label-all-loops]
    for (unsigned i = low; i != high; ++i) {
    ^~~
    VITIS_LOOP_690_1: 
/home/gsorrentino/projects/voted_hdl/voted/fpga/_x/mm2s_hw_emu/mm2s/mm2s/solution/.autopilot/db/mm2s.pp.0.cpp:2320:5: note: FIX-IT applied suggested code changes
/home/gsorrentino/projects/voted_hdl/voted/fpga/_x/mm2s_hw_emu/mm2s/mm2s/solution/.autopilot/db/mm2s.pp.0.cpp:2334:5: warning: Added loop label VITIS_LOOP_704_1:   [xilinx-label-all-loops]
    for (unsigned i = low; i != high; ++i) {
    ^~~
    VITIS_LOOP_704_1: 
/home/gsorrentino/projects/voted_hdl/voted/fpga/_x/mm2s_hw_emu/mm2s/mm2s/solution/.autopilot/db/mm2s.pp.0.cpp:2334:5: note: FIX-IT applied suggested code changes
/home/gsorrentino/projects/voted_hdl/voted/fpga/_x/mm2s_hw_emu/mm2s/mm2s/solution/.autopilot/db/mm2s.pp.0.cpp:3945:7: warning: Added loop label VITIS_LOOP_1247_1:   [xilinx-label-all-loops]
      for (i = 0; i < __N - 1; ++i) {
      ^~~
      VITIS_LOOP_1247_1: 
/home/gsorrentino/projects/voted_hdl/voted/fpga/_x/mm2s_hw_emu/mm2s/mm2s/solution/.autopilot/db/mm2s.pp.0.cpp:3945:7: note: FIX-IT applied suggested code changes
/home/gsorrentino/projects/voted_hdl/voted/fpga/_x/mm2s_hw_emu/mm2s/mm2s/solution/.autopilot/db/mm2s.pp.0.cpp:6198:2: warning: Added loop label VITIS_LOOP_47_1:   [xilinx-label-all-loops]
 for (int i = 0; i < size / VEC_SIZE; i++) {
 ^~~
 VITIS_LOOP_47_1: 
/home/gsorrentino/projects/voted_hdl/voted/fpga/_x/mm2s_hw_emu/mm2s/mm2s/solution/.autopilot/db/mm2s.pp.0.cpp:6198:2: note: FIX-IT applied suggested code changes
