==============================================================
Vitis HLS - High-Level Synthesis from C, C++ and OpenCL v2023.1.2 (64-bit)
Tool Version Limit: 2023.08
Copyright 1986-2022 Xilinx, Inc. All Rights Reserved.
Copyright 2022-2023 Advanced Micro Devices, Inc. All Rights Reserved.

==============================================================
INFO: [HLS 200-1505] Using flow_target 'vitis'
INFO: [HLS 200-435] Setting 'open_solution -flow_target vitis' configuration: config_interface -m_axi_latency=64
INFO: [HLS 200-435] Setting 'open_solution -flow_target vitis' configuration: config_interface -m_axi_alignment_byte_size=64
INFO: [HLS 200-435] Setting 'open_solution -flow_target vitis' configuration: config_interface -m_axi_max_widen_bitwidth=512
INFO: [HLS 200-435] Setting 'open_solution -flow_target vitis' configuration: config_rtl -register_reset_num=3
INFO: [HLS 200-1510] Running: set_part xcvc1902-vsvd1760-2MP-e-S 
INFO: [HLS 200-1611] Setting target device to 'xcvc1902-vsvd1760-2MP-e-S'
INFO: [HLS 200-1510] Running: create_clock -period 299.996999MHz -name default 
INFO: [SYN 201-201] Setting up clock 'default' with a period of 3.333ns.
INFO: [HLS 200-1510] Running: config_rtl -kernel_profile 
INFO: [HLS 200-1510] Running: config_dataflow -strict_mode warning 
INFO: [HLS 200-1510] Running: config_debug -enable 
INFO: [HLS 200-1510] Running: config_rtl -deadlock_detection sim 
INFO: [HLS 200-1510] Running: config_interface -m_axi_conservative_mode=1 
INFO: [HLS 200-1510] Running: config_interface -m_axi_addr64 
INFO: [HLS 200-1510] Running: config_interface -m_axi_auto_max_ports=0 
INFO: [HLS 200-1510] Running: config_export -format xo -ipname s2mm 
INFO: [HLS 200-1510] Running: csynth_design 
INFO: [HLS 200-111] Finished File checks and directory preparation: CPU user time: 0.11 seconds. CPU system time: 0.02 seconds. Elapsed time: 0.13 seconds; current allocated memory: 1.121 GB.
INFO: [HLS 200-10] Analyzing design file '/home/gsorrentino/projects/voted_hdl/voted/fpga/s2mm.cpp' ... 
INFO: [HLS 200-111] Finished Source Code Analysis and Preprocessing: CPU user time: 30.68 seconds. CPU system time: 2.07 seconds. Elapsed time: 32.9 seconds; current allocated memory: 1.127 GB.
INFO: [HLS 200-777] Using interface defaults for 'Vitis' flow target.
INFO: [HLS 200-1995] There were 32 instructions in the design after the 'Compile/Link' phase of compilation. See the Design Size Report for more details: /home/gsorrentino/projects/voted_hdl/voted/fpga/_x/s2mm_hw_emu/s2mm/s2mm/solution/syn/report/csynth_design_size.rpt
INFO: [HLS 200-1995] There were 22 instructions in the design after the 'Unroll/Inline' phase of compilation. See the Design Size Report for more details: /home/gsorrentino/projects/voted_hdl/voted/fpga/_x/s2mm_hw_emu/s2mm/s2mm/solution/syn/report/csynth_design_size.rpt
INFO: [HLS 200-1995] There were 22 instructions in the design after the 'Performance/Pipeline' phase of compilation. See the Design Size Report for more details: /home/gsorrentino/projects/voted_hdl/voted/fpga/_x/s2mm_hw_emu/s2mm/s2mm/solution/syn/report/csynth_design_size.rpt
INFO: [HLS 200-1995] There were 31 instructions in the design after the 'Optimizations' phase of compilation. See the Design Size Report for more details: /home/gsorrentino/projects/voted_hdl/voted/fpga/_x/s2mm_hw_emu/s2mm/s2mm/solution/syn/report/csynth_design_size.rpt
INFO: [HLS 214-115] Multiple burst writes of variable length and bit width 32 in loop 'VITIS_LOOP_43_1'(/home/gsorrentino/projects/voted_hdl/voted/fpga/s2mm.cpp:43:19) has been inferred on bundle 'gmem1'. These burst requests might be further partitioned into multiple requests during RTL generation, based on max_read_burst_length or max_write_burst_length settings. (/home/gsorrentino/projects/voted_hdl/voted/fpga/s2mm.cpp:43:19)
INFO: [HLS 200-111] Finished Compiling Optimization and Transform: CPU user time: 3.69 seconds. CPU system time: 0.68 seconds. Elapsed time: 8.85 seconds; current allocated memory: 1.128 GB.
INFO: [HLS 200-111] Finished Checking Pragmas: CPU user time: 0 seconds. CPU system time: 0 seconds. Elapsed time: 0 seconds; current allocated memory: 1.128 GB.
INFO: [HLS 200-10] Starting code transformations ...
INFO: [HLS 200-111] Finished Standard Transforms: CPU user time: 0.01 seconds. CPU system time: 0.01 seconds. Elapsed time: 0.02 seconds; current allocated memory: 1.128 GB.
INFO: [HLS 200-10] Checking synthesizability ...
INFO: [HLS 200-111] Finished Checking Synthesizability: CPU user time: 0 seconds. CPU system time: 0 seconds. Elapsed time: 0.01 seconds; current allocated memory: 1.128 GB.
INFO: [XFORM 203-510] Pipelining loop 'VITIS_LOOP_43_1' (/home/gsorrentino/projects/voted_hdl/voted/fpga/s2mm.cpp:43) in function 's2mm' automatically.
INFO: [HLS 200-111] Finished Loop, function and other optimizations: CPU user time: 0.03 seconds. CPU system time: 0.02 seconds. Elapsed time: 0.06 seconds; current allocated memory: 1.149 GB.
INFO: [HLS 200-111] Finished Architecture Synthesis: CPU user time: 0.03 seconds. CPU system time: 0 seconds. Elapsed time: 0.03 seconds; current allocated memory: 1.149 GB.
INFO: [HLS 200-10] Starting hardware synthesis ...
INFO: [HLS 200-10] Synthesizing 's2mm' ...
INFO: [HLS 200-10] ----------------------------------------------------------------
INFO: [HLS 200-42] -- Implementing module 's2mm' 
INFO: [HLS 200-10] ----------------------------------------------------------------
INFO: [SCHED 204-11] Starting scheduling ...
INFO: [SCHED 204-61] Pipelining loop 'VITIS_LOOP_43_1'.
INFO: [HLS 200-1470] Pipelining result : Target II = NA, Final II = 1, Depth = 71, loop 'VITIS_LOOP_43_1'
INFO: [SCHED 204-11] Finished scheduling.
INFO: [HLS 200-111] Finished Scheduling: CPU user time: 0.73 seconds. CPU system time: 0.05 seconds. Elapsed time: 0.77 seconds; current allocated memory: 1.149 GB.
INFO: [BIND 205-100] Starting micro-architecture generation ...
INFO: [BIND 205-101] Performing variable lifetime analysis.
INFO: [BIND 205-101] Exploring resource sharing.
INFO: [BIND 205-101] Binding ...
INFO: [BIND 205-100] Finished micro-architecture generation.
INFO: [HLS 200-111] Finished Binding: CPU user time: 1.62 seconds. CPU system time: 0 seconds. Elapsed time: 1.62 seconds; current allocated memory: 1.149 GB.
INFO: [HLS 200-10] ----------------------------------------------------------------
INFO: [HLS 200-10] -- Generating RTL for module 's2mm' 
INFO: [HLS 200-10] ----------------------------------------------------------------
WARNING: [RTGEN 206-101] Design contains AXI ports. Reset is fixed to synchronous and active low.
INFO: [RTGEN 206-500] Setting interface mode on port 's2mm/gmem1' to 'm_axi'.
INFO: [RTGEN 206-500] Setting interface mode on port 's2mm/input_stream' to 'axis' (register, both mode).
INFO: [RTGEN 206-500] Setting interface mode on port 's2mm/output_r' to 's_axilite & ap_none'.
INFO: [RTGEN 206-500] Setting interface mode on port 's2mm/size' to 's_axilite & ap_none'.
INFO: [RTGEN 206-500] Setting interface mode on function 's2mm' to 's_axilite & ap_ctrl_chain'.
INFO: [RTGEN 206-100] Bundling port 'output_r', 'size' and 'return' to AXI-Lite port control.
INFO: [RTGEN 206-100] Finished creating RTL model for 's2mm'.
INFO: [HLS 200-111] Finished Creating RTL model: CPU user time: 0.28 seconds. CPU system time: 0.01 seconds. Elapsed time: 0.28 seconds; current allocated memory: 1.149 GB.
INFO: [HLS 200-111] Finished Generating all RTL models: CPU user time: 1.57 seconds. CPU system time: 0.02 seconds. Elapsed time: 1.59 seconds; current allocated memory: 1.149 GB.
INFO: [HLS 200-1603] Design has inferred MAXI bursts and missed bursts, see Vitis HLS GUI synthesis summary report for detailed information.
INFO: [HLS 200-111] Finished Updating report files: CPU user time: 0.98 seconds. CPU system time: 0.05 seconds. Elapsed time: 1.03 seconds; current allocated memory: 1.152 GB.
INFO: [VHDL 208-304] Generating VHDL RTL for s2mm.
INFO: [VLOG 209-307] Generating Verilog RTL for s2mm.
INFO: [HLS 200-790] **** Loop Constraint Status: All loop constraints were satisfied.
INFO: [HLS 200-789] **** Estimated Fmax: 411.00 MHz
INFO: [HLS 200-111] Finished Command csynth_design CPU user time: 39.75 seconds. CPU system time: 2.93 seconds. Elapsed time: 47.31 seconds; current allocated memory: 31.324 MB.
INFO: [HLS 200-1510] Running: export_design 
INFO: [IMPL 213-8] Exporting RTL as a Vivado IP.
INFO: [HLS 200-802] Generated output file s2mm/solution/impl/export.xo
INFO: [HLS 200-111] Finished Command export_design CPU user time: 23.06 seconds. CPU system time: 1.72 seconds. Elapsed time: 32.75 seconds; current allocated memory: 7.070 MB.
INFO: [HLS 200-1510] Running: close_project 
