INFO: [v++ 60-1306] Additional information associated with this v++ compile can be found at:
	Reports: /home/gsorrentino/projects/voted_hdl/voted/fpga/_x/reports/mm2s_hw_emu
	Log files: /home/gsorrentino/projects/voted_hdl/voted/fpga/_x/logs/mm2s_hw_emu
INFO: [v++ 60-1548] Creating build summary session with primary output /home/gsorrentino/projects/voted_hdl/voted/fpga/mm2s_hw_emu.xo.compile_summary, at Sun Feb  8 07:37:13 2026
INFO: [v++ 60-1315] Creating rulecheck session with output '/home/gsorrentino/projects/voted_hdl/voted/fpga/_x/reports/mm2s_hw_emu/v++_compile_mm2s_hw_emu_guidance.html', at Sun Feb  8 07:37:13 2026
INFO: [v++ 60-895]   Target platform: /opt/xilinx/platforms/xilinx_vck5000_gen4x8_qdma_2_202220_1/xilinx_vck5000_gen4x8_qdma_2_202220_1.xpfm
INFO: [v++ 60-1578]   This platform contains Xilinx Shell Archive '/opt/xilinx/platforms/xilinx_vck5000_gen4x8_qdma_2_202220_1/hw/xilinx_vck5000_gen4x8_qdma_2_202220_1.xsa'
INFO: [v++ 74-78] Compiler Version string: 2023.1
INFO: [v++ 60-585] Compiling for hardware emulation target
INFO: [v++ 60-423]   Target device: xilinx_vck5000_gen4x8_qdma_2_202220_1
INFO: [v++ 60-242] Creating kernel: 'mm2s'

===>The following messages were generated while  performing high-level synthesis for kernel: mm2s Log file: /home/gsorrentino/projects/voted_hdl/voted/fpga/_x/mm2s_hw_emu/mm2s/vitis_hls.log :
INFO: [v++ 204-61] Pipelining loop 'VITIS_LOOP_47_1'.
INFO: [v++ 200-1470] Pipelining result : Target II = NA, Final II = 1, Depth = 2, loop 'VITIS_LOOP_47_1'
INFO: [v++ 200-790] **** Loop Constraint Status: All loop constraints were satisfied.
INFO: [v++ 200-789] **** Estimated Fmax: 411.00 MHz
INFO: [v++ 60-594] Finished kernel compilation
INFO: [v++ 60-244] Generating system estimate report...
INFO: [v++ 60-1092] Generated system estimate report: /home/gsorrentino/projects/voted_hdl/voted/fpga/_x/reports/mm2s_hw_emu/system_estimate_mm2s_hw_emu.xtxt
INFO: [v++ 60-586] Created mm2s_hw_emu.xo
INFO: [v++ 60-2343] Use the vitis_analyzer tool to visualize and navigate the relevant reports. Run the following command. 
    vitis_analyzer /home/gsorrentino/projects/voted_hdl/voted/fpga/mm2s_hw_emu.xo.compile_summary 
INFO: [v++ 60-791] Total elapsed time: 0h 1m 43s
