

================================================================
== Vitis HLS Report for 'mm2s_Pipeline_VITIS_LOOP_47_1'
================================================================
* Date:           Sun Feb  8 07:38:08 2026

* Version:        2023.1.2 (Build 3928128 on Aug  8 2023)
* Project:        mm2s
* Solution:       solution (Vitis Kernel Flow Target)
* Product family: versalaicore
* Target device:  xcvc1902-vsvd1760-2MP-e-S


================================================================
== Performance Estimates
================================================================
+ Timing: 
    * Summary: 
    +--------+---------+----------+------------+
    |  Clock |  Target | Estimated| Uncertainty|
    +--------+---------+----------+------------+
    |ap_clk  |  3.33 ns|  2.433 ns|     0.90 ns|
    +--------+---------+----------+------------+

+ Latency: 
    * Summary: 
    +---------+-----------+----------+-----------+-----+-----------+---------+
    |   Latency (cycles)  |  Latency (absolute)  |     Interval    | Pipeline|
    |   min   |    max    |    min   |    max    | min |    max    |   Type  |
    +---------+-----------+----------+-----------+-----+-----------+---------+
    |        3|  536870914|  9.999 ns|  1.789 sec|    3|  536870914|       no|
    +---------+-----------+----------+-----------+-----+-----------+---------+

    + Detail: 
        * Instance: 
        N/A

        * Loop: 
        +-------------------+---------+-----------+----------+-----------+-----------+---------------+----------+
        |                   |   Latency (cycles)  | Iteration|  Initiation Interval  |      Trip     |          |
        |     Loop Name     |   min   |    max    |  Latency |  achieved |   target  |     Count     | Pipelined|
        +-------------------+---------+-----------+----------+-----------+-----------+---------------+----------+
        |- VITIS_LOOP_47_1  |        1|  536870912|         2|          1|          1|  0 ~ 536870911|       yes|
        +-------------------+---------+-----------+----------+-----------+-----------+---------------+----------+



================================================================
== Utilization Estimates
================================================================
* Summary: 
+-----------------+---------+------+---------+--------+-----+
|       Name      | BRAM_18K|  DSP |    FF   |   LUT  | URAM|
+-----------------+---------+------+---------+--------+-----+
|DSP              |        -|     -|        -|       -|    -|
|Expression       |        -|     -|        0|      81|    -|
|FIFO             |        -|     -|        -|       -|    -|
|Instance         |        -|     -|        -|       -|    -|
|Memory           |        -|     -|        -|       -|    -|
|Multiplexer      |        -|     -|        -|      72|    -|
|Register         |        -|     -|       35|       -|    -|
+-----------------+---------+------+---------+--------+-----+
|Total            |        0|     0|       35|     153|    0|
+-----------------+---------+------+---------+--------+-----+
|Available        |     1934|  1968|  1799680|  899840|  463|
+-----------------+---------+------+---------+--------+-----+
|Utilization (%)  |        0|     0|       ~0|      ~0|    0|
+-----------------+---------+------+---------+--------+-----+

+ Detail: 
    * Instance: 
    N/A

    * DSP: 
    N/A

    * Memory: 
    N/A

    * FIFO: 
    N/A

    * Expression: 
    +----------------------------------+----------+----+---+----+------------+------------+
    |           Variable Name          | Operation| DSP| FF| LUT| Bitwidth P0| Bitwidth P1|
    +----------------------------------+----------+----+---+----+------------+------------+
    |add_ln47_fu_136_p2                |         +|   0|  0|  30|          30|           1|
    |ap_block_pp0_stage0_01001         |       and|   0|  0|   2|           1|           1|
    |ap_block_pp0_stage0_11001         |       and|   0|  0|   2|           1|           1|
    |ap_ext_blocking_cur_n             |       and|   0|  0|   2|           1|           1|
    |ap_ext_blocking_n                 |       and|   0|  0|   2|           1|           2|
    |ap_int_blocking_n                 |       and|   0|  0|   2|           2|           2|
    |ap_str_blocking_cur_n             |       and|   0|  0|   2|           1|           1|
    |ap_str_blocking_n                 |       and|   0|  0|   2|           1|           2|
    |icmp_ln47_fu_146_p2               |      icmp|   0|  0|  31|          31|          31|
    |ap_block_state2_io                |        or|   0|  0|   2|           1|           1|
    |ap_block_state2_pp0_stage0_iter1  |        or|   0|  0|   2|           1|           1|
    |ap_enable_pp0                     |       xor|   0|  0|   2|           1|           2|
    +----------------------------------+----------+----+---+----+------------+------------+
    |Total                             |          |   0|  0|  81|          72|          46|
    +----------------------------------+----------+----+---+----+------------+------------+

    * Multiplexer: 
    +----------------------------------+----+-----------+-----+-----------+
    |               Name               | LUT| Input Size| Bits| Total Bits|
    +----------------------------------+----+-----------+-----+-----------+
    |ap_done_int                       |   2|          2|    1|          2|
    |ap_loop_exit_ready_pp0_iter1_reg  |   2|          2|    1|          2|
    |ap_sig_allocacmp_i_load           |  30|          2|   30|         60|
    |gmem1_blk_n_R                     |   2|          2|    1|          2|
    |gmem2_blk_n_R                     |   2|          2|    1|          2|
    |i_fu_72                           |  30|          2|   30|         60|
    |outA_TDATA_blk_n                  |   2|          2|    1|          2|
    |outB_TDATA_blk_n                  |   2|          2|    1|          2|
    +----------------------------------+----+-----------+-----+-----------+
    |Total                             |  72|         16|   66|        132|
    +----------------------------------+----+-----------+-----+-----------+

    * Register: 
    +----------------------------------+----+----+-----+-----------+
    |               Name               | FF | LUT| Bits| Const Bits|
    +----------------------------------+----+----+-----+-----------+
    |ap_CS_fsm                         |   1|   0|    1|          0|
    |ap_done_reg                       |   1|   0|    1|          0|
    |ap_enable_reg_pp0_iter1           |   1|   0|    1|          0|
    |ap_loop_exit_ready_pp0_iter1_reg  |   1|   0|    1|          0|
    |i_fu_72                           |  30|   0|   30|          0|
    |icmp_ln47_reg_186                 |   1|   0|    1|          0|
    +----------------------------------+----+----+-----+-----------+
    |Total                             |  35|   0|   35|          0|
    +----------------------------------+----+----+-----+-----------+



================================================================
== Interface
================================================================
* Summary: 
+----------------------+-----+-----+------------+-------------------------------+--------------+
|       RTL Ports      | Dir | Bits|  Protocol  |         Source Object         |    C Type    |
+----------------------+-----+-----+------------+-------------------------------+--------------+
|ap_clk                |   in|    1|  ap_ctrl_hs|  mm2s_Pipeline_VITIS_LOOP_47_1|  return value|
|ap_rst                |   in|    1|  ap_ctrl_hs|  mm2s_Pipeline_VITIS_LOOP_47_1|  return value|
|ap_start              |   in|    1|  ap_ctrl_hs|  mm2s_Pipeline_VITIS_LOOP_47_1|  return value|
|ap_done               |  out|    1|  ap_ctrl_hs|  mm2s_Pipeline_VITIS_LOOP_47_1|  return value|
|ap_idle               |  out|    1|  ap_ctrl_hs|  mm2s_Pipeline_VITIS_LOOP_47_1|  return value|
|ap_ready              |  out|    1|  ap_ctrl_hs|  mm2s_Pipeline_VITIS_LOOP_47_1|  return value|
|ap_ext_blocking_n     |  out|    1|  ap_ctrl_hs|  mm2s_Pipeline_VITIS_LOOP_47_1|  return value|
|ap_str_blocking_n     |  out|    1|  ap_ctrl_hs|  mm2s_Pipeline_VITIS_LOOP_47_1|  return value|
|ap_int_blocking_n     |  out|    1|  ap_ctrl_hs|  mm2s_Pipeline_VITIS_LOOP_47_1|  return value|
|m_axi_gmem1_AWVALID   |  out|    1|       m_axi|                          gmem1|       pointer|
|m_axi_gmem1_AWREADY   |   in|    1|       m_axi|                          gmem1|       pointer|
|m_axi_gmem1_AWADDR    |  out|   64|       m_axi|                          gmem1|       pointer|
|m_axi_gmem1_AWID      |  out|    1|       m_axi|                          gmem1|       pointer|
|m_axi_gmem1_AWLEN     |  out|   32|       m_axi|                          gmem1|       pointer|
|m_axi_gmem1_AWSIZE    |  out|    3|       m_axi|                          gmem1|       pointer|
|m_axi_gmem1_AWBURST   |  out|    2|       m_axi|                          gmem1|       pointer|
|m_axi_gmem1_AWLOCK    |  out|    2|       m_axi|                          gmem1|       pointer|
|m_axi_gmem1_AWCACHE   |  out|    4|       m_axi|                          gmem1|       pointer|
|m_axi_gmem1_AWPROT    |  out|    3|       m_axi|                          gmem1|       pointer|
|m_axi_gmem1_AWQOS     |  out|    4|       m_axi|                          gmem1|       pointer|
|m_axi_gmem1_AWREGION  |  out|    4|       m_axi|                          gmem1|       pointer|
|m_axi_gmem1_AWUSER    |  out|    1|       m_axi|                          gmem1|       pointer|
|m_axi_gmem1_WVALID    |  out|    1|       m_axi|                          gmem1|       pointer|
|m_axi_gmem1_WREADY    |   in|    1|       m_axi|                          gmem1|       pointer|
|m_axi_gmem1_WDATA     |  out|  128|       m_axi|                          gmem1|       pointer|
|m_axi_gmem1_WSTRB     |  out|   16|       m_axi|                          gmem1|       pointer|
|m_axi_gmem1_WLAST     |  out|    1|       m_axi|                          gmem1|       pointer|
|m_axi_gmem1_WID       |  out|    1|       m_axi|                          gmem1|       pointer|
|m_axi_gmem1_WUSER     |  out|    1|       m_axi|                          gmem1|       pointer|
|m_axi_gmem1_ARVALID   |  out|    1|       m_axi|                          gmem1|       pointer|
|m_axi_gmem1_ARREADY   |   in|    1|       m_axi|                          gmem1|       pointer|
|m_axi_gmem1_ARADDR    |  out|   64|       m_axi|                          gmem1|       pointer|
|m_axi_gmem1_ARID      |  out|    1|       m_axi|                          gmem1|       pointer|
|m_axi_gmem1_ARLEN     |  out|   32|       m_axi|                          gmem1|       pointer|
|m_axi_gmem1_ARSIZE    |  out|    3|       m_axi|                          gmem1|       pointer|
|m_axi_gmem1_ARBURST   |  out|    2|       m_axi|                          gmem1|       pointer|
|m_axi_gmem1_ARLOCK    |  out|    2|       m_axi|                          gmem1|       pointer|
|m_axi_gmem1_ARCACHE   |  out|    4|       m_axi|                          gmem1|       pointer|
|m_axi_gmem1_ARPROT    |  out|    3|       m_axi|                          gmem1|       pointer|
|m_axi_gmem1_ARQOS     |  out|    4|       m_axi|                          gmem1|       pointer|
|m_axi_gmem1_ARREGION  |  out|    4|       m_axi|                          gmem1|       pointer|
|m_axi_gmem1_ARUSER    |  out|    1|       m_axi|                          gmem1|       pointer|
|m_axi_gmem1_RVALID    |   in|    1|       m_axi|                          gmem1|       pointer|
|m_axi_gmem1_RREADY    |  out|    1|       m_axi|                          gmem1|       pointer|
|m_axi_gmem1_RDATA     |   in|  128|       m_axi|                          gmem1|       pointer|
|m_axi_gmem1_RLAST     |   in|    1|       m_axi|                          gmem1|       pointer|
|m_axi_gmem1_RID       |   in|    1|       m_axi|                          gmem1|       pointer|
|m_axi_gmem1_RFIFONUM  |   in|    9|       m_axi|                          gmem1|       pointer|
|m_axi_gmem1_RUSER     |   in|    1|       m_axi|                          gmem1|       pointer|
|m_axi_gmem1_RRESP     |   in|    2|       m_axi|                          gmem1|       pointer|
|m_axi_gmem1_BVALID    |   in|    1|       m_axi|                          gmem1|       pointer|
|m_axi_gmem1_BREADY    |  out|    1|       m_axi|                          gmem1|       pointer|
|m_axi_gmem1_BRESP     |   in|    2|       m_axi|                          gmem1|       pointer|
|m_axi_gmem1_BID       |   in|    1|       m_axi|                          gmem1|       pointer|
|m_axi_gmem1_BUSER     |   in|    1|       m_axi|                          gmem1|       pointer|
|m_axi_gmem2_AWVALID   |  out|    1|       m_axi|                          gmem2|       pointer|
|m_axi_gmem2_AWREADY   |   in|    1|       m_axi|                          gmem2|       pointer|
|m_axi_gmem2_AWADDR    |  out|   64|       m_axi|                          gmem2|       pointer|
|m_axi_gmem2_AWID      |  out|    1|       m_axi|                          gmem2|       pointer|
|m_axi_gmem2_AWLEN     |  out|   32|       m_axi|                          gmem2|       pointer|
|m_axi_gmem2_AWSIZE    |  out|    3|       m_axi|                          gmem2|       pointer|
|m_axi_gmem2_AWBURST   |  out|    2|       m_axi|                          gmem2|       pointer|
|m_axi_gmem2_AWLOCK    |  out|    2|       m_axi|                          gmem2|       pointer|
|m_axi_gmem2_AWCACHE   |  out|    4|       m_axi|                          gmem2|       pointer|
|m_axi_gmem2_AWPROT    |  out|    3|       m_axi|                          gmem2|       pointer|
|m_axi_gmem2_AWQOS     |  out|    4|       m_axi|                          gmem2|       pointer|
|m_axi_gmem2_AWREGION  |  out|    4|       m_axi|                          gmem2|       pointer|
|m_axi_gmem2_AWUSER    |  out|    1|       m_axi|                          gmem2|       pointer|
|m_axi_gmem2_WVALID    |  out|    1|       m_axi|                          gmem2|       pointer|
|m_axi_gmem2_WREADY    |   in|    1|       m_axi|                          gmem2|       pointer|
|m_axi_gmem2_WDATA     |  out|  128|       m_axi|                          gmem2|       pointer|
|m_axi_gmem2_WSTRB     |  out|   16|       m_axi|                          gmem2|       pointer|
|m_axi_gmem2_WLAST     |  out|    1|       m_axi|                          gmem2|       pointer|
|m_axi_gmem2_WID       |  out|    1|       m_axi|                          gmem2|       pointer|
|m_axi_gmem2_WUSER     |  out|    1|       m_axi|                          gmem2|       pointer|
|m_axi_gmem2_ARVALID   |  out|    1|       m_axi|                          gmem2|       pointer|
|m_axi_gmem2_ARREADY   |   in|    1|       m_axi|                          gmem2|       pointer|
|m_axi_gmem2_ARADDR    |  out|   64|       m_axi|                          gmem2|       pointer|
|m_axi_gmem2_ARID      |  out|    1|       m_axi|                          gmem2|       pointer|
|m_axi_gmem2_ARLEN     |  out|   32|       m_axi|                          gmem2|       pointer|
|m_axi_gmem2_ARSIZE    |  out|    3|       m_axi|                          gmem2|       pointer|
|m_axi_gmem2_ARBURST   |  out|    2|       m_axi|                          gmem2|       pointer|
|m_axi_gmem2_ARLOCK    |  out|    2|       m_axi|                          gmem2|       pointer|
|m_axi_gmem2_ARCACHE   |  out|    4|       m_axi|                          gmem2|       pointer|
|m_axi_gmem2_ARPROT    |  out|    3|       m_axi|                          gmem2|       pointer|
|m_axi_gmem2_ARQOS     |  out|    4|       m_axi|                          gmem2|       pointer|
|m_axi_gmem2_ARREGION  |  out|    4|       m_axi|                          gmem2|       pointer|
|m_axi_gmem2_ARUSER    |  out|    1|       m_axi|                          gmem2|       pointer|
|m_axi_gmem2_RVALID    |   in|    1|       m_axi|                          gmem2|       pointer|
|m_axi_gmem2_RREADY    |  out|    1|       m_axi|                          gmem2|       pointer|
|m_axi_gmem2_RDATA     |   in|  128|       m_axi|                          gmem2|       pointer|
|m_axi_gmem2_RLAST     |   in|    1|       m_axi|                          gmem2|       pointer|
|m_axi_gmem2_RID       |   in|    1|       m_axi|                          gmem2|       pointer|
|m_axi_gmem2_RFIFONUM  |   in|    9|       m_axi|                          gmem2|       pointer|
|m_axi_gmem2_RUSER     |   in|    1|       m_axi|                          gmem2|       pointer|
|m_axi_gmem2_RRESP     |   in|    2|       m_axi|                          gmem2|       pointer|
|m_axi_gmem2_BVALID    |   in|    1|       m_axi|                          gmem2|       pointer|
|m_axi_gmem2_BREADY    |  out|    1|       m_axi|                          gmem2|       pointer|
|m_axi_gmem2_BRESP     |   in|    2|       m_axi|                          gmem2|       pointer|
|m_axi_gmem2_BID       |   in|    1|       m_axi|                          gmem2|       pointer|
|m_axi_gmem2_BUSER     |   in|    1|       m_axi|                          gmem2|       pointer|
|outA_TREADY           |   in|    1|        axis|                           outA|       pointer|
|outA_TDATA            |  out|  128|        axis|                           outA|       pointer|
|outA_TVALID           |  out|    1|        axis|                           outA|       pointer|
|outB_TREADY           |   in|    1|        axis|                           outB|       pointer|
|outB_TDATA            |  out|  128|        axis|                           outB|       pointer|
|outB_TVALID           |  out|    1|        axis|                           outB|       pointer|
|sext_ln47_1           |   in|   60|     ap_none|                    sext_ln47_1|        scalar|
|sext_ln47             |   in|   60|     ap_none|                      sext_ln47|        scalar|
|div                   |   in|   31|     ap_none|                            div|        scalar|
+----------------------+-----+-----+------------+-------------------------------+--------------+

