==============================================================
Vitis HLS - High-Level Synthesis from C, C++ and OpenCL v2023.1.2 (64-bit)
Tool Version Limit: 2023.08
Copyright 1986-2022 Xilinx, Inc. All Rights Reserved.
Copyright 2022-2023 Advanced Micro Devices, Inc. All Rights Reserved.

==============================================================
INFO: [HLS 200-1505] Using flow_target 'vitis'
INFO: [HLS 200-435] Setting 'open_solution -flow_target vitis' configuration: config_interface -m_axi_latency=64
INFO: [HLS 200-435] Setting 'open_solution -flow_target vitis' configuration: config_interface -m_axi_alignment_byte_size=64
INFO: [HLS 200-435] Setting 'open_solution -flow_target vitis' configuration: config_interface -m_axi_max_widen_bitwidth=512
INFO: [HLS 200-435] Setting 'open_solution -flow_target vitis' configuration: config_rtl -register_reset_num=3
INFO: [HLS 200-1510] Running: set_part xcvc1902-vsvd1760-2MP-e-S 
INFO: [HLS 200-1611] Setting target device to 'xcvc1902-vsvd1760-2MP-e-S'
INFO: [HLS 200-1510] Running: create_clock -period 299.996999MHz -name default 
INFO: [SYN 201-201] Setting up clock 'default' with a period of 3.333ns.
INFO: [HLS 200-1510] Running: config_rtl -kernel_profile 
INFO: [HLS 200-1510] Running: config_dataflow -strict_mode warning 
INFO: [HLS 200-1510] Running: config_debug -enable 
INFO: [HLS 200-1510] Running: config_rtl -deadlock_detection sim 
INFO: [HLS 200-1510] Running: config_interface -m_axi_conservative_mode=1 
INFO: [HLS 200-1510] Running: config_interface -m_axi_addr64 
INFO: [HLS 200-1510] Running: config_interface -m_axi_auto_max_ports=0 
INFO: [HLS 200-1510] Running: config_export -format xo -ipname mm2s 
INFO: [HLS 200-1510] Running: csynth_design 
INFO: [HLS 200-111] Finished File checks and directory preparation: CPU user time: 0.19 seconds. CPU system time: 0.02 seconds. Elapsed time: 0.27 seconds; current allocated memory: 1.118 GB.
INFO: [HLS 200-10] Analyzing design file '/home/gsorrentino/projects/voted_hdl/voted/fpga/mm2s.cpp' ... 
INFO: [HLS 200-111] Finished Source Code Analysis and Preprocessing: CPU user time: 5.36 seconds. CPU system time: 0.97 seconds. Elapsed time: 10.96 seconds; current allocated memory: 1.120 GB.
INFO: [HLS 200-777] Using interface defaults for 'Vitis' flow target.
INFO: [HLS 200-1995] There were 49 instructions in the design after the 'Compile/Link' phase of compilation. See the Design Size Report for more details: /home/gsorrentino/projects/voted_hdl/voted/fpga/_x/mm2s_hw_emu/mm2s/mm2s/solution/syn/report/csynth_design_size.rpt
INFO: [HLS 200-1995] There were 30 instructions in the design after the 'Unroll/Inline' phase of compilation. See the Design Size Report for more details: /home/gsorrentino/projects/voted_hdl/voted/fpga/_x/mm2s_hw_emu/mm2s/mm2s/solution/syn/report/csynth_design_size.rpt
INFO: [HLS 200-1995] There were 31 instructions in the design after the 'Performance/Pipeline' phase of compilation. See the Design Size Report for more details: /home/gsorrentino/projects/voted_hdl/voted/fpga/_x/mm2s_hw_emu/mm2s/mm2s/solution/syn/report/csynth_design_size.rpt
INFO: [HLS 200-1995] There were 45 instructions in the design after the 'Optimizations' phase of compilation. See the Design Size Report for more details: /home/gsorrentino/projects/voted_hdl/voted/fpga/_x/mm2s_hw_emu/mm2s/mm2s/solution/syn/report/csynth_design_size.rpt
INFO: [HLS 214-115] Multiple burst reads of variable length and bit width 128 in loop 'VITIS_LOOP_47_1'(/home/gsorrentino/projects/voted_hdl/voted/fpga/mm2s.cpp:47:19) has been inferred on bundle 'gmem1'. These burst requests might be further partitioned into multiple requests during RTL generation, based on max_read_burst_length or max_write_burst_length settings. (/home/gsorrentino/projects/voted_hdl/voted/fpga/mm2s.cpp:47:19)
INFO: [HLS 214-115] Multiple burst reads of variable length and bit width 128 in loop 'VITIS_LOOP_47_1'(/home/gsorrentino/projects/voted_hdl/voted/fpga/mm2s.cpp:47:19) has been inferred on bundle 'gmem2'. These burst requests might be further partitioned into multiple requests during RTL generation, based on max_read_burst_length or max_write_burst_length settings. (/home/gsorrentino/projects/voted_hdl/voted/fpga/mm2s.cpp:47:19)
INFO: [HLS 200-111] Finished Compiling Optimization and Transform: CPU user time: 3.99 seconds. CPU system time: 0.76 seconds. Elapsed time: 11.72 seconds; current allocated memory: 1.122 GB.
INFO: [HLS 200-111] Finished Checking Pragmas: CPU user time: 0 seconds. CPU system time: 0 seconds. Elapsed time: 0 seconds; current allocated memory: 1.122 GB.
INFO: [HLS 200-10] Starting code transformations ...
INFO: [HLS 200-111] Finished Standard Transforms: CPU user time: 0.01 seconds. CPU system time: 0.03 seconds. Elapsed time: 0.72 seconds; current allocated memory: 1.122 GB.
INFO: [HLS 200-10] Checking synthesizability ...
INFO: [HLS 200-111] Finished Checking Synthesizability: CPU user time: 0.01 seconds. CPU system time: 0 seconds. Elapsed time: 0.02 seconds; current allocated memory: 1.122 GB.
INFO: [XFORM 203-510] Pipelining loop 'VITIS_LOOP_47_1' (/home/gsorrentino/projects/voted_hdl/voted/fpga/mm2s.cpp:47) in function 'mm2s' automatically.
INFO: [HLS 200-111] Finished Loop, function and other optimizations: CPU user time: 0.06 seconds. CPU system time: 0.01 seconds. Elapsed time: 0.1 seconds; current allocated memory: 1.143 GB.
INFO: [HLS 200-111] Finished Architecture Synthesis: CPU user time: 0.04 seconds. CPU system time: 0.01 seconds. Elapsed time: 0.17 seconds; current allocated memory: 1.143 GB.
INFO: [HLS 200-10] Starting hardware synthesis ...
INFO: [HLS 200-10] Synthesizing 'mm2s' ...
INFO: [HLS 200-10] ----------------------------------------------------------------
INFO: [HLS 200-42] -- Implementing module 'mm2s_Pipeline_VITIS_LOOP_47_1' 
INFO: [HLS 200-10] ----------------------------------------------------------------
INFO: [SCHED 204-11] Starting scheduling ...
INFO: [SCHED 204-61] Pipelining loop 'VITIS_LOOP_47_1'.
INFO: [HLS 200-1470] Pipelining result : Target II = NA, Final II = 1, Depth = 2, loop 'VITIS_LOOP_47_1'
INFO: [SCHED 204-11] Finished scheduling.
INFO: [HLS 200-111] Finished Scheduling: CPU user time: 0.15 seconds. CPU system time: 0.05 seconds. Elapsed time: 0.62 seconds; current allocated memory: 1.144 GB.
INFO: [BIND 205-100] Starting micro-architecture generation ...
INFO: [BIND 205-101] Performing variable lifetime analysis.
INFO: [BIND 205-101] Exploring resource sharing.
INFO: [BIND 205-101] Binding ...
INFO: [BIND 205-100] Finished micro-architecture generation.
INFO: [HLS 200-111] Finished Binding: CPU user time: 0.08 seconds. CPU system time: 0 seconds. Elapsed time: 0.1 seconds; current allocated memory: 1.144 GB.
INFO: [HLS 200-10] ----------------------------------------------------------------
INFO: [HLS 200-42] -- Implementing module 'mm2s' 
INFO: [HLS 200-10] ----------------------------------------------------------------
INFO: [SCHED 204-11] Starting scheduling ...
INFO: [SCHED 204-11] Finished scheduling.
INFO: [HLS 200-111] Finished Scheduling: CPU user time: 0.77 seconds. CPU system time: 0 seconds. Elapsed time: 0.78 seconds; current allocated memory: 1.145 GB.
INFO: [BIND 205-100] Starting micro-architecture generation ...
INFO: [BIND 205-101] Performing variable lifetime analysis.
INFO: [BIND 205-101] Exploring resource sharing.
INFO: [BIND 205-101] Binding ...
INFO: [BIND 205-100] Finished micro-architecture generation.
INFO: [HLS 200-111] Finished Binding: CPU user time: 1.8 seconds. CPU system time: 0.01 seconds. Elapsed time: 1.81 seconds; current allocated memory: 1.145 GB.
INFO: [HLS 200-10] ----------------------------------------------------------------
INFO: [HLS 200-10] -- Generating RTL for module 'mm2s_Pipeline_VITIS_LOOP_47_1' 
INFO: [HLS 200-10] ----------------------------------------------------------------
INFO: [HLS 200-1030] Apply Unified Pipeline Control on module 'mm2s_Pipeline_VITIS_LOOP_47_1' pipeline 'VITIS_LOOP_47_1' pipeline type 'loop pipeline'
WARNING: [RTGEN 206-101] Setting dangling out port 'mm2s_Pipeline_VITIS_LOOP_47_1/m_axi_gmem1_ARVALID' to 0.
WARNING: [RTGEN 206-101] Setting dangling out port 'mm2s_Pipeline_VITIS_LOOP_47_1/m_axi_gmem1_ARADDR' to 0.
WARNING: [RTGEN 206-101] Setting dangling out port 'mm2s_Pipeline_VITIS_LOOP_47_1/m_axi_gmem1_ARID' to 0.
WARNING: [RTGEN 206-101] Setting dangling out port 'mm2s_Pipeline_VITIS_LOOP_47_1/m_axi_gmem1_ARLEN' to 0.
WARNING: [RTGEN 206-101] Setting dangling out port 'mm2s_Pipeline_VITIS_LOOP_47_1/m_axi_gmem1_ARSIZE' to 0.
WARNING: [RTGEN 206-101] Setting dangling out port 'mm2s_Pipeline_VITIS_LOOP_47_1/m_axi_gmem1_ARBURST' to 0.
WARNING: [RTGEN 206-101] Setting dangling out port 'mm2s_Pipeline_VITIS_LOOP_47_1/m_axi_gmem1_ARLOCK' to 0.
WARNING: [RTGEN 206-101] Setting dangling out port 'mm2s_Pipeline_VITIS_LOOP_47_1/m_axi_gmem1_ARCACHE' to 0.
WARNING: [RTGEN 206-101] Setting dangling out port 'mm2s_Pipeline_VITIS_LOOP_47_1/m_axi_gmem1_ARPROT' to 0.
WARNING: [RTGEN 206-101] Setting dangling out port 'mm2s_Pipeline_VITIS_LOOP_47_1/m_axi_gmem1_ARQOS' to 0.
WARNING: [RTGEN 206-101] Setting dangling out port 'mm2s_Pipeline_VITIS_LOOP_47_1/m_axi_gmem1_ARREGION' to 0.
WARNING: [RTGEN 206-101] Setting dangling out port 'mm2s_Pipeline_VITIS_LOOP_47_1/m_axi_gmem1_ARUSER' to 0.
WARNING: [RTGEN 206-101] Setting dangling out port 'mm2s_Pipeline_VITIS_LOOP_47_1/m_axi_gmem2_ARVALID' to 0.
WARNING: [RTGEN 206-101] Setting dangling out port 'mm2s_Pipeline_VITIS_LOOP_47_1/m_axi_gmem2_ARADDR' to 0.
WARNING: [RTGEN 206-101] Setting dangling out port 'mm2s_Pipeline_VITIS_LOOP_47_1/m_axi_gmem2_ARID' to 0.
WARNING: [RTGEN 206-101] Setting dangling out port 'mm2s_Pipeline_VITIS_LOOP_47_1/m_axi_gmem2_ARLEN' to 0.
WARNING: [RTGEN 206-101] Setting dangling out port 'mm2s_Pipeline_VITIS_LOOP_47_1/m_axi_gmem2_ARSIZE' to 0.
WARNING: [RTGEN 206-101] Setting dangling out port 'mm2s_Pipeline_VITIS_LOOP_47_1/m_axi_gmem2_ARBURST' to 0.
WARNING: [RTGEN 206-101] Setting dangling out port 'mm2s_Pipeline_VITIS_LOOP_47_1/m_axi_gmem2_ARLOCK' to 0.
WARNING: [RTGEN 206-101] Setting dangling out port 'mm2s_Pipeline_VITIS_LOOP_47_1/m_axi_gmem2_ARCACHE' to 0.
WARNING: [RTGEN 206-101] Setting dangling out port 'mm2s_Pipeline_VITIS_LOOP_47_1/m_axi_gmem2_ARPROT' to 0.
WARNING: [RTGEN 206-101] Setting dangling out port 'mm2s_Pipeline_VITIS_LOOP_47_1/m_axi_gmem2_ARQOS' to 0.
WARNING: [RTGEN 206-101] Setting dangling out port 'mm2s_Pipeline_VITIS_LOOP_47_1/m_axi_gmem2_ARREGION' to 0.
WARNING: [RTGEN 206-101] Setting dangling out port 'mm2s_Pipeline_VITIS_LOOP_47_1/m_axi_gmem2_ARUSER' to 0.
INFO: [RTGEN 206-100] Finished creating RTL model for 'mm2s_Pipeline_VITIS_LOOP_47_1'.
INFO: [HLS 200-111] Finished Creating RTL model: CPU user time: 0.29 seconds. CPU system time: 0 seconds. Elapsed time: 0.33 seconds; current allocated memory: 1.145 GB.
INFO: [HLS 200-10] ----------------------------------------------------------------
INFO: [HLS 200-10] -- Generating RTL for module 'mm2s' 
INFO: [HLS 200-10] ----------------------------------------------------------------
WARNING: [RTGEN 206-101] Design contains AXI ports. Reset is fixed to synchronous and active low.
INFO: [RTGEN 206-500] Setting interface mode on port 'mm2s/gmem1' to 'm_axi'.
INFO: [RTGEN 206-500] Setting interface mode on port 'mm2s/gmem2' to 'm_axi'.
INFO: [RTGEN 206-500] Setting interface mode on port 'mm2s/size' to 's_axilite & ap_none'.
INFO: [RTGEN 206-500] Setting interface mode on port 'mm2s/inputA' to 's_axilite & ap_none'.
INFO: [RTGEN 206-500] Setting interface mode on port 'mm2s/inputB' to 's_axilite & ap_none'.
INFO: [RTGEN 206-500] Setting interface mode on port 'mm2s/outA' to 'axis' (register, both mode).
INFO: [RTGEN 206-500] Setting interface mode on port 'mm2s/outB' to 'axis' (register, both mode).
INFO: [RTGEN 206-500] Setting interface mode on function 'mm2s' to 's_axilite & ap_ctrl_chain'.
INFO: [RTGEN 206-100] Bundling port 'size', 'inputA', 'inputB' and 'return' to AXI-Lite port control.
INFO: [RTGEN 206-100] Finished creating RTL model for 'mm2s'.
INFO: [HLS 200-111] Finished Creating RTL model: CPU user time: 0.43 seconds. CPU system time: 0.02 seconds. Elapsed time: 0.52 seconds; current allocated memory: 1.148 GB.
INFO: [HLS 200-111] Finished Generating all RTL models: CPU user time: 1.44 seconds. CPU system time: 0.01 seconds. Elapsed time: 1.5 seconds; current allocated memory: 1.152 GB.
INFO: [HLS 200-1603] Design has inferred MAXI bursts and missed bursts, see Vitis HLS GUI synthesis summary report for detailed information.
INFO: [HLS 200-111] Finished Updating report files: CPU user time: 1.11 seconds. CPU system time: 0.02 seconds. Elapsed time: 1.15 seconds; current allocated memory: 1.159 GB.
INFO: [VHDL 208-304] Generating VHDL RTL for mm2s.
INFO: [VLOG 209-307] Generating Verilog RTL for mm2s.
INFO: [HLS 200-790] **** Loop Constraint Status: All loop constraints were satisfied.
INFO: [HLS 200-789] **** Estimated Fmax: 411.00 MHz
INFO: [HLS 200-111] Finished Command csynth_design CPU user time: 15.73 seconds. CPU system time: 1.91 seconds. Elapsed time: 30.72 seconds; current allocated memory: 41.840 MB.
INFO: [HLS 200-1510] Running: export_design 
INFO: [IMPL 213-8] Exporting RTL as a Vivado IP.
INFO: [HLS 200-802] Generated output file mm2s/solution/impl/export.xo
INFO: [HLS 200-111] Finished Command export_design CPU user time: 23.95 seconds. CPU system time: 1.56 seconds. Elapsed time: 34.32 seconds; current allocated memory: 7.383 MB.
INFO: [HLS 200-1510] Running: close_project 
