

================================================================
== Vitis HLS Report for 's2mm'
================================================================
* Date:           Sun Feb  8 07:40:02 2026

* Version:        2023.1.2 (Build 3928128 on Aug  8 2023)
* Project:        s2mm
* Solution:       solution (Vitis Kernel Flow Target)
* Product family: versalaicore
* Target device:  xcvc1902-vsvd1760-2MP-e-S


================================================================
== Performance Estimates
================================================================
+ Timing: 
    * Summary: 
    +--------+---------+----------+------------+
    |  Clock |  Target | Estimated| Uncertainty|
    +--------+---------+----------+------------+
    |ap_clk  |  3.33 ns|  2.433 ns|     0.90 ns|
    +--------+---------+----------+------------+

+ Latency: 
    * Summary: 
    +---------+---------+----------+----------+-----+-----+---------+
    |  Latency (cycles) |  Latency (absolute) |  Interval | Pipeline|
    |   min   |   max   |    min   |    max   | min | max |   Type  |
    +---------+---------+----------+----------+-----+-----+---------+
    |        ?|        ?|         ?|         ?|    ?|    ?|       no|
    +---------+---------+----------+----------+-----+-----+---------+

    + Detail: 
        * Instance: 
        N/A

        * Loop: 
        +-------------------+---------+---------+----------+-----------+-----------+------+----------+
        |                   |  Latency (cycles) | Iteration|  Initiation Interval  | Trip |          |
        |     Loop Name     |   min   |   max   |  Latency |  achieved |   target  | Count| Pipelined|
        +-------------------+---------+---------+----------+-----------+-----------+------+----------+
        |- VITIS_LOOP_43_1  |        ?|        ?|        71|          1|          1|     ?|       yes|
        +-------------------+---------+---------+----------+-----------+-----------+------+----------+



================================================================
== Utilization Estimates
================================================================
* Summary: 
+-----------------+---------+------+---------+--------+-----+
|       Name      | BRAM_18K|  DSP |    FF   |   LUT  | URAM|
+-----------------+---------+------+---------+--------+-----+
|DSP              |        -|     -|        -|       -|    -|
|Expression       |        -|     -|        0|     180|    -|
|FIFO             |        -|     -|        -|       -|    -|
|Instance         |        2|     -|      840|     974|    0|
|Memory           |        -|     -|        -|       -|    -|
|Multiplexer      |        -|     -|        -|      45|    -|
|Register         |        -|     -|      273|      10|    -|
+-----------------+---------+------+---------+--------+-----+
|Total            |        2|     0|     1113|    1209|    0|
+-----------------+---------+------+---------+--------+-----+
|Available        |     1934|  1968|  1799680|  899840|  463|
+-----------------+---------+------+---------+--------+-----+
|Utilization (%)  |       ~0|     0|       ~0|      ~0|    0|
+-----------------+---------+------+---------+--------+-----+

+ Detail: 
    * Instance: 
    +-----------------+---------------+---------+----+-----+-----+-----+
    |     Instance    |     Module    | BRAM_18K| DSP|  FF | LUT | URAM|
    +-----------------+---------------+---------+----+-----+-----+-----+
    |control_s_axi_U  |control_s_axi  |        0|   0|  144|  232|    0|
    |gmem1_m_axi_U    |gmem1_m_axi    |        2|   0|  696|  742|    0|
    +-----------------+---------------+---------+----+-----+-----+-----+
    |Total            |               |        2|   0|  840|  974|    0|
    +-----------------+---------------+---------+----+-----+-----+-----+

    * DSP: 
    N/A

    * Memory: 
    N/A

    * FIFO: 
    N/A

    * Expression: 
    +------------------------------------+----------+----+---+----+------------+------------+
    |            Variable Name           | Operation| DSP| FF| LUT| Bitwidth P0| Bitwidth P1|
    +------------------------------------+----------+----+---+----+------------+------------+
    |add_ln43_fu_199_p2                  |         +|   0|  0|  32|          32|           1|
    |ap_block_state2_pp0_stage0_iter0    |       and|   0|  0|   2|           1|           1|
    |ap_block_state3_io                  |       and|   0|  0|   2|           1|           1|
    |ap_block_state72_pp0_stage0_iter70  |       and|   0|  0|   2|           1|           1|
    |ap_ext_blocking_cur_n               |       and|   0|  0|   2|           1|           1|
    |ap_ext_blocking_n                   |       and|   0|  0|   2|           1|           2|
    |ap_int_blocking_n                   |       and|   0|  0|   2|           2|           2|
    |ap_str_blocking_cur_n               |       and|   0|  0|   2|           1|           0|
    |ap_str_blocking_n                   |       and|   0|  0|   2|           1|           2|
    |icmp_ln43_1_fu_194_p2               |      icmp|   0|  0|  32|          32|          32|
    |icmp_ln43_2_fu_209_p2               |      icmp|   0|  0|  32|          32|          32|
    |icmp_ln43_fu_144_p2                 |      icmp|   0|  0|  32|          32|           1|
    |ap_block_pp0_stage0_01001           |        or|   0|  0|   2|           1|           1|
    |ap_block_pp0_stage0_11001           |        or|   0|  0|   2|           1|           1|
    |ap_block_state1                     |        or|   0|  0|   2|           1|           1|
    |empty_fu_170_p3                     |    select|   0|  0|  26|           1|          31|
    |ap_enable_pp0                       |       xor|   0|  0|   2|           1|           2|
    |ap_enable_reg_pp0_iter1             |       xor|   0|  0|   2|           2|           1|
    +------------------------------------+----------+----+---+----+------------+------------+
    |Total                               |          |   0|  0| 180|         144|         113|
    +------------------------------------+----------+----+---+----+------------+------------+

    * Multiplexer: 
    +--------------------------+----+-----------+-----+-----------+
    |           Name           | LUT| Input Size| Bits| Total Bits|
    +--------------------------+----+-----------+-----+-----------+
    |ap_NS_fsm                 |   2|          4|    1|          4|
    |ap_done                   |   2|          2|    1|          2|
    |ap_enable_reg_pp0_iter1   |   2|          2|    1|          2|
    |ap_enable_reg_pp0_iter70  |   2|          2|    1|          2|
    |gmem1_blk_n_AW            |   2|          2|    1|          2|
    |gmem1_blk_n_B             |   2|          2|    1|          2|
    |gmem1_blk_n_W             |   2|          2|    1|          2|
    |i_fu_90                   |  29|          2|   31|         62|
    |input_stream_TDATA_blk_n  |   2|          2|    1|          2|
    +--------------------------+----+-----------+-----+-----------+
    |Total                     |  45|         20|   39|         80|
    +--------------------------+----+-----------+-----+-----------+

    * Register: 
    +--------------------------+----+----+-----+-----------+
    |           Name           | FF | LUT| Bits| Const Bits|
    +--------------------------+----+----+-----+-----------+
    |ap_CS_fsm                 |   3|   0|    3|          0|
    |ap_done_reg               |   1|   0|    1|          0|
    |ap_enable_reg_pp0_iter0   |   1|   0|    1|          0|
    |ap_enable_reg_pp0_iter1   |   1|   0|    1|          0|
    |ap_enable_reg_pp0_iter10  |   1|   0|    1|          0|
    |ap_enable_reg_pp0_iter11  |   1|   0|    1|          0|
    |ap_enable_reg_pp0_iter12  |   1|   0|    1|          0|
    |ap_enable_reg_pp0_iter13  |   1|   0|    1|          0|
    |ap_enable_reg_pp0_iter14  |   1|   0|    1|          0|
    |ap_enable_reg_pp0_iter15  |   1|   0|    1|          0|
    |ap_enable_reg_pp0_iter16  |   1|   0|    1|          0|
    |ap_enable_reg_pp0_iter17  |   1|   0|    1|          0|
    |ap_enable_reg_pp0_iter18  |   1|   0|    1|          0|
    |ap_enable_reg_pp0_iter19  |   1|   0|    1|          0|
    |ap_enable_reg_pp0_iter2   |   1|   0|    1|          0|
    |ap_enable_reg_pp0_iter20  |   1|   0|    1|          0|
    |ap_enable_reg_pp0_iter21  |   1|   0|    1|          0|
    |ap_enable_reg_pp0_iter22  |   1|   0|    1|          0|
    |ap_enable_reg_pp0_iter23  |   1|   0|    1|          0|
    |ap_enable_reg_pp0_iter24  |   1|   0|    1|          0|
    |ap_enable_reg_pp0_iter25  |   1|   0|    1|          0|
    |ap_enable_reg_pp0_iter26  |   1|   0|    1|          0|
    |ap_enable_reg_pp0_iter27  |   1|   0|    1|          0|
    |ap_enable_reg_pp0_iter28  |   1|   0|    1|          0|
    |ap_enable_reg_pp0_iter29  |   1|   0|    1|          0|
    |ap_enable_reg_pp0_iter3   |   1|   0|    1|          0|
    |ap_enable_reg_pp0_iter30  |   1|   0|    1|          0|
    |ap_enable_reg_pp0_iter31  |   1|   0|    1|          0|
    |ap_enable_reg_pp0_iter32  |   1|   0|    1|          0|
    |ap_enable_reg_pp0_iter33  |   1|   0|    1|          0|
    |ap_enable_reg_pp0_iter34  |   1|   0|    1|          0|
    |ap_enable_reg_pp0_iter35  |   1|   0|    1|          0|
    |ap_enable_reg_pp0_iter36  |   1|   0|    1|          0|
    |ap_enable_reg_pp0_iter37  |   1|   0|    1|          0|
    |ap_enable_reg_pp0_iter38  |   1|   0|    1|          0|
    |ap_enable_reg_pp0_iter39  |   1|   0|    1|          0|
    |ap_enable_reg_pp0_iter4   |   1|   0|    1|          0|
    |ap_enable_reg_pp0_iter40  |   1|   0|    1|          0|
    |ap_enable_reg_pp0_iter41  |   1|   0|    1|          0|
    |ap_enable_reg_pp0_iter42  |   1|   0|    1|          0|
    |ap_enable_reg_pp0_iter43  |   1|   0|    1|          0|
    |ap_enable_reg_pp0_iter44  |   1|   0|    1|          0|
    |ap_enable_reg_pp0_iter45  |   1|   0|    1|          0|
    |ap_enable_reg_pp0_iter46  |   1|   0|    1|          0|
    |ap_enable_reg_pp0_iter47  |   1|   0|    1|          0|
    |ap_enable_reg_pp0_iter48  |   1|   0|    1|          0|
    |ap_enable_reg_pp0_iter49  |   1|   0|    1|          0|
    |ap_enable_reg_pp0_iter5   |   1|   0|    1|          0|
    |ap_enable_reg_pp0_iter50  |   1|   0|    1|          0|
    |ap_enable_reg_pp0_iter51  |   1|   0|    1|          0|
    |ap_enable_reg_pp0_iter52  |   1|   0|    1|          0|
    |ap_enable_reg_pp0_iter53  |   1|   0|    1|          0|
    |ap_enable_reg_pp0_iter54  |   1|   0|    1|          0|
    |ap_enable_reg_pp0_iter55  |   1|   0|    1|          0|
    |ap_enable_reg_pp0_iter56  |   1|   0|    1|          0|
    |ap_enable_reg_pp0_iter57  |   1|   0|    1|          0|
    |ap_enable_reg_pp0_iter58  |   1|   0|    1|          0|
    |ap_enable_reg_pp0_iter59  |   1|   0|    1|          0|
    |ap_enable_reg_pp0_iter6   |   1|   0|    1|          0|
    |ap_enable_reg_pp0_iter60  |   1|   0|    1|          0|
    |ap_enable_reg_pp0_iter61  |   1|   0|    1|          0|
    |ap_enable_reg_pp0_iter62  |   1|   0|    1|          0|
    |ap_enable_reg_pp0_iter63  |   1|   0|    1|          0|
    |ap_enable_reg_pp0_iter64  |   1|   0|    1|          0|
    |ap_enable_reg_pp0_iter65  |   1|   0|    1|          0|
    |ap_enable_reg_pp0_iter66  |   1|   0|    1|          0|
    |ap_enable_reg_pp0_iter67  |   1|   0|    1|          0|
    |ap_enable_reg_pp0_iter68  |   1|   0|    1|          0|
    |ap_enable_reg_pp0_iter69  |   1|   0|    1|          0|
    |ap_enable_reg_pp0_iter7   |   1|   0|    1|          0|
    |ap_enable_reg_pp0_iter70  |   1|   0|    1|          0|
    |ap_enable_reg_pp0_iter8   |   1|   0|    1|          0|
    |ap_enable_reg_pp0_iter9   |   1|   0|    1|          0|
    |ap_ext_blocking_n_reg     |   1|   0|    1|          0|
    |ap_int_blocking_n_reg     |   0|   0|    1|          1|
    |ap_rst_n_inv              |   1|   0|    1|          0|
    |ap_rst_reg_1              |   1|   0|    1|          0|
    |ap_rst_reg_2              |   1|   0|    1|          0|
    |ap_str_blocking_n_reg     |   1|   0|    1|          0|
    |first_iter_0_reg_127      |   1|   0|    1|          0|
    |gmem1_addr_reg_232        |  64|   0|   64|          0|
    |i_fu_90                   |  31|   0|   31|          0|
    |icmp_ln43_1_reg_243       |   1|   0|    1|          0|
    |icmp_ln43_2_reg_252       |   1|   0|    1|          0|
    |x_reg_247                 |  32|   0|   32|          0|
    |x_reg_247_pp0_iter1_reg   |  32|   0|   32|          0|
    |zext_ln43_reg_238         |  31|   0|   32|          1|
    |icmp_ln43_2_reg_252       |   0|  10|    1|          0|
    +--------------------------+----+----+-----+-----------+
    |Total                     | 273|  10|  276|          2|
    +--------------------------+----+----+-----+-----------+



================================================================
== Interface
================================================================
* Summary: 
+-----------------------+-----+-----+---------------+--------------+--------------+
|       RTL Ports       | Dir | Bits|    Protocol   | Source Object|    C Type    |
+-----------------------+-----+-----+---------------+--------------+--------------+
|s_axi_control_AWVALID  |   in|    1|          s_axi|       control|        scalar|
|s_axi_control_AWREADY  |  out|    1|          s_axi|       control|        scalar|
|s_axi_control_AWADDR   |   in|    6|          s_axi|       control|        scalar|
|s_axi_control_WVALID   |   in|    1|          s_axi|       control|        scalar|
|s_axi_control_WREADY   |  out|    1|          s_axi|       control|        scalar|
|s_axi_control_WDATA    |   in|   32|          s_axi|       control|        scalar|
|s_axi_control_WSTRB    |   in|    4|          s_axi|       control|        scalar|
|s_axi_control_ARVALID  |   in|    1|          s_axi|       control|        scalar|
|s_axi_control_ARREADY  |  out|    1|          s_axi|       control|        scalar|
|s_axi_control_ARADDR   |   in|    6|          s_axi|       control|        scalar|
|s_axi_control_RVALID   |  out|    1|          s_axi|       control|        scalar|
|s_axi_control_RREADY   |   in|    1|          s_axi|       control|        scalar|
|s_axi_control_RDATA    |  out|   32|          s_axi|       control|        scalar|
|s_axi_control_RRESP    |  out|    2|          s_axi|       control|        scalar|
|s_axi_control_BVALID   |  out|    1|          s_axi|       control|        scalar|
|s_axi_control_BREADY   |   in|    1|          s_axi|       control|        scalar|
|s_axi_control_BRESP    |  out|    2|          s_axi|       control|        scalar|
|ap_clk                 |   in|    1|  ap_ctrl_chain|          s2mm|  return value|
|ap_rst_n               |   in|    1|  ap_ctrl_chain|          s2mm|  return value|
|event_done             |  out|    1|  ap_ctrl_chain|          s2mm|  return value|
|interrupt              |  out|    1|  ap_ctrl_chain|          s2mm|  return value|
|event_start            |  out|    1|  ap_ctrl_chain|          s2mm|  return value|
|stall_start_ext        |  out|    1|  ap_ctrl_chain|          s2mm|  return value|
|stall_done_ext         |  out|    1|  ap_ctrl_chain|          s2mm|  return value|
|stall_start_str        |  out|    1|  ap_ctrl_chain|          s2mm|  return value|
|stall_done_str         |  out|    1|  ap_ctrl_chain|          s2mm|  return value|
|stall_start_int        |  out|    1|  ap_ctrl_chain|          s2mm|  return value|
|stall_done_int         |  out|    1|  ap_ctrl_chain|          s2mm|  return value|
|m_axi_gmem1_AWVALID    |  out|    1|          m_axi|         gmem1|       pointer|
|m_axi_gmem1_AWREADY    |   in|    1|          m_axi|         gmem1|       pointer|
|m_axi_gmem1_AWADDR     |  out|   64|          m_axi|         gmem1|       pointer|
|m_axi_gmem1_AWID       |  out|    1|          m_axi|         gmem1|       pointer|
|m_axi_gmem1_AWLEN      |  out|    8|          m_axi|         gmem1|       pointer|
|m_axi_gmem1_AWSIZE     |  out|    3|          m_axi|         gmem1|       pointer|
|m_axi_gmem1_AWBURST    |  out|    2|          m_axi|         gmem1|       pointer|
|m_axi_gmem1_AWLOCK     |  out|    2|          m_axi|         gmem1|       pointer|
|m_axi_gmem1_AWCACHE    |  out|    4|          m_axi|         gmem1|       pointer|
|m_axi_gmem1_AWPROT     |  out|    3|          m_axi|         gmem1|       pointer|
|m_axi_gmem1_AWQOS      |  out|    4|          m_axi|         gmem1|       pointer|
|m_axi_gmem1_AWREGION   |  out|    4|          m_axi|         gmem1|       pointer|
|m_axi_gmem1_AWUSER     |  out|    1|          m_axi|         gmem1|       pointer|
|m_axi_gmem1_WVALID     |  out|    1|          m_axi|         gmem1|       pointer|
|m_axi_gmem1_WREADY     |   in|    1|          m_axi|         gmem1|       pointer|
|m_axi_gmem1_WDATA      |  out|   32|          m_axi|         gmem1|       pointer|
|m_axi_gmem1_WSTRB      |  out|    4|          m_axi|         gmem1|       pointer|
|m_axi_gmem1_WLAST      |  out|    1|          m_axi|         gmem1|       pointer|
|m_axi_gmem1_WID        |  out|    1|          m_axi|         gmem1|       pointer|
|m_axi_gmem1_WUSER      |  out|    1|          m_axi|         gmem1|       pointer|
|m_axi_gmem1_ARVALID    |  out|    1|          m_axi|         gmem1|       pointer|
|m_axi_gmem1_ARREADY    |   in|    1|          m_axi|         gmem1|       pointer|
|m_axi_gmem1_ARADDR     |  out|   64|          m_axi|         gmem1|       pointer|
|m_axi_gmem1_ARID       |  out|    1|          m_axi|         gmem1|       pointer|
|m_axi_gmem1_ARLEN      |  out|    8|          m_axi|         gmem1|       pointer|
|m_axi_gmem1_ARSIZE     |  out|    3|          m_axi|         gmem1|       pointer|
|m_axi_gmem1_ARBURST    |  out|    2|          m_axi|         gmem1|       pointer|
|m_axi_gmem1_ARLOCK     |  out|    2|          m_axi|         gmem1|       pointer|
|m_axi_gmem1_ARCACHE    |  out|    4|          m_axi|         gmem1|       pointer|
|m_axi_gmem1_ARPROT     |  out|    3|          m_axi|         gmem1|       pointer|
|m_axi_gmem1_ARQOS      |  out|    4|          m_axi|         gmem1|       pointer|
|m_axi_gmem1_ARREGION   |  out|    4|          m_axi|         gmem1|       pointer|
|m_axi_gmem1_ARUSER     |  out|    1|          m_axi|         gmem1|       pointer|
|m_axi_gmem1_RVALID     |   in|    1|          m_axi|         gmem1|       pointer|
|m_axi_gmem1_RREADY     |  out|    1|          m_axi|         gmem1|       pointer|
|m_axi_gmem1_RDATA      |   in|   32|          m_axi|         gmem1|       pointer|
|m_axi_gmem1_RLAST      |   in|    1|          m_axi|         gmem1|       pointer|
|m_axi_gmem1_RID        |   in|    1|          m_axi|         gmem1|       pointer|
|m_axi_gmem1_RUSER      |   in|    1|          m_axi|         gmem1|       pointer|
|m_axi_gmem1_RRESP      |   in|    2|          m_axi|         gmem1|       pointer|
|m_axi_gmem1_BVALID     |   in|    1|          m_axi|         gmem1|       pointer|
|m_axi_gmem1_BREADY     |  out|    1|          m_axi|         gmem1|       pointer|
|m_axi_gmem1_BRESP      |   in|    2|          m_axi|         gmem1|       pointer|
|m_axi_gmem1_BID        |   in|    1|          m_axi|         gmem1|       pointer|
|m_axi_gmem1_BUSER      |   in|    1|          m_axi|         gmem1|       pointer|
|input_stream_TDATA     |   in|   32|           axis|  input_stream|       pointer|
|input_stream_TVALID    |   in|    1|           axis|  input_stream|       pointer|
|input_stream_TREADY    |  out|    1|           axis|  input_stream|       pointer|
+-----------------------+-----+-----+---------------+--------------+--------------+

